reinstalling python pkg from ~/w/r3/python (was /home/ubuntu/w/bisect/python/ctranslate2/__init__.py; python diff: none)
ctranslate2.__file__ = /home/ubuntu/w/r3/python/ctranslate2/__init__.py
lib: Sep 26 13:32 /home/ubuntu/w/r3/install/lib/libctranslate2.so.4.8.2
probe start 14:20:02
# tip_large large-v3 float16 cold: median 340.32 ms IQR 1.74 ntok 23
# tip_large large-v3 float16 poisoned: median 339.38 ms IQR 0.9 ntok 23
{"label": "tip_large", "model": "large-v3", "ctype": "float16", "file": "/home/ubuntu/w/r3/python/ctranslate2/__init__.py", "version": "4.8.2", "n_windows": 9, "pool_threshold_env": null, "flash": 1, "cold": {"median_ms": 340.32, "iqr_ms": 1.74, "q1": 339.57, "q3": 341.3, "min_ms": 338.76, "ntok": 23, "tok_ids": [441, 4299, 3017, 6999, 25711, 13, 6163, 314, 11728, 848, 11, 440, 1523, 295, 1516, 307, 295, 11707, 7379, 281, 264, 4533, 13], "all_ms": [342.54, 341.25, 340.43, 341.3, 341.31, 340.32, 339.52, 338.76, 339.62, 339.64, 339.57], "pool": {"thr": 0, "reserved_cur_mb": 3776.0, "reserved_high_mb": 4192.0, "used_high_mb": 4132.6}}, "poisoned": {"median_ms": 339.38, "iqr_ms": 0.9, "q1": 338.62, "q3": 339.52, "min_ms": 338.38, "ntok": 23, "tok_ids": [441, 4299, 3017, 6999, 25711, 13, 6163, 314, 11728, 848, 11, 440, 1523, 295, 1516, 307, 295, 11707, 7379, 281, 264, 4533, 13], "all_ms": [339.41, 338.62, 338.77, 339.45, 338.66, 339.38, 339.52, 339.53, 338.58, 338.38, 339.55], "pool": {"thr": 0, "reserved_cur_mb": 3776.0, "reserved_high_mb": 11872.0, "used_high_mb": 11577.6}}}
probe done 14:20:21
ctranslate2.__file__ = /home/ubuntu/w/r3/python/ctranslate2/__init__.py
lib: Sep 26 13:32 /home/ubuntu/w/r3/install/lib/libctranslate2.so.4.8.2
probe start 14:20:21
# pool release threshold -> 18446744073709551615 rc=0 readback=18446744073709551615
# tip_thrMAX_small small float16 cold: median 55.79 ms IQR 0.05 ntok 16 wtotal 1122.99
# tip_thrMAX_small small float16 poisoned: median 55.84 ms IQR 0.12 ntok 16 wtotal 1123.6
{"label": "tip_thrMAX_small", "model": "small", "ctype": "float16", "file": "/home/ubuntu/w/r3/python/ctranslate2/__init__.py", "version": "4.8.2", "n_windows": 9, "pool_threshold_env": "18446744073709551615", "flash": 1, "cold": {"median_ms": 55.79, "iqr_ms": 0.05, "q1": 55.77, "q3": 55.82, "min_ms": 55.7, "ntok": 16, "tok_ids": [6163, 314, 11728, 848, 264, 1523, 295, 1516, 307, 295, 11707, 7379, 281, 264, 1785, 13], "all_ms": [55.78, 55.84, 55.79, 55.9, 55.82, 55.8, 55.7, 55.78, 55.77, 55.8, 55.73], "per_window_ms": [55.75, 30.47, 187.63, 228.29, 58.26, 30.4, 184.99, 182.56, 164.64], "per_window_total_ms": 1122.99, "per_window_ntok": [16, 6, 67, 84, 17, 6, 67, 66, 59], "per_window_tok_ids": [[6163, 314, 11728, 848, 264, 1523, 295, 1516, 307, 295, 11707, 7379, 281, 264, 1785, 13], [467, 307, 257, 1871, 295, 993], [440, 9723, 2101, 7700, 264, 561, 281, 312, 294, 3566, 18640, 365, 641, 19661, 11, 370, 300, 436, 486, 1524, 796, 10060, 295, 641, 2909, 11, 674, 1434, 47315, 538, 604, 4330, 13, 13676, 1465, 11221, 1818, 293, 786, 11, 3554, 293, 3738, 11, 1413, 293, 15050, 13, 4755, 16802, 3598, 22182, 11, 869, 293, 1359, 11, 4330, 293, 3825, 11, 1269, 2727, 293, 9432, 11335, 11], [264, 10486, 295, 993, 293, 2966, 13, 440, 17885, 7382, 337, 264, 41106, 295, 10712, 11, 44040, 11, 48567, 655, 11, 9892, 293, 10910, 1287, 13, 3146, 3170, 293, 13635, 366, 281, 312, 7320, 264, 21653, 24021, 295, 264, 7267, 294, 1080, 2296, 45331, 4252, 11, 264, 4138, 763, 295, 6181, 3654, 264, 9199, 11, 264, 11258, 295, 11344, 538, 597, 11768, 815, 2524, 264, 7267, 11, 293, 264, 1969, 295, 4632, 40377, 13, 1981, 1732, 8050, 820, 312, 4963, 281, 633, 2674, 11], [502, 13, 3013, 295, 264, 732, 28756, 82, 307, 566, 65, 5827, 365, 264, 9723, 2101, 30], [13635, 881, 42191, 5098, 40953, 13], [6996, 300, 415, 809, 694, 406, 281, 452, 10351, 6051, 10672, 3564, 309, 486, 9753, 11785, 13, 961, 1270, 257, 472, 312, 29970, 13, 3987, 415, 9794, 264, 7475, 295, 452, 10351, 11, 2327, 1803, 611, 295, 604, 4961, 9121, 670, 293, 4399, 264, 10547, 4474, 13, 7328, 382, 9121, 366, 29557, 11, 472, 820, 16927, 472, 311, 5482, 13, 1057, 24490, 307, 2361, 322, 40451, 13], [400, 370, 452, 7177, 6280, 11, 1029, 406, 437, 428, 1941, 393, 360, 337, 291, 13, 12320, 437, 291, 393, 360, 337, 428, 1941, 13, 400, 370, 452, 7177, 6280, 11, 1029, 406, 437, 428, 1941, 393, 360, 337, 291, 13, 12320, 437, 291, 393, 360, 337, 428, 1941, 13, 400, 370, 452, 7177, 6280, 11, 1029, 406, 437, 428, 1941, 393, 360, 337, 291, 13], [12320, 437, 291, 393, 360, 337, 428, 1941, 13, 400, 370, 452, 7177, 6280, 11, 1029, 406, 437, 428, 1941, 393, 360, 337, 291, 13, 12320, 437, 291, 393, 360, 337, 428, 1941, 13, 400, 370, 452, 7177, 6280, 11, 1029, 406, 437, 428, 1941, 393, 360, 337, 291, 13, 12320, 437, 291, 393, 360, 337, 428, 1941, 13]], "pool": {"thr": 18446744073709551615, "reserved_cur_mb": 832.0, "reserved_high_mb": 832.0, "used_high_mb": 784.8}}, "poisoned": {"median_ms": 55.84, "iqr_ms": 0.12, "q1": 55.78, "q3": 55.9, "min_ms": 55.74, "ntok": 16, "tok_ids": [6163, 314, 11728, 848, 264, 1523, 295, 1516, 307, 295, 11707, 7379, 281, 264, 1785, 13], "all_ms": [55.8, 55.8, 55.95, 55.84, 55.92, 55.74, 55.87, 55.77, 55.9, 55.78, 55.88], "per_window_ms": [55.84, 30.49, 187.67, 228.47, 58.32, 30.39, 184.99, 182.47, 164.96], "per_window_total_ms": 1123.6, "per_window_ntok": [16, 6, 67, 84, 17, 6, 67, 66, 59], "per_window_tok_ids": [[6163, 314, 11728, 848, 264, 1523, 295, 1516, 307, 295, 11707, 7379, 281, 264, 1785, 13], [467, 307, 257, 1871, 295, 993], [440, 9723, 2101, 7700, 264, 561, 281, 312, 294, 3566, 18640, 365, 641, 19661, 11, 370, 300, 436, 486, 1524, 796, 10060, 295, 641, 2909, 11, 674, 1434, 47315, 538, 604, 4330, 13, 13676, 1465, 11221, 1818, 293, 786, 11, 3554, 293, 3738, 11, 1413, 293, 15050, 13, 4755, 16802, 3598, 22182, 11, 869, 293, 1359, 11, 4330, 293, 3825, 11, 1269, 2727, 293, 9432, 11335, 11], [264, 10486, 295, 993, 293, 2966, 13, 440, 17885, 7382, 337, 264, 41106, 295, 10712, 11, 44040, 11, 48567, 655, 11, 9892, 293, 10910, 1287, 13, 3146, 3170, 293, 13635, 366, 281, 312, 7320, 264, 21653, 24021, 295, 264, 7267, 294, 1080, 2296, 45331, 4252, 11, 264, 4138, 763, 295, 6181, 3654, 264, 9199, 11, 264, 11258, 295, 11344, 538, 597, 11768, 815, 2524, 264, 7267, 11, 293, 264, 1969, 295, 4632, 40377, 13, 1981, 1732, 8050, 820, 312, 4963, 281, 633, 2674, 11], [502, 13, 3013, 295, 264, 732, 28756, 82, 307, 566, 65, 5827, 365, 264, 9723, 2101, 30], [13635, 881, 42191, 5098, 40953, 13], [6996, 300, 415, 809, 694, 406, 281, 452, 10351, 6051, 10672, 3564, 309, 486, 9753, 11785, 13, 961, 1270, 257, 472, 312, 29970, 13, 3987, 415, 9794, 264, 7475, 295, 452, 10351, 11, 2327, 1803, 611, 295, 604, 4961, 9121, 670, 293, 4399, 264, 10547, 4474, 13, 7328, 382, 9121, 366, 29557, 11, 472, 820, 16927, 472, 311, 5482, 13, 1057, 24490, 307, 2361, 322, 40451, 13], [400, 370, 452, 7177, 6280, 11, 1029, 406, 437, 428, 1941, 393, 360, 337, 291, 13, 12320, 437, 291, 393, 360, 337, 428, 1941, 13, 400, 370, 452, 7177, 6280, 11, 1029, 406, 437, 428, 1941, 393, 360, 337, 291, 13, 12320, 437, 291, 393, 360, 337, 428, 1941, 13, 400, 370, 452, 7177, 6280, 11, 1029, 406, 437, 428, 1941, 393, 360, 337, 291, 13], [12320, 437, 291, 393, 360, 337, 428, 1941, 13, 400, 370, 452, 7177, 6280, 11, 1029, 406, 437, 428, 1941, 393, 360, 337, 291, 13, 12320, 437, 291, 393, 360, 337, 428, 1941, 13, 400, 370, 452, 7177, 6280, 11, 1029, 406, 437, 428, 1941, 393, 360, 337, 291, 13, 12320, 437, 291, 393, 360, 337, 428, 1941, 13]], "pool": {"thr": 18446744073709551615, "reserved_cur_mb": 2688.0, "reserved_high_mb": 2688.0, "used_high_mb": 2530.3}}}
probe done 14:20:39
ctranslate2.__file__ = /home/ubuntu/w/r3/python/ctranslate2/__init__.py
lib: Sep 26 13:32 /home/ubuntu/w/r3/install/lib/libctranslate2.so.4.8.2
probe start 14:20:39
# pool release threshold -> 18446744073709551615 rc=0 readback=18446744073709551615
# tip_thrMAX_large large-v3 float16 cold: median 327.42 ms IQR 0.32 ntok 23
# tip_thrMAX_large large-v3 float16 poisoned: median 327.54 ms IQR 0.2 ntok 23
{"label": "tip_thrMAX_large", "model": "large-v3", "ctype": "float16", "file": "/home/ubuntu/w/r3/python/ctranslate2/__init__.py", "version": "4.8.2", "n_windows": 9, "pool_threshold_env": "18446744073709551615", "flash": 1, "cold": {"median_ms": 327.42, "iqr_ms": 0.32, "q1": 327.36, "q3": 327.68, "min_ms": 327.29, "ntok": 23, "tok_ids": [441, 4299, 3017, 6999, 25711, 13, 6163, 314, 11728, 848, 11, 440, 1523, 295, 1516, 307, 295, 11707, 7379, 281, 264, 4533, 13], "all_ms": [327.61, 327.94, 327.69, 327.68, 327.36, 327.37, 327.33, 327.53, 327.42, 327.37, 327.29], "pool": {"thr": 18446744073709551615, "reserved_cur_mb": 4192.0, "reserved_high_mb": 4192.0, "used_high_mb": 4132.6}}, "poisoned": {"median_ms": 327.54, "iqr_ms": 0.2, "q1": 327.4, "q3": 327.6, "min_ms": 327.34, "ntok": 23, "tok_ids": [441, 4299, 3017, 6999, 25711, 13, 6163, 314, 11728, 848, 11, 440, 1523, 295, 1516, 307, 295, 11707, 7379, 281, 264, 4533, 13], "all_ms": [327.62, 327.55, 327.76, 327.6, 327.4, 327.36, 327.54, 327.6, 327.46, 327.47, 327.34], "pool": {"thr": 18446744073709551615, "reserved_cur_mb": 11808.0, "reserved_high_mb": 11808.0, "used_high_mb": 11577.6}}}
probe done 14:20:57
ctranslate2.__file__ = /home/ubuntu/w/r3/python/ctranslate2/__init__.py
HEAD: 7a41c90b
tip small float16 ts=True b1 n=1: 167.5 ms, 167.5 ms/window, 84 tok
tip small float16 ts=True b1 n=8: 382.0 ms, 47.7 ms/window, 667 tok
tip small float16 ts=True b5 n=1: 249.4 ms, 249.4 ms/window, 84 tok
tip small float16 ts=True b5 n=8: 781.2 ms, 97.6 ms/window, 670 tok
tip small float16 ts=False b1 n=1: 24.3 ms, 24.3 ms/window, 5 tok
tip small float16 ts=False b1 n=8: 331.4 ms, 41.4 ms/window, 506 tok
tip small float16 ts=False b5 n=1: 68.4 ms, 68.4 ms/window, 16 tok
tip small float16 ts=False b5 n=8: 499.8 ms, 62.5 ms/window, 329 tok
tip small int8_float16 ts=True b1 n=1: 242.9 ms, 242.9 ms/window, 85 tok
tip small int8_float16 ts=True b1 n=8: 422.8 ms, 52.9 ms/window, 666 tok
tip small int8_float16 ts=True b5 n=1: 261.4 ms, 261.4 ms/window, 84 tok
tip small int8_float16 ts=True b5 n=8: 886.6 ms, 110.8 ms/window, 676 tok
tip small int8_float16 ts=False b1 n=1: 30.2 ms, 30.2 ms/window, 5 tok
tip small int8_float16 ts=False b1 n=8: 370.7 ms, 46.3 ms/window, 508 tok
tip small int8_float16 ts=False b5 n=1: 86.9 ms, 86.9 ms/window, 21 tok
tip small int8_float16 ts=False b5 n=8: 598.8 ms, 74.9 ms/window, 386 tok
wrote /opt/real/r6/bbq_tip.json 16
