========= COMPUTE-SANITIZER
ctranslate2.__file__ = /home/ubuntu/w/r3/python/ctranslate2/__init__.py  lib = /home/ubuntu/w/r3/install/lib/libctranslate2.so.4.8.2
[2026-09-26 17:59:47.368] [ctranslate2] [thread 60128] [info] CPU: AuthenticAMD (SSE4.1=true, AVX=true, AVX2=true, AVX512=false)
[2026-09-26 17:59:47.368] [ctranslate2] [thread 60128] [info]  - Selected ISA: AVX2
[2026-09-26 17:59:47.368] [ctranslate2] [thread 60128] [info]  - Use Intel MKL: false
[2026-09-26 17:59:47.368] [ctranslate2] [thread 60128] [info]  - SGEMM backend: Ruy (packed: false)
[2026-09-26 17:59:47.368] [ctranslate2] [thread 60128] [info]  - GEMM_S16 backend: none (packed: false)
[2026-09-26 17:59:47.368] [ctranslate2] [thread 60128] [info]  - GEMM_S8 backend: Ruy (packed: false, u8s8 preferred: false)
[2026-09-26 17:59:47.368] [ctranslate2] [thread 60128] [info] GPU #0: NVIDIA A10G (CC=8.6)
[2026-09-26 17:59:47.368] [ctranslate2] [thread 60128] [info]  - Allow INT8: true
[2026-09-26 17:59:47.368] [ctranslate2] [thread 60128] [info]  - Allow FP16: true (with Tensor Cores: true)
[2026-09-26 17:59:47.368] [ctranslate2] [thread 60128] [info]  - Allow BF16: true
[2026-09-26 17:59:47.765] [ctranslate2] [thread 60128] [info] Using CUDA allocator: cuda_malloc_async
[2026-09-26 17:59:47.856] [ctranslate2] [thread 60128] [info] Loaded model /opt/models/faster-whisper-small on device cuda:0
[2026-09-26 17:59:47.856] [ctranslate2] [thread 60128] [info]  - Binary version: 6
[2026-09-26 17:59:47.856] [ctranslate2] [thread 60128] [info]  - Model specification revision: 3
[2026-09-26 17:59:47.856] [ctranslate2] [thread 60128] [info]  - Selected compute type: float16
BEGIN dense:1 decode 0
[2026-09-26 17:59:52.213] [ctranslate2] [thread 60146] [debug] CUDA graphs: captured step 5 into slot 0 (initial)
[2026-09-26 18:00:07.215] [ctranslate2] [thread 60146] [debug] CUDA graphs: tier 128 -> 192 at step 128 (from Ready, fast re-entry)
[2026-09-26 18:00:07.424] [ctranslate2] [thread 60146] [debug] CUDA graphs: captured step 129 into slot 0 (re-entry)
[2026-09-26 18:00:14.963] [ctranslate2] [thread 60146] [debug] CUDA graphs: tier 192 -> 256 at step 192 (from Ready, fast re-entry)
[2026-09-26 18:00:15.174] [ctranslate2] [thread 60146] [debug] CUDA graphs: captured step 193 into slot 0 (re-entry)
DECODE 0 ENTRY 0 (dense:1) P=2 NTOK 199 SCORE -0.14000466
TOKS [50364, 7451, 11, 264, 17885, 11, 1732, 11, 25285, 293, 4208, 19246, 533, 13, 50510, 50510, 440, 9723, 2101, 7700, 264, 561, 281, 312, 294, 3566, 18640, 50588, 50588, 365, 641, 19661, 370, 300, 436, 486, 1524, 796, 10060, 50662, 50662, 295, 641, 2909, 11, 674, 1434, 47315, 538, 604, 4330, 13, 50756, 50756, 13676, 1465, 11221, 1818, 293, 786, 11, 3554, 293, 3738, 11, 50854, 50854, 1413, 293, 15050, 13, 50922, 50922, 4755, 16802, 3598, 22182, 11, 869, 293, 1359, 11, 51016, 51016, 4330, 293, 3825, 11, 1269, 2727, 293, 9432, 11335, 11, 51122, 51122, 264, 10486, 295, 993, 293, 2966, 13, 51198, 51198, 440, 17885, 7382, 337, 264, 41106, 295, 10712, 11, 51266, 51266, 44040, 11, 48567, 655, 11, 9892, 293, 10910, 1287, 13, 51390, 51390, 3146, 25285, 293, 4208, 19246, 533, 366, 281, 312, 7320, 51446, 51446, 264, 21653, 24021, 295, 264, 7267, 294, 1080, 2296, 45331, 4252, 11, 51530, 51530, 264, 4138, 763, 295, 6181, 3654, 264, 9199, 11, 51601, 51601, 264, 11258, 295, 11344, 538, 597, 11768, 815, 2524, 51674, 51674, 264, 7267, 293, 264, 1969, 295, 4632, 40377, 13, 51772, 51772, 1981, 1732, 8050, 820, 312, 4963, 281, 633, 2674, 11, 51854, 51854]
[2026-09-26 18:00:17.657] [ctranslate2] [thread 60146] [debug] CUDA graphs: decode summary (steps=200, captures=3, replays=192, transitions=2, segment_replays=[122,62,8], tiers=[128->192@128,192->256@192], phase=Ready, disabled=none)
========= ERROR SUMMARY: 0 errors
