== post start 14:49:13 tree=r3 env: 
ctranslate2.__file__ = /home/ubuntu/w/r3/python/ctranslate2/__init__.py
-rw-r--r-- 1 ubuntu ubuntu 168229512 14:48 /home/ubuntu/w/r3/install/lib/libctranslate2.so.4.8.2
7a41c90b docs: record round-4 results
 M docs/environment_variables.md
 M src/cuda/allocator.cc
 M src/env.cc
 M src/env.h
 M tests/CMakeLists.txt
post_off small float16 ts=True b1 n=1: 164.3 ms, 164.3 ms/window, 84 tok
post_off small float16 ts=True b1 n=4: 291.4 ms, 72.9 ms/window, 336 tok
post_off small float16 ts=True b1 n=8: 455.7 ms, 57.0 ms/window, 667 tok
post_off small float16 ts=True b5 n=1: 216.1 ms, 216.1 ms/window, 84 tok
post_off small float16 ts=True b5 n=4: 363.8 ms, 90.9 ms/window, 347 tok
post_off small float16 ts=True b5 n=8: 565.9 ms, 70.7 ms/window, 672 tok
post_off small float16 ts=False b1 n=1: 35.2 ms, 35.2 ms/window, 5 tok
post_off small float16 ts=False b1 n=4: 270.1 ms, 67.5 ms/window, 249 tok
post_off small float16 ts=False b1 n=8: 411.7 ms, 51.5 ms/window, 506 tok
post_off small float16 ts=False b5 n=1: 60.0 ms, 60.0 ms/window, 16 tok
post_off small float16 ts=False b5 n=4: 294.5 ms, 73.6 ms/window, 173 tok
post_off small float16 ts=False b5 n=8: 431.8 ms, 54.0 ms/window, 329 tok
post_off small int8_float16 ts=True b1 n=1: 252.9 ms, 252.9 ms/window, 84 tok
post_off small int8_float16 ts=True b1 n=4: 392.6 ms, 98.1 ms/window, 355 tok
post_off small int8_float16 ts=True b1 n=8: 528.5 ms, 66.1 ms/window, 663 tok
post_off small int8_float16 ts=True b5 n=1: 284.3 ms, 284.3 ms/window, 84 tok
post_off small int8_float16 ts=True b5 n=4: 471.9 ms, 118.0 ms/window, 343 tok
post_off small int8_float16 ts=True b5 n=8: 667.1 ms, 83.4 ms/window, 673 tok
post_off small int8_float16 ts=False b1 n=1: 42.0 ms, 42.0 ms/window, 5 tok
post_off small int8_float16 ts=False b1 n=4: 337.5 ms, 84.4 ms/window, 187 tok
post_off small int8_float16 ts=False b1 n=8: 449.9 ms, 56.2 ms/window, 492 tok
post_off small int8_float16 ts=False b5 n=1: 78.9 ms, 78.9 ms/window, 17 tok
post_off small int8_float16 ts=False b5 n=4: 372.4 ms, 93.1 ms/window, 178 tok
post_off small int8_float16 ts=False b5 n=8: 514.9 ms, 64.4 ms/window, 358 tok
post_off large-v3 float16 ts=True b1 n=1: 202.3 ms, 202.3 ms/window, 11 tok
post_off large-v3 float16 ts=True b1 n=4: 1207.0 ms, 301.7 ms/window, 252 tok
post_off large-v3 float16 ts=True b1 n=8: 1916.7 ms, 239.6 ms/window, 568 tok
post_off large-v3 float16 ts=True b5 n=1: 406.2 ms, 406.2 ms/window, 35 tok
post_off large-v3 float16 ts=True b5 n=4: 1379.3 ms, 344.8 ms/window, 276 tok
post_off large-v3 float16 ts=True b5 n=8: 2253.0 ms, 281.6 ms/window, 592 tok
post_off large-v3 float16 ts=False b1 n=1: 292.5 ms, 292.5 ms/window, 26 tok
post_off large-v3 float16 ts=False b1 n=4: 1165.3 ms, 291.3 ms/window, 255 tok
post_off large-v3 float16 ts=False b1 n=8: 1834.6 ms, 229.3 ms/window, 555 tok
post_off large-v3 float16 ts=False b5 n=1: 325.5 ms, 325.5 ms/window, 23 tok
post_off large-v3 float16 ts=False b5 n=4: 1298.6 ms, 324.6 ms/window, 236 tok
post_off large-v3 float16 ts=False b5 n=8: 2091.5 ms, 261.4 ms/window, 515 tok
post_off large-v3 int8_float16 ts=True b1 n=1: 211.6 ms, 211.6 ms/window, 11 tok
post_off large-v3 int8_float16 ts=True b1 n=4: 1214.0 ms, 303.5 ms/window, 252 tok
post_off large-v3 int8_float16 ts=True b1 n=8: 1932.7 ms, 241.6 ms/window, 573 tok
post_off large-v3 int8_float16 ts=True b5 n=1: 454.1 ms, 454.1 ms/window, 41 tok
post_off large-v3 int8_float16 ts=True b5 n=4: 1476.3 ms, 369.1 ms/window, 252 tok
post_off large-v3 int8_float16 ts=True b5 n=8: 2387.5 ms, 298.4 ms/window, 592 tok
post_off large-v3 int8_float16 ts=False b1 n=1: 311.5 ms, 311.5 ms/window, 26 tok
post_off large-v3 int8_float16 ts=False b1 n=4: 1175.0 ms, 293.7 ms/window, 255 tok
post_off large-v3 int8_float16 ts=False b1 n=8: 1841.1 ms, 230.1 ms/window, 557 tok
post_off large-v3 int8_float16 ts=False b5 n=1: 325.0 ms, 325.0 ms/window, 25 tok
post_off large-v3 int8_float16 ts=False b5 n=4: 1417.2 ms, 354.3 ms/window, 237 tok
post_off large-v3 int8_float16 ts=False b5 n=8: 2209.9 ms, 276.2 ms/window, 516 tok
wrote /opt/real/r6/post_off.json 48
== post off done 14:54:58
post_on small float16 ts=True b1 n=1: 167.0 ms, 167.0 ms/window, 84 tok
post_on small float16 ts=True b1 n=4: 259.4 ms, 64.8 ms/window, 336 tok
post_on small float16 ts=True b1 n=8: 381.1 ms, 47.6 ms/window, 667 tok
post_on small float16 ts=True b5 n=1: 248.5 ms, 248.5 ms/window, 84 tok
post_on small float16 ts=True b5 n=4: 477.5 ms, 119.4 ms/window, 347 tok
post_on small float16 ts=True b5 n=8: 782.1 ms, 97.8 ms/window, 670 tok
post_on small float16 ts=False b1 n=1: 23.8 ms, 23.8 ms/window, 5 tok
post_on small float16 ts=False b1 n=4: 233.6 ms, 58.4 ms/window, 249 tok
post_on small float16 ts=False b1 n=8: 331.1 ms, 41.4 ms/window, 506 tok
post_on small float16 ts=False b5 n=1: 57.6 ms, 57.6 ms/window, 16 tok
post_on small float16 ts=False b5 n=4: 336.0 ms, 84.0 ms/window, 173 tok
post_on small float16 ts=False b5 n=8: 499.2 ms, 62.4 ms/window, 329 tok
post_on small int8_float16 ts=True b1 n=1: 235.8 ms, 235.8 ms/window, 85 tok
post_on small int8_float16 ts=True b1 n=4: 336.5 ms, 84.1 ms/window, 335 tok
post_on small int8_float16 ts=True b1 n=8: 419.2 ms, 52.4 ms/window, 666 tok
post_on small int8_float16 ts=True b5 n=1: 259.2 ms, 259.2 ms/window, 84 tok
post_on small int8_float16 ts=True b5 n=4: 567.3 ms, 141.8 ms/window, 353 tok
post_on small int8_float16 ts=True b5 n=8: 885.5 ms, 110.7 ms/window, 676 tok
post_on small int8_float16 ts=False b1 n=1: 29.6 ms, 29.6 ms/window, 5 tok
post_on small int8_float16 ts=False b1 n=4: 282.4 ms, 70.6 ms/window, 249 tok
post_on small int8_float16 ts=False b1 n=8: 369.4 ms, 46.2 ms/window, 508 tok
post_on small int8_float16 ts=False b5 n=1: 77.2 ms, 77.2 ms/window, 21 tok
post_on small int8_float16 ts=False b5 n=4: 454.3 ms, 113.6 ms/window, 262 tok
post_on small int8_float16 ts=False b5 n=8: 598.4 ms, 74.8 ms/window, 386 tok
post_on large-v3 float16 ts=True b1 n=1: 152.7 ms, 152.7 ms/window, 11 tok
post_on large-v3 float16 ts=True b1 n=4: 1033.6 ms, 258.4 ms/window, 252 tok
post_on large-v3 float16 ts=True b1 n=8: 1559.4 ms, 194.9 ms/window, 568 tok
post_on large-v3 float16 ts=True b5 n=1: 441.6 ms, 441.6 ms/window, 35 tok
post_on large-v3 float16 ts=True b5 n=4: 1757.1 ms, 439.3 ms/window, 276 tok
post_on large-v3 float16 ts=True b5 n=8: 3053.0 ms, 381.6 ms/window, 592 tok
post_on large-v3 float16 ts=False b1 n=1: 254.0 ms, 254.0 ms/window, 26 tok
post_on large-v3 float16 ts=False b1 n=4: 988.5 ms, 247.1 ms/window, 255 tok
post_on large-v3 float16 ts=False b1 n=8: 1466.3 ms, 183.3 ms/window, 555 tok
post_on large-v3 float16 ts=False b5 n=1: 341.0 ms, 341.0 ms/window, 23 tok
post_on large-v3 float16 ts=False b5 n=4: 1632.6 ms, 408.2 ms/window, 237 tok
post_on large-v3 float16 ts=False b5 n=8: 2808.3 ms, 351.0 ms/window, 515 tok
post_on large-v3 int8_float16 ts=True b1 n=1: 155.3 ms, 155.3 ms/window, 11 tok
post_on large-v3 int8_float16 ts=True b1 n=4: 1034.4 ms, 258.6 ms/window, 252 tok
post_on large-v3 int8_float16 ts=True b1 n=8: 1564.6 ms, 195.6 ms/window, 570 tok
post_on large-v3 int8_float16 ts=True b5 n=1: 441.9 ms, 441.9 ms/window, 35 tok
post_on large-v3 int8_float16 ts=True b5 n=4: 1863.6 ms, 465.9 ms/window, 276 tok
post_on large-v3 int8_float16 ts=True b5 n=8: 3175.9 ms, 397.0 ms/window, 593 tok
post_on large-v3 int8_float16 ts=False b1 n=1: 260.5 ms, 260.5 ms/window, 26 tok
post_on large-v3 int8_float16 ts=False b1 n=4: 984.9 ms, 246.2 ms/window, 255 tok
post_on large-v3 int8_float16 ts=False b1 n=8: 1470.9 ms, 183.9 ms/window, 555 tok
post_on large-v3 int8_float16 ts=False b5 n=1: 341.3 ms, 341.3 ms/window, 24 tok
post_on large-v3 int8_float16 ts=False b5 n=4: 1740.2 ms, 435.1 ms/window, 237 tok
post_on large-v3 int8_float16 ts=False b5 n=8: 2900.3 ms, 362.5 ms/window, 516 tok
wrote /opt/real/r6/post_on.json 48
== post on done 15:01:06
