== pre start 14:35:25 tree=r3 env: 
ctranslate2.__file__ = /home/ubuntu/w/r3/python/ctranslate2/__init__.py
-rw-r--r-- 1 ubuntu ubuntu 168219880 13:32 /home/ubuntu/w/r3/install/lib/libctranslate2.so.4.8.2
7a41c90b docs: record round-4 results
pre_off small float16 ts=True b1 n=1: 165.1 ms, 165.1 ms/window, 84 tok
pre_off small float16 ts=True b1 n=4: 291.6 ms, 72.9 ms/window, 336 tok
pre_off small float16 ts=True b1 n=8: 455.8 ms, 57.0 ms/window, 667 tok
pre_off small float16 ts=True b5 n=1: 217.0 ms, 217.0 ms/window, 84 tok
pre_off small float16 ts=True b5 n=4: 364.1 ms, 91.0 ms/window, 347 tok
pre_off small float16 ts=True b5 n=8: 566.6 ms, 70.8 ms/window, 672 tok
pre_off small float16 ts=False b1 n=1: 35.2 ms, 35.2 ms/window, 5 tok
pre_off small float16 ts=False b1 n=4: 270.3 ms, 67.6 ms/window, 249 tok
pre_off small float16 ts=False b1 n=8: 411.9 ms, 51.5 ms/window, 506 tok
pre_off small float16 ts=False b5 n=1: 60.9 ms, 60.9 ms/window, 16 tok
pre_off small float16 ts=False b5 n=4: 294.7 ms, 73.7 ms/window, 173 tok
pre_off small float16 ts=False b5 n=8: 432.1 ms, 54.0 ms/window, 329 tok
pre_off small int8_float16 ts=True b1 n=1: 266.7 ms, 266.7 ms/window, 84 tok
pre_off small int8_float16 ts=True b1 n=4: 408.1 ms, 102.0 ms/window, 355 tok
pre_off small int8_float16 ts=True b1 n=8: 530.9 ms, 66.4 ms/window, 663 tok
pre_off small int8_float16 ts=True b5 n=1: 286.2 ms, 286.2 ms/window, 84 tok
pre_off small int8_float16 ts=True b5 n=4: 471.6 ms, 117.9 ms/window, 343 tok
pre_off small int8_float16 ts=True b5 n=8: 666.8 ms, 83.4 ms/window, 673 tok
pre_off small int8_float16 ts=False b1 n=1: 42.4 ms, 42.4 ms/window, 5 tok
pre_off small int8_float16 ts=False b1 n=4: 342.2 ms, 85.6 ms/window, 187 tok
pre_off small int8_float16 ts=False b1 n=8: 453.6 ms, 56.7 ms/window, 492 tok
pre_off small int8_float16 ts=False b5 n=1: 80.6 ms, 80.6 ms/window, 17 tok
pre_off small int8_float16 ts=False b5 n=4: 377.6 ms, 94.4 ms/window, 178 tok
pre_off small int8_float16 ts=False b5 n=8: 515.0 ms, 64.4 ms/window, 358 tok
pre_off large-v3 float16 ts=True b1 n=1: 202.3 ms, 202.3 ms/window, 11 tok
pre_off large-v3 float16 ts=True b1 n=4: 1206.6 ms, 301.7 ms/window, 252 tok
pre_off large-v3 float16 ts=True b1 n=8: 1916.8 ms, 239.6 ms/window, 568 tok
pre_off large-v3 float16 ts=True b5 n=1: 405.6 ms, 405.6 ms/window, 35 tok
pre_off large-v3 float16 ts=True b5 n=4: 1375.8 ms, 343.9 ms/window, 276 tok
pre_off large-v3 float16 ts=True b5 n=8: 2249.5 ms, 281.2 ms/window, 592 tok
pre_off large-v3 float16 ts=False b1 n=1: 292.7 ms, 292.7 ms/window, 26 tok
pre_off large-v3 float16 ts=False b1 n=4: 1165.5 ms, 291.4 ms/window, 255 tok
pre_off large-v3 float16 ts=False b1 n=8: 1832.9 ms, 229.1 ms/window, 555 tok
pre_off large-v3 float16 ts=False b5 n=1: 326.4 ms, 326.4 ms/window, 23 tok
pre_off large-v3 float16 ts=False b5 n=4: 1298.5 ms, 324.6 ms/window, 236 tok
pre_off large-v3 float16 ts=False b5 n=8: 2090.0 ms, 261.3 ms/window, 515 tok
pre_off large-v3 int8_float16 ts=True b1 n=1: 211.1 ms, 211.1 ms/window, 11 tok
pre_off large-v3 int8_float16 ts=True b1 n=4: 1219.9 ms, 305.0 ms/window, 252 tok
pre_off large-v3 int8_float16 ts=True b1 n=8: 1934.5 ms, 241.8 ms/window, 573 tok
pre_off large-v3 int8_float16 ts=True b5 n=1: 454.7 ms, 454.7 ms/window, 41 tok
pre_off large-v3 int8_float16 ts=True b5 n=4: 1481.0 ms, 370.2 ms/window, 252 tok
pre_off large-v3 int8_float16 ts=True b5 n=8: 2388.6 ms, 298.6 ms/window, 592 tok
pre_off large-v3 int8_float16 ts=False b1 n=1: 313.3 ms, 313.3 ms/window, 26 tok
pre_off large-v3 int8_float16 ts=False b1 n=4: 1177.5 ms, 294.4 ms/window, 255 tok
pre_off large-v3 int8_float16 ts=False b1 n=8: 1845.4 ms, 230.7 ms/window, 557 tok
pre_off large-v3 int8_float16 ts=False b5 n=1: 327.3 ms, 327.3 ms/window, 25 tok
pre_off large-v3 int8_float16 ts=False b5 n=4: 1416.3 ms, 354.1 ms/window, 237 tok
pre_off large-v3 int8_float16 ts=False b5 n=8: 2208.7 ms, 276.1 ms/window, 516 tok
wrote /opt/real/r6/pre_off.json 48
== pre off done 14:41:12
pre_on small float16 ts=True b1 n=1: 166.7 ms, 166.7 ms/window, 84 tok
pre_on small float16 ts=True b1 n=4: 259.3 ms, 64.8 ms/window, 336 tok
pre_on small float16 ts=True b1 n=8: 381.1 ms, 47.6 ms/window, 667 tok
pre_on small float16 ts=True b5 n=1: 248.3 ms, 248.3 ms/window, 84 tok
pre_on small float16 ts=True b5 n=4: 477.4 ms, 119.3 ms/window, 347 tok
pre_on small float16 ts=True b5 n=8: 782.0 ms, 97.8 ms/window, 670 tok
pre_on small float16 ts=False b1 n=1: 23.8 ms, 23.8 ms/window, 5 tok
pre_on small float16 ts=False b1 n=4: 234.0 ms, 58.5 ms/window, 249 tok
pre_on small float16 ts=False b1 n=8: 331.1 ms, 41.4 ms/window, 506 tok
pre_on small float16 ts=False b5 n=1: 57.6 ms, 57.6 ms/window, 16 tok
pre_on small float16 ts=False b5 n=4: 336.3 ms, 84.1 ms/window, 173 tok
pre_on small float16 ts=False b5 n=8: 499.2 ms, 62.4 ms/window, 329 tok
pre_on small int8_float16 ts=True b1 n=1: 236.7 ms, 236.7 ms/window, 85 tok
pre_on small int8_float16 ts=True b1 n=4: 337.3 ms, 84.3 ms/window, 335 tok
pre_on small int8_float16 ts=True b1 n=8: 419.3 ms, 52.4 ms/window, 666 tok
pre_on small int8_float16 ts=True b5 n=1: 258.8 ms, 258.8 ms/window, 84 tok
pre_on small int8_float16 ts=True b5 n=4: 566.7 ms, 141.7 ms/window, 353 tok
pre_on small int8_float16 ts=True b5 n=8: 883.6 ms, 110.5 ms/window, 676 tok
pre_on small int8_float16 ts=False b1 n=1: 29.4 ms, 29.4 ms/window, 5 tok
pre_on small int8_float16 ts=False b1 n=4: 280.5 ms, 70.1 ms/window, 249 tok
pre_on small int8_float16 ts=False b1 n=8: 367.4 ms, 45.9 ms/window, 508 tok
pre_on small int8_float16 ts=False b5 n=1: 76.6 ms, 76.6 ms/window, 21 tok
pre_on small int8_float16 ts=False b5 n=4: 454.5 ms, 113.6 ms/window, 262 tok
pre_on small int8_float16 ts=False b5 n=8: 598.0 ms, 74.7 ms/window, 386 tok
pre_on large-v3 float16 ts=True b1 n=1: 152.4 ms, 152.4 ms/window, 11 tok
pre_on large-v3 float16 ts=True b1 n=4: 1032.6 ms, 258.1 ms/window, 252 tok
pre_on large-v3 float16 ts=True b1 n=8: 1557.2 ms, 194.6 ms/window, 568 tok
pre_on large-v3 float16 ts=True b5 n=1: 441.5 ms, 441.5 ms/window, 35 tok
pre_on large-v3 float16 ts=True b5 n=4: 1753.5 ms, 438.4 ms/window, 276 tok
pre_on large-v3 float16 ts=True b5 n=8: 3047.1 ms, 380.9 ms/window, 592 tok
pre_on large-v3 float16 ts=False b1 n=1: 253.5 ms, 253.5 ms/window, 26 tok
pre_on large-v3 float16 ts=False b1 n=4: 987.2 ms, 246.8 ms/window, 255 tok
pre_on large-v3 float16 ts=False b1 n=8: 1465.3 ms, 183.2 ms/window, 555 tok
pre_on large-v3 float16 ts=False b5 n=1: 340.5 ms, 340.5 ms/window, 23 tok
pre_on large-v3 float16 ts=False b5 n=4: 1631.4 ms, 407.8 ms/window, 237 tok
pre_on large-v3 float16 ts=False b5 n=8: 2807.2 ms, 350.9 ms/window, 515 tok
pre_on large-v3 int8_float16 ts=True b1 n=1: 154.9 ms, 154.9 ms/window, 11 tok
pre_on large-v3 int8_float16 ts=True b1 n=4: 1030.0 ms, 257.5 ms/window, 252 tok
pre_on large-v3 int8_float16 ts=True b1 n=8: 1560.9 ms, 195.1 ms/window, 570 tok
pre_on large-v3 int8_float16 ts=True b5 n=1: 441.2 ms, 441.2 ms/window, 35 tok
pre_on large-v3 int8_float16 ts=True b5 n=4: 1861.4 ms, 465.3 ms/window, 276 tok
pre_on large-v3 int8_float16 ts=True b5 n=8: 3176.7 ms, 397.1 ms/window, 593 tok
pre_on large-v3 int8_float16 ts=False b1 n=1: 260.1 ms, 260.1 ms/window, 26 tok
pre_on large-v3 int8_float16 ts=False b1 n=4: 982.2 ms, 245.5 ms/window, 255 tok
pre_on large-v3 int8_float16 ts=False b1 n=8: 1470.7 ms, 183.8 ms/window, 555 tok
pre_on large-v3 int8_float16 ts=False b5 n=1: 341.3 ms, 341.3 ms/window, 24 tok
pre_on large-v3 int8_float16 ts=False b5 n=4: 1738.5 ms, 434.6 ms/window, 237 tok
pre_on large-v3 int8_float16 ts=False b5 n=8: 2899.9 ms, 362.5 ms/window, 516 tok
wrote /opt/real/r6/pre_on.json 48
== pre on done 14:47:19
