== thr start 15:01:06 tree=r3 env: CT2_CUDA_POOL_RELEASE_THRESHOLD=max
ctranslate2.__file__ = /home/ubuntu/w/r3/python/ctranslate2/__init__.py
-rw-r--r-- 1 ubuntu ubuntu 168229512 14:48 /home/ubuntu/w/r3/install/lib/libctranslate2.so.4.8.2
7a41c90b docs: record round-4 results
 M docs/environment_variables.md
 M src/cuda/allocator.cc
 M src/env.cc
 M src/env.h
 M tests/CMakeLists.txt
CT2_CUDA_POOL_RELEASE_THRESHOLD=max
thr_off small float16 ts=True b1 n=1: 164.6 ms, 164.6 ms/window, 84 tok
thr_off small float16 ts=True b1 n=4: 285.3 ms, 71.3 ms/window, 336 tok
thr_off small float16 ts=True b1 n=8: 443.0 ms, 55.4 ms/window, 667 tok
thr_off small float16 ts=True b5 n=1: 216.7 ms, 216.7 ms/window, 84 tok
thr_off small float16 ts=True b5 n=4: 358.0 ms, 89.5 ms/window, 347 tok
thr_off small float16 ts=True b5 n=8: 554.5 ms, 69.3 ms/window, 672 tok
thr_off small float16 ts=False b1 n=1: 35.2 ms, 35.2 ms/window, 5 tok
thr_off small float16 ts=False b1 n=4: 264.9 ms, 66.2 ms/window, 249 tok
thr_off small float16 ts=False b1 n=8: 398.7 ms, 49.8 ms/window, 506 tok
thr_off small float16 ts=False b5 n=1: 62.3 ms, 62.3 ms/window, 16 tok
thr_off small float16 ts=False b5 n=4: 290.5 ms, 72.6 ms/window, 173 tok
thr_off small float16 ts=False b5 n=8: 416.9 ms, 52.1 ms/window, 329 tok
thr_off small int8_float16 ts=True b1 n=1: 253.6 ms, 253.6 ms/window, 84 tok
thr_off small int8_float16 ts=True b1 n=4: 389.2 ms, 97.3 ms/window, 355 tok
thr_off small int8_float16 ts=True b1 n=8: 508.5 ms, 63.6 ms/window, 663 tok
thr_off small int8_float16 ts=True b5 n=1: 281.7 ms, 281.7 ms/window, 84 tok
thr_off small int8_float16 ts=True b5 n=4: 465.6 ms, 116.4 ms/window, 343 tok
thr_off small int8_float16 ts=True b5 n=8: 650.6 ms, 81.3 ms/window, 673 tok
thr_off small int8_float16 ts=False b1 n=1: 42.0 ms, 42.0 ms/window, 5 tok
thr_off small int8_float16 ts=False b1 n=4: 330.2 ms, 82.6 ms/window, 187 tok
thr_off small int8_float16 ts=False b1 n=8: 433.5 ms, 54.2 ms/window, 492 tok
thr_off small int8_float16 ts=False b5 n=1: 78.7 ms, 78.7 ms/window, 17 tok
thr_off small int8_float16 ts=False b5 n=4: 371.4 ms, 92.9 ms/window, 178 tok
thr_off small int8_float16 ts=False b5 n=8: 503.9 ms, 63.0 ms/window, 358 tok
thr_off large-v3 float16 ts=True b1 n=1: 196.9 ms, 196.9 ms/window, 11 tok
thr_off large-v3 float16 ts=True b1 n=4: 1183.7 ms, 295.9 ms/window, 252 tok
thr_off large-v3 float16 ts=True b1 n=8: 1864.7 ms, 233.1 ms/window, 568 tok
thr_off large-v3 float16 ts=True b5 n=1: 404.5 ms, 404.5 ms/window, 35 tok
thr_off large-v3 float16 ts=True b5 n=4: 1359.3 ms, 339.8 ms/window, 276 tok
thr_off large-v3 float16 ts=True b5 n=8: 2203.4 ms, 275.4 ms/window, 592 tok
thr_off large-v3 float16 ts=False b1 n=1: 292.2 ms, 292.2 ms/window, 26 tok
thr_off large-v3 float16 ts=False b1 n=4: 1145.2 ms, 286.3 ms/window, 255 tok
thr_off large-v3 float16 ts=False b1 n=8: 1783.6 ms, 222.9 ms/window, 555 tok
thr_off large-v3 float16 ts=False b5 n=1: 324.3 ms, 324.3 ms/window, 23 tok
thr_off large-v3 float16 ts=False b5 n=4: 1281.5 ms, 320.4 ms/window, 236 tok
thr_off large-v3 float16 ts=False b5 n=8: 2045.6 ms, 255.7 ms/window, 515 tok
thr_off large-v3 int8_float16 ts=True b1 n=1: 201.8 ms, 201.8 ms/window, 11 tok
thr_off large-v3 int8_float16 ts=True b1 n=4: 1186.3 ms, 296.6 ms/window, 252 tok
thr_off large-v3 int8_float16 ts=True b1 n=8: 1876.9 ms, 234.6 ms/window, 573 tok
thr_off large-v3 int8_float16 ts=True b5 n=1: 450.0 ms, 450.0 ms/window, 41 tok
thr_off large-v3 int8_float16 ts=True b5 n=4: 1452.4 ms, 363.1 ms/window, 252 tok
thr_off large-v3 int8_float16 ts=True b5 n=8: 2329.3 ms, 291.2 ms/window, 592 tok
thr_off large-v3 int8_float16 ts=False b1 n=1: 304.0 ms, 304.0 ms/window, 26 tok
thr_off large-v3 int8_float16 ts=False b1 n=4: 1147.7 ms, 286.9 ms/window, 255 tok
thr_off large-v3 int8_float16 ts=False b1 n=8: 1785.1 ms, 223.1 ms/window, 557 tok
thr_off large-v3 int8_float16 ts=False b5 n=1: 323.3 ms, 323.3 ms/window, 25 tok
thr_off large-v3 int8_float16 ts=False b5 n=4: 1392.1 ms, 348.0 ms/window, 237 tok
thr_off large-v3 int8_float16 ts=False b5 n=8: 2153.5 ms, 269.2 ms/window, 516 tok
wrote /opt/real/r6/thr_off.json 48
== thr off done 15:06:44
thr_on small float16 ts=True b1 n=1: 166.7 ms, 166.7 ms/window, 84 tok
thr_on small float16 ts=True b1 n=4: 253.0 ms, 63.3 ms/window, 336 tok
thr_on small float16 ts=True b1 n=8: 369.1 ms, 46.1 ms/window, 667 tok
thr_on small float16 ts=True b5 n=1: 246.1 ms, 246.1 ms/window, 84 tok
thr_on small float16 ts=True b5 n=4: 463.7 ms, 115.9 ms/window, 347 tok
thr_on small float16 ts=True b5 n=8: 752.7 ms, 94.1 ms/window, 670 tok
thr_on small float16 ts=False b1 n=1: 23.7 ms, 23.7 ms/window, 5 tok
thr_on small float16 ts=False b1 n=4: 229.3 ms, 57.3 ms/window, 249 tok
thr_on small float16 ts=False b1 n=8: 318.7 ms, 39.8 ms/window, 506 tok
thr_on small float16 ts=False b5 n=1: 55.7 ms, 55.7 ms/window, 16 tok
thr_on small float16 ts=False b5 n=4: 323.8 ms, 80.9 ms/window, 173 tok
thr_on small float16 ts=False b5 n=8: 469.2 ms, 58.7 ms/window, 329 tok
thr_on small int8_float16 ts=True b1 n=1: 238.2 ms, 238.2 ms/window, 85 tok
thr_on small int8_float16 ts=True b1 n=4: 332.9 ms, 83.2 ms/window, 335 tok
thr_on small int8_float16 ts=True b1 n=8: 405.7 ms, 50.7 ms/window, 666 tok
thr_on small int8_float16 ts=True b5 n=1: 258.4 ms, 258.4 ms/window, 84 tok
thr_on small int8_float16 ts=True b5 n=4: 556.3 ms, 139.1 ms/window, 353 tok
thr_on small int8_float16 ts=True b5 n=8: 855.5 ms, 106.9 ms/window, 676 tok
thr_on small int8_float16 ts=False b1 n=1: 29.4 ms, 29.4 ms/window, 5 tok
thr_on small int8_float16 ts=False b1 n=4: 278.6 ms, 69.7 ms/window, 249 tok
thr_on small int8_float16 ts=False b1 n=8: 357.2 ms, 44.7 ms/window, 508 tok
thr_on small int8_float16 ts=False b5 n=1: 75.6 ms, 75.6 ms/window, 21 tok
thr_on small int8_float16 ts=False b5 n=4: 441.7 ms, 110.4 ms/window, 262 tok
thr_on small int8_float16 ts=False b5 n=8: 570.3 ms, 71.3 ms/window, 386 tok
thr_on large-v3 float16 ts=True b1 n=1: 147.0 ms, 147.0 ms/window, 11 tok
thr_on large-v3 float16 ts=True b1 n=4: 999.3 ms, 249.8 ms/window, 252 tok
thr_on large-v3 float16 ts=True b1 n=8: 1487.9 ms, 186.0 ms/window, 568 tok
thr_on large-v3 float16 ts=True b5 n=1: 428.3 ms, 428.3 ms/window, 35 tok
thr_on large-v3 float16 ts=True b5 n=4: 1683.5 ms, 420.9 ms/window, 276 tok
thr_on large-v3 float16 ts=True b5 n=8: 2902.2 ms, 362.8 ms/window, 592 tok
thr_on large-v3 float16 ts=False b1 n=1: 250.0 ms, 250.0 ms/window, 26 tok
thr_on large-v3 float16 ts=False b1 n=4: 958.6 ms, 239.7 ms/window, 255 tok
thr_on large-v3 float16 ts=False b1 n=8: 1400.4 ms, 175.0 ms/window, 555 tok
thr_on large-v3 float16 ts=False b5 n=1: 327.7 ms, 327.7 ms/window, 23 tok
thr_on large-v3 float16 ts=False b5 n=4: 1563.1 ms, 390.8 ms/window, 237 tok
thr_on large-v3 float16 ts=False b5 n=8: 2660.5 ms, 332.6 ms/window, 515 tok
thr_on large-v3 int8_float16 ts=True b1 n=1: 150.3 ms, 150.3 ms/window, 11 tok
thr_on large-v3 int8_float16 ts=True b1 n=4: 997.3 ms, 249.3 ms/window, 252 tok
thr_on large-v3 int8_float16 ts=True b1 n=8: 1495.4 ms, 186.9 ms/window, 570 tok
thr_on large-v3 int8_float16 ts=True b5 n=1: 426.1 ms, 426.1 ms/window, 35 tok
thr_on large-v3 int8_float16 ts=True b5 n=4: 1795.9 ms, 449.0 ms/window, 276 tok
thr_on large-v3 int8_float16 ts=True b5 n=8: 3029.0 ms, 378.6 ms/window, 593 tok
thr_on large-v3 int8_float16 ts=False b1 n=1: 256.6 ms, 256.6 ms/window, 26 tok
thr_on large-v3 int8_float16 ts=False b1 n=4: 957.3 ms, 239.3 ms/window, 255 tok
thr_on large-v3 int8_float16 ts=False b1 n=8: 1408.0 ms, 176.0 ms/window, 555 tok
thr_on large-v3 int8_float16 ts=False b5 n=1: 327.7 ms, 327.7 ms/window, 24 tok
thr_on large-v3 int8_float16 ts=False b5 n=4: 1671.3 ms, 417.8 ms/window, 237 tok
thr_on large-v3 int8_float16 ts=False b5 n=8: 2757.9 ms, 344.7 ms/window, 516 tok
wrote /opt/real/r6/thr_on.json 48
== thr on done 15:12:36
