========= COMPUTE-SANITIZER
SANCELL b4 [84, 77, 88, 98] [-0.19494, -0.135146, -0.140092, -0.132334]
========= Uninitialized __global__ memory read of size 16 bytes
=========     at ctranslate2::ops::gather_rows_kernel(ctranslate2::ops::GatherRowsArgs, const int *, unsigned int)+0x280
=========     by thread (64,0,0) in block (34,1,0)
=========     Address 0xe3fbb3200
========= 
========= Uninitialized __global__ memory read of size 16 bytes
=========     at ctranslate2::ops::gather_rows_kernel(ctranslate2::ops::GatherRowsArgs, const int *, unsigned int)+0x280
=========     by thread (65,0,0) in block (34,1,0)
=========     Address 0xe3fbb3210
========= 
========= Uninitialized __global__ memory read of size 16 bytes
=========     at ctranslate2::ops::gather_rows_kernel(ctranslate2::ops::GatherRowsArgs, const int *, unsigned int)+0x280
=========     by thread (128,0,0) in block (233,1,0)
=========     Address 0xe3fbd2600
========= 
========= Uninitialized __global__ memory read of size 16 bytes
=========     at ctranslate2::ops::gather_rows_kernel(ctranslate2::ops::GatherRowsArgs, const int *, unsigned int)+0x280
=========     by thread (129,0,0) in block (233,1,0)
=========     Address 0xe3fbd2610
========= 
========= Uninitialized __global__ memory read of size 16 bytes
=========     at ctranslate2::ops::gather_rows_kernel(ctranslate2::ops::GatherRowsArgs, const int *, unsigned int)+0x280
=========     by thread (66,0,0) in block (34,1,0)
=========     Address 0xe3fbb3220
========= 
========= Uninitialized __global__ memory read of size 16 bytes
=========     at ctranslate2::ops::gather_rows_kernel(ctranslate2::ops::GatherRowsArgs, const int *, unsigned int)+0x280
=========     by thread (192,0,0) in block (115,1,0)
=========     Address 0xe3fc04a00
========= 
========= Uninitialized __global__ memory read of size 16 bytes
=========     at ctranslate2::ops::gather_rows_kernel(ctranslate2::ops::GatherRowsArgs, const int *, unsigned int)+0x280
=========     by thread (130,0,0) in block (233,1,0)
=========     Address 0xe3fbd2620
========= 
========= Uninitialized __global__ memory read of size 16 bytes
=========     at ctranslate2::ops::gather_rows_kernel(ctranslate2::ops::GatherRowsArgs, const int *, unsigned int)+0x280
=========     by thread (67,0,0) in block (34,1,0)
=========     Address 0xe3fbb3230
========= 
========= Uninitialized __global__ memory read of size 16 bytes
=========     at ctranslate2::ops::gather_rows_kernel(ctranslate2::ops::GatherRowsArgs, const int *, unsigned int)+0x280
=========     by thread (68,0,0) in block (34,1,0)
=========     Address 0xe3fbb3240
========= 
========= Uninitialized __global__ memory read of size 16 bytes
=========     at ctranslate2::ops::gather_rows_kernel(ctranslate2::ops::GatherRowsArgs, const int *, unsigned int)+0x280
=========     by thread (193,0,0) in block (115,1,0)
=========     Address 0xe3fc04a10
========= 
========= Uninitialized __global__ memory read of size 16 bytes
=========     at ctranslate2::ops::gather_rows_kernel(ctranslate2::ops::GatherRowsArgs, const int *, unsigned int)+0x280
=========     by thread (131,0,0) in block (233,1,0)
=========     Address 0xe3fbd2630
========= 
========= Uninitialized __global__ memory read of size 16 bytes
=========     at ctranslate2::ops::gather_rows_kernel(ctranslate2::ops::GatherRowsArgs, const int *, unsigned int)+0x280
=========     by thread (69,0,0) in block (34,1,0)
=========     Address 0xe3fbb3250
========= 
========= Uninitialized __global__ memory read of size 16 bytes
=========     at ctranslate2::ops::gather_rows_kernel(ctranslate2::ops::GatherRowsArgs, const int *, unsigned int)+0x280
=========     by thread (132,0,0) in block (233,1,0)
=========     Address 0xe3fbd2640
========= 
========= Uninitialized __global__ memory read of size 16 bytes
=========     at ctranslate2::ops::gather_rows_kernel(ctranslate2::ops::GatherRowsArgs, const int *, unsigned int)+0x280
=========     by thread (70,0,0) in block (34,1,0)
=========     Address 0xe3fbb3260
========= 
========= Uninitialized __global__ memory read of size 16 bytes
=========     at ctranslate2::ops::gather_rows_kernel(ctranslate2::ops::GatherRowsArgs, const int *, unsigned int)+0x280
=========     by thread (194,0,0) in block (115,1,0)
=========     Address 0xe3fc04a20
========= 
========= Uninitialized __global__ memory read of size 16 bytes
=========     at ctranslate2::ops::gather_rows_kernel(ctranslate2::ops::GatherRowsArgs, const int *, unsigned int)+0x280
=========     by thread (71,0,0) in block (34,1,0)
=========     Address 0xe3fbb3270
========= 
========= Uninitialized __global__ memory read of size 16 bytes
=========     at ctranslate2::ops::gather_rows_kernel(ctranslate2::ops::GatherRowsArgs, const int *, unsigned int)+0x280
=========     by thread (133,0,0) in block (233,1,0)
=========     Address 0xe3fbd2650
========= 
========= Uninitialized __global__ memory read of size 16 bytes
=========     at ctranslate2::ops::gather_rows_kernel(ctranslate2::ops::GatherRowsArgs, const int *, unsigned int)+0x280
=========     by thread (128,0,0) in block (80,1,0)
=========     Address 0xe3fbe1600
========= 
========= Uninitialized __global__ memory read of size 16 bytes
=========     at ctranslate2::ops::gather_rows_kernel(ctranslate2::ops::GatherRowsArgs, const int *, unsigned int)+0x280
=========     by thread (72,0,0) in block (34,1,0)
=========     Address 0xe3fbb3280
========= 
========= Uninitialized __global__ memory read of size 16 bytes
=========     at ctranslate2::ops::gather_rows_kernel(ctranslate2::ops::GatherRowsArgs, const int *, unsigned int)+0x280
=========     by thread (195,0,0) in block (115,1,0)
=========     Address 0xe3fc04a30
========= 
========= Uninitialized __global__ memory read of size 16 bytes
=========     at ctranslate2::ops::gather_rows_kernel(ctranslate2::ops::GatherRowsArgs, const int *, unsigned int)+0x280
=========     by thread (134,0,0) in block (233,1,0)
=========     Address 0xe3fbd2660
========= 
========= Uninitialized __global__ memory read of size 16 bytes
=========     at ctranslate2::ops::gather_rows_kernel(ctranslate2::ops::GatherRowsArgs, const int *, unsigned int)+0x280
=========     by thread (73,0,0) in block (34,1,0)
=========     Address 0xe3fbb3290
========= 
========= Uninitialized __global__ memory read of size 16 bytes
=========     at ctranslate2::ops::gather_rows_kernel(ctranslate2::ops::GatherRowsArgs, const int *, unsigned int)+0x280
=========     by thread (129,0,0) in block (80,1,0)
=========     Address 0xe3fbe1610
========= 
========= Uninitialized __global__ memory read of size 16 bytes
=========     at ctranslate2::ops::gather_rows_kernel(ctranslate2::ops::GatherRowsArgs, const int *, unsigned int)+0x280
=========     by thread (74,0,0) in block (34,1,0)
=========     Address 0xe3fbb32a0
========= 
========= Uninitialized __global__ memory read of size 16 bytes
=========     at ctranslate2::ops::gather_rows_kernel(ctranslate2::ops::GatherRowsArgs, const int *, unsigned int)+0x280
=========     by thread (135,0,0) in block (233,1,0)
=========     Address 0xe3fbd2670
========= 
========= Uninitialized __global__ memory read of size 16 bytes
=========     at ctranslate2::ops::gather_rows_kernel(ctranslate2::ops::GatherRowsArgs, const int *, unsigned int)+0x280
=========     by thread (130,0,0) in block (80,1,0)
=========     Address 0xe3fbe1620
========= 
========= Uninitialized __global__ memory read of size 16 bytes
=========     at ctranslate2::ops::gather_rows_kernel(ctranslate2::ops::GatherRowsArgs, const int *, unsigned int)+0x280
=========     by thread (136,0,0) in block (233,1,0)
=========     Address 0xe3fbd2680
========= 
========= Uninitialized __global__ memory read of size 16 bytes
=========     at ctranslate2::ops::gather_rows_kernel(ctranslate2::ops::GatherRowsArgs, const int *, unsigned int)+0x280
=========     by thread (75,0,0) in block (34,1,0)
=========     Address 0xe3fbb32b0
========= 
========= Uninitialized __global__ memory read of size 16 bytes
=========     at ctranslate2::ops::gather_rows_kernel(ctranslate2::ops::GatherRowsArgs, const int *, unsigned int)+0x280
=========     by thread (196,0,0) in block (115,1,0)
=========     Address 0xe3fc04a40
========= 
========= Uninitialized __global__ memory read of size 16 bytes
=========     at ctranslate2::ops::gather_rows_kernel(ctranslate2::ops::GatherRowsArgs, const int *, unsigned int)+0x280
=========     by thread (131,0,0) in block (80,1,0)
=========     Address 0xe3fbe1630
========= 
========= Warning: Error buffer overflow has been detected. Some records have been dropped
========= 
========= Warning: Error buffer overflow has been detected. Some records have been dropped
========= 
========= Warning: Error buffer overflow has been detected. Some records have been dropped
========= 
========= Warning: Error buffer overflow has been detected. Some records have been dropped
========= 
========= ERROR SUMMARY: 2402 errors
========= ERROR SUMMARY: 2368 errors were not printed. Use --print-limit option to adjust the number of printed errors
========= 
========= 51611266 errors were skipped (error buffer overflow).
rc=0
