PKG /home/ubuntu/w/r6/python/ctranslate2/__init__.py /home/ubuntu/w/r6/install/lib/libctranslate2.so.4.8.2
========= COMPUTE-SANITIZER
SANCELL b4 [84, 77, 88, 98] [-0.19494, -0.135146, -0.140092, -0.132334]
========= Uninitialized __global__ memory read of size 16 bytes
=========     at ctranslate2::ops::gather_rows_kernel(ctranslate2::ops::GatherRowsArgs, const int *, unsigned int)+0x670
=========     by thread (192,0,0) in block (98,1,0)
=========     Address 0xe3fbf3a00
========= 
========= Uninitialized __global__ memory read of size 16 bytes
=========     at ctranslate2::ops::gather_rows_kernel(ctranslate2::ops::GatherRowsArgs, const int *, unsigned int)+0x670
=========     by thread (193,0,0) in block (98,1,0)
=========     Address 0xe3fbf3a10
========= 
========= Uninitialized __global__ memory read of size 16 bytes
=========     at ctranslate2::ops::gather_rows_kernel(ctranslate2::ops::GatherRowsArgs, const int *, unsigned int)+0x670
=========     by thread (194,0,0) in block (98,1,0)
=========     Address 0xe3fbf3a20
========= 
========= Uninitialized __global__ memory read of size 16 bytes
=========     at ctranslate2::ops::gather_rows_kernel(ctranslate2::ops::GatherRowsArgs, const int *, unsigned int)+0x670
=========     by thread (195,0,0) in block (98,1,0)
=========     Address 0xe3fbf3a30
========= 
========= Uninitialized __global__ memory read of size 16 bytes
=========     at ctranslate2::ops::gather_rows_kernel(ctranslate2::ops::GatherRowsArgs, const int *, unsigned int)+0x670
=========     by thread (196,0,0) in block (98,1,0)
=========     Address 0xe3fbf3a40
========= 
========= Uninitialized __global__ memory read of size 16 bytes
=========     at ctranslate2::ops::gather_rows_kernel(ctranslate2::ops::GatherRowsArgs, const int *, unsigned int)+0x670
=========     by thread (197,0,0) in block (98,1,0)
=========     Address 0xe3fbf3a50
========= 
========= Uninitialized __global__ memory read of size 16 bytes
=========     at ctranslate2::ops::gather_rows_kernel(ctranslate2::ops::GatherRowsArgs, const int *, unsigned int)+0x670
=========     by thread (198,0,0) in block (98,1,0)
=========     Address 0xe3fbf3a60
========= 
========= Uninitialized __global__ memory read of size 16 bytes
=========     at ctranslate2::ops::gather_rows_kernel(ctranslate2::ops::GatherRowsArgs, const int *, unsigned int)+0x670
=========     by thread (199,0,0) in block (98,1,0)
=========     Address 0xe3fbf3a70
========= 
========= Uninitialized __global__ memory read of size 16 bytes
=========     at ctranslate2::ops::gather_rows_kernel(ctranslate2::ops::GatherRowsArgs, const int *, unsigned int)+0x670
=========     by thread (200,0,0) in block (98,1,0)
=========     Address 0xe3fbf3a80
========= 
========= Uninitialized __global__ memory read of size 16 bytes
=========     at ctranslate2::ops::gather_rows_kernel(ctranslate2::ops::GatherRowsArgs, const int *, unsigned int)+0x670
=========     by thread (201,0,0) in block (98,1,0)
=========     Address 0xe3fbf3a90
========= 
========= Uninitialized __global__ memory read of size 16 bytes
=========     at ctranslate2::ops::gather_rows_kernel(ctranslate2::ops::GatherRowsArgs, const int *, unsigned int)+0x670
=========     by thread (202,0,0) in block (98,1,0)
=========     Address 0xe3fbf3aa0
========= 
========= Uninitialized __global__ memory read of size 16 bytes
=========     at ctranslate2::ops::gather_rows_kernel(ctranslate2::ops::GatherRowsArgs, const int *, unsigned int)+0x670
=========     by thread (203,0,0) in block (98,1,0)
=========     Address 0xe3fbf3ab0
========= 
========= Uninitialized __global__ memory read of size 16 bytes
=========     at ctranslate2::ops::gather_rows_kernel(ctranslate2::ops::GatherRowsArgs, const int *, unsigned int)+0x670
=========     by thread (204,0,0) in block (98,1,0)
=========     Address 0xe3fbf3ac0
========= 
========= Uninitialized __global__ memory read of size 16 bytes
=========     at ctranslate2::ops::gather_rows_kernel(ctranslate2::ops::GatherRowsArgs, const int *, unsigned int)+0x670
=========     by thread (205,0,0) in block (98,1,0)
=========     Address 0xe3fbf3ad0
========= 
========= Uninitialized __global__ memory read of size 16 bytes
=========     at ctranslate2::ops::gather_rows_kernel(ctranslate2::ops::GatherRowsArgs, const int *, unsigned int)+0x670
=========     by thread (206,0,0) in block (98,1,0)
=========     Address 0xe3fbf3ae0
========= 
========= Uninitialized __global__ memory read of size 16 bytes
=========     at ctranslate2::ops::gather_rows_kernel(ctranslate2::ops::GatherRowsArgs, const int *, unsigned int)+0x670
=========     by thread (207,0,0) in block (98,1,0)
=========     Address 0xe3fbf3af0
========= 
========= Uninitialized __global__ memory read of size 16 bytes
=========     at ctranslate2::ops::gather_rows_kernel(ctranslate2::ops::GatherRowsArgs, const int *, unsigned int)+0x670
=========     by thread (208,0,0) in block (98,1,0)
=========     Address 0xe3fbf3b00
========= 
========= Uninitialized __global__ memory read of size 16 bytes
=========     at ctranslate2::ops::gather_rows_kernel(ctranslate2::ops::GatherRowsArgs, const int *, unsigned int)+0x670
=========     by thread (209,0,0) in block (98,1,0)
=========     Address 0xe3fbf3b10
========= 
========= Uninitialized __global__ memory read of size 16 bytes
=========     at ctranslate2::ops::gather_rows_kernel(ctranslate2::ops::GatherRowsArgs, const int *, unsigned int)+0x670
=========     by thread (210,0,0) in block (98,1,0)
=========     Address 0xe3fbf3b20
========= 
========= Uninitialized __global__ memory read of size 16 bytes
=========     at ctranslate2::ops::gather_rows_kernel(ctranslate2::ops::GatherRowsArgs, const int *, unsigned int)+0x670
=========     by thread (211,0,0) in block (98,1,0)
=========     Address 0xe3fbf3b30
========= 
========= Uninitialized __global__ memory read of size 16 bytes
=========     at ctranslate2::ops::gather_rows_kernel(ctranslate2::ops::GatherRowsArgs, const int *, unsigned int)+0x670
=========     by thread (212,0,0) in block (98,1,0)
=========     Address 0xe3fbf3b40
========= 
========= Uninitialized __global__ memory read of size 16 bytes
=========     at ctranslate2::ops::gather_rows_kernel(ctranslate2::ops::GatherRowsArgs, const int *, unsigned int)+0x670
=========     by thread (213,0,0) in block (98,1,0)
=========     Address 0xe3fbf3b50
========= 
========= Uninitialized __global__ memory read of size 16 bytes
=========     at ctranslate2::ops::gather_rows_kernel(ctranslate2::ops::GatherRowsArgs, const int *, unsigned int)+0x670
=========     by thread (214,0,0) in block (98,1,0)
=========     Address 0xe3fbf3b60
========= 
========= Uninitialized __global__ memory read of size 16 bytes
=========     at ctranslate2::ops::gather_rows_kernel(ctranslate2::ops::GatherRowsArgs, const int *, unsigned int)+0x670
=========     by thread (215,0,0) in block (98,1,0)
=========     Address 0xe3fbf3b70
========= 
========= Uninitialized __global__ memory read of size 16 bytes
=========     at ctranslate2::ops::gather_rows_kernel(ctranslate2::ops::GatherRowsArgs, const int *, unsigned int)+0x670
=========     by thread (216,0,0) in block (98,1,0)
=========     Address 0xe3fbf3b80
========= 
========= Uninitialized __global__ memory read of size 16 bytes
=========     at ctranslate2::ops::gather_rows_kernel(ctranslate2::ops::GatherRowsArgs, const int *, unsigned int)+0x670
=========     by thread (217,0,0) in block (98,1,0)
=========     Address 0xe3fbf3b90
========= 
========= Uninitialized __global__ memory read of size 16 bytes
=========     at ctranslate2::ops::gather_rows_kernel(ctranslate2::ops::GatherRowsArgs, const int *, unsigned int)+0x670
=========     by thread (218,0,0) in block (98,1,0)
=========     Address 0xe3fbf3ba0
========= 
========= Uninitialized __global__ memory read of size 16 bytes
=========     at ctranslate2::ops::gather_rows_kernel(ctranslate2::ops::GatherRowsArgs, const int *, unsigned int)+0x670
=========     by thread (219,0,0) in block (98,1,0)
=========     Address 0xe3fbf3bb0
========= 
========= Uninitialized __global__ memory read of size 16 bytes
=========     at ctranslate2::ops::gather_rows_kernel(ctranslate2::ops::GatherRowsArgs, const int *, unsigned int)+0x670
=========     by thread (220,0,0) in block (98,1,0)
=========     Address 0xe3fbf3bc0
========= 
========= Uninitialized __global__ memory read of size 16 bytes
=========     at ctranslate2::ops::gather_rows_kernel(ctranslate2::ops::GatherRowsArgs, const int *, unsigned int)+0x670
=========     by thread (221,0,0) in block (98,1,0)
=========     Address 0xe3fbf3bd0
========= 
========= Warning: Error buffer overflow has been detected. Some records have been dropped
========= 
========= Warning: Error buffer overflow has been detected. Some records have been dropped
========= 
========= Warning: Error buffer overflow has been detected. Some records have been dropped
========= 
========= Warning: Error buffer overflow has been detected. Some records have been dropped
========= 
========= ERROR SUMMARY: 2402 errors
========= ERROR SUMMARY: 2368 errors were not printed. Use --print-limit option to adjust the number of printed errors
========= 
========= 51611266 errors were skipped (error buffer overflow).
rc=0
