# TRIMMED for git: original 153110600 bytes; head 150 + ERROR SUMMARY/SANCELL/rc lines + tail 20
PKG /home/ubuntu/w/r6/python/ctranslate2/__init__.py /home/ubuntu/w/r6s2/install/lib/libctranslate2.so.4.8.2
========= COMPUTE-SANITIZER
========= Uninitialized __global__ memory read of size 2 bytes
=========     at void cub::CUB_200700_860_NS::detail::for_each::static_kernel<cub::CUB_200700_860_NS::detail::for_each::policy_hub_t::policy_350_t, long, thrust::THRUST_200700_860_NS::cuda_cub::__transform::unary_transform_f<const __half *, __half *, thrust::THRUST_200700_860_NS::cuda_cub::__transform::no_stencil_tag, ctranslate2::cuda::gelu_func<__half>, thrust::THRUST_200700_860_NS::cuda_cub::__transform::always_true_predicate>>(T2, T3)+0x680
=========     by thread (96,0,0) in block (265,0,0)
=========     Address 0xe26dd7ac0
========= 
========= Uninitialized __global__ memory read of size 2 bytes
=========     at void cub::CUB_200700_860_NS::detail::for_each::static_kernel<cub::CUB_200700_860_NS::detail::for_each::policy_hub_t::policy_350_t, long, thrust::THRUST_200700_860_NS::cuda_cub::__transform::unary_transform_f<const __half *, __half *, thrust::THRUST_200700_860_NS::cuda_cub::__transform::no_stencil_tag, ctranslate2::cuda::gelu_func<__half>, thrust::THRUST_200700_860_NS::cuda_cub::__transform::always_true_predicate>>(T2, T3)+0x680
=========     by thread (97,0,0) in block (265,0,0)
=========     Address 0xe26dd7ac2
========= 
========= Uninitialized __global__ memory read of size 2 bytes
=========     at void cub::CUB_200700_860_NS::detail::for_each::static_kernel<cub::CUB_200700_860_NS::detail::for_each::policy_hub_t::policy_350_t, long, thrust::THRUST_200700_860_NS::cuda_cub::__transform::unary_transform_f<const __half *, __half *, thrust::THRUST_200700_860_NS::cuda_cub::__transform::no_stencil_tag, ctranslate2::cuda::gelu_func<__half>, thrust::THRUST_200700_860_NS::cuda_cub::__transform::always_true_predicate>>(T2, T3)+0x680
=========     by thread (98,0,0) in block (265,0,0)
=========     Address 0xe26dd7ac4
========= 
========= Uninitialized __global__ memory read of size 2 bytes
=========     at void cub::CUB_200700_860_NS::detail::for_each::static_kernel<cub::CUB_200700_860_NS::detail::for_each::policy_hub_t::policy_350_t, long, thrust::THRUST_200700_860_NS::cuda_cub::__transform::unary_transform_f<const __half *, __half *, thrust::THRUST_200700_860_NS::cuda_cub::__transform::no_stencil_tag, ctranslate2::cuda::gelu_func<__half>, thrust::THRUST_200700_860_NS::cuda_cub::__transform::always_true_predicate>>(T2, T3)+0x680
=========     by thread (99,0,0) in block (265,0,0)
=========     Address 0xe26dd7ac6
========= 
========= Uninitialized __global__ memory read of size 2 bytes
=========     at void cub::CUB_200700_860_NS::detail::for_each::static_kernel<cub::CUB_200700_860_NS::detail::for_each::policy_hub_t::policy_350_t, long, thrust::THRUST_200700_860_NS::cuda_cub::__transform::unary_transform_f<const __half *, __half *, thrust::THRUST_200700_860_NS::cuda_cub::__transform::no_stencil_tag, ctranslate2::cuda::gelu_func<__half>, thrust::THRUST_200700_860_NS::cuda_cub::__transform::always_true_predicate>>(T2, T3)+0x680
=========     by thread (100,0,0) in block (265,0,0)
=========     Address 0xe26dd7ac8
========= 
========= Uninitialized __global__ memory read of size 2 bytes
=========     at void cub::CUB_200700_860_NS::detail::for_each::static_kernel<cub::CUB_200700_860_NS::detail::for_each::policy_hub_t::policy_350_t, long, thrust::THRUST_200700_860_NS::cuda_cub::__transform::unary_transform_f<const __half *, __half *, thrust::THRUST_200700_860_NS::cuda_cub::__transform::no_stencil_tag, ctranslate2::cuda::gelu_func<__half>, thrust::THRUST_200700_860_NS::cuda_cub::__transform::always_true_predicate>>(T2, T3)+0x680
=========     by thread (101,0,0) in block (265,0,0)
=========     Address 0xe26dd7aca
========= 
========= Uninitialized __global__ memory read of size 2 bytes
=========     at void cub::CUB_200700_860_NS::detail::for_each::static_kernel<cub::CUB_200700_860_NS::detail::for_each::policy_hub_t::policy_350_t, long, thrust::THRUST_200700_860_NS::cuda_cub::__transform::unary_transform_f<const __half *, __half *, thrust::THRUST_200700_860_NS::cuda_cub::__transform::no_stencil_tag, ctranslate2::cuda::gelu_func<__half>, thrust::THRUST_200700_860_NS::cuda_cub::__transform::always_true_predicate>>(T2, T3)+0x680
=========     by thread (102,0,0) in block (265,0,0)
=========     Address 0xe26dd7acc
========= 
========= Uninitialized __global__ memory read of size 2 bytes
=========     at void cub::CUB_200700_860_NS::detail::for_each::static_kernel<cub::CUB_200700_860_NS::detail::for_each::policy_hub_t::policy_350_t, long, thrust::THRUST_200700_860_NS::cuda_cub::__transform::unary_transform_f<const __half *, __half *, thrust::THRUST_200700_860_NS::cuda_cub::__transform::no_stencil_tag, ctranslate2::cuda::gelu_func<__half>, thrust::THRUST_200700_860_NS::cuda_cub::__transform::always_true_predicate>>(T2, T3)+0x680
=========     by thread (103,0,0) in block (265,0,0)
=========     Address 0xe26dd7ace
========= 
========= Uninitialized __global__ memory read of size 2 bytes
=========     at void cub::CUB_200700_860_NS::detail::for_each::static_kernel<cub::CUB_200700_860_NS::detail::for_each::policy_hub_t::policy_350_t, long, thrust::THRUST_200700_860_NS::cuda_cub::__transform::unary_transform_f<const __half *, __half *, thrust::THRUST_200700_860_NS::cuda_cub::__transform::no_stencil_tag, ctranslate2::cuda::gelu_func<__half>, thrust::THRUST_200700_860_NS::cuda_cub::__transform::always_true_predicate>>(T2, T3)+0x680
=========     by thread (104,0,0) in block (265,0,0)
=========     Address 0xe26dd7ad0
========= 
========= Uninitialized __global__ memory read of size 2 bytes
=========     at void cub::CUB_200700_860_NS::detail::for_each::static_kernel<cub::CUB_200700_860_NS::detail::for_each::policy_hub_t::policy_350_t, long, thrust::THRUST_200700_860_NS::cuda_cub::__transform::unary_transform_f<const __half *, __half *, thrust::THRUST_200700_860_NS::cuda_cub::__transform::no_stencil_tag, ctranslate2::cuda::gelu_func<__half>, thrust::THRUST_200700_860_NS::cuda_cub::__transform::always_true_predicate>>(T2, T3)+0x680
=========     by thread (105,0,0) in block (265,0,0)
=========     Address 0xe26dd7ad2
========= 
========= Uninitialized __global__ memory read of size 2 bytes
=========     at void cub::CUB_200700_860_NS::detail::for_each::static_kernel<cub::CUB_200700_860_NS::detail::for_each::policy_hub_t::policy_350_t, long, thrust::THRUST_200700_860_NS::cuda_cub::__transform::unary_transform_f<const __half *, __half *, thrust::THRUST_200700_860_NS::cuda_cub::__transform::no_stencil_tag, ctranslate2::cuda::gelu_func<__half>, thrust::THRUST_200700_860_NS::cuda_cub::__transform::always_true_predicate>>(T2, T3)+0x680
=========     by thread (106,0,0) in block (265,0,0)
=========     Address 0xe26dd7ad4
========= 
========= Uninitialized __global__ memory read of size 2 bytes
=========     at void cub::CUB_200700_860_NS::detail::for_each::static_kernel<cub::CUB_200700_860_NS::detail::for_each::policy_hub_t::policy_350_t, long, thrust::THRUST_200700_860_NS::cuda_cub::__transform::unary_transform_f<const __half *, __half *, thrust::THRUST_200700_860_NS::cuda_cub::__transform::no_stencil_tag, ctranslate2::cuda::gelu_func<__half>, thrust::THRUST_200700_860_NS::cuda_cub::__transform::always_true_predicate>>(T2, T3)+0x680
=========     by thread (107,0,0) in block (265,0,0)
=========     Address 0xe26dd7ad6
========= 
========= Uninitialized __global__ memory read of size 2 bytes
=========     at void cub::CUB_200700_860_NS::detail::for_each::static_kernel<cub::CUB_200700_860_NS::detail::for_each::policy_hub_t::policy_350_t, long, thrust::THRUST_200700_860_NS::cuda_cub::__transform::unary_transform_f<const __half *, __half *, thrust::THRUST_200700_860_NS::cuda_cub::__transform::no_stencil_tag, ctranslate2::cuda::gelu_func<__half>, thrust::THRUST_200700_860_NS::cuda_cub::__transform::always_true_predicate>>(T2, T3)+0x680
=========     by thread (108,0,0) in block (265,0,0)
=========     Address 0xe26dd7ad8
========= 
========= Uninitialized __global__ memory read of size 2 bytes
=========     at void cub::CUB_200700_860_NS::detail::for_each::static_kernel<cub::CUB_200700_860_NS::detail::for_each::policy_hub_t::policy_350_t, long, thrust::THRUST_200700_860_NS::cuda_cub::__transform::unary_transform_f<const __half *, __half *, thrust::THRUST_200700_860_NS::cuda_cub::__transform::no_stencil_tag, ctranslate2::cuda::gelu_func<__half>, thrust::THRUST_200700_860_NS::cuda_cub::__transform::always_true_predicate>>(T2, T3)+0x680
=========     by thread (109,0,0) in block (265,0,0)
=========     Address 0xe26dd7ada
========= 
========= Uninitialized __global__ memory read of size 2 bytes
=========     at void cub::CUB_200700_860_NS::detail::for_each::static_kernel<cub::CUB_200700_860_NS::detail::for_each::policy_hub_t::policy_350_t, long, thrust::THRUST_200700_860_NS::cuda_cub::__transform::unary_transform_f<const __half *, __half *, thrust::THRUST_200700_860_NS::cuda_cub::__transform::no_stencil_tag, ctranslate2::cuda::gelu_func<__half>, thrust::THRUST_200700_860_NS::cuda_cub::__transform::always_true_predicate>>(T2, T3)+0x680
=========     by thread (110,0,0) in block (265,0,0)
=========     Address 0xe26dd7adc
========= 
========= Uninitialized __global__ memory read of size 2 bytes
=========     at void cub::CUB_200700_860_NS::detail::for_each::static_kernel<cub::CUB_200700_860_NS::detail::for_each::policy_hub_t::policy_350_t, long, thrust::THRUST_200700_860_NS::cuda_cub::__transform::unary_transform_f<const __half *, __half *, thrust::THRUST_200700_860_NS::cuda_cub::__transform::no_stencil_tag, ctranslate2::cuda::gelu_func<__half>, thrust::THRUST_200700_860_NS::cuda_cub::__transform::always_true_predicate>>(T2, T3)+0x680
=========     by thread (111,0,0) in block (265,0,0)
=========     Address 0xe26dd7ade
========= 
========= Uninitialized __global__ memory read of size 2 bytes
=========     at void cub::CUB_200700_860_NS::detail::for_each::static_kernel<cub::CUB_200700_860_NS::detail::for_each::policy_hub_t::policy_350_t, long, thrust::THRUST_200700_860_NS::cuda_cub::__transform::unary_transform_f<const __half *, __half *, thrust::THRUST_200700_860_NS::cuda_cub::__transform::no_stencil_tag, ctranslate2::cuda::gelu_func<__half>, thrust::THRUST_200700_860_NS::cuda_cub::__transform::always_true_predicate>>(T2, T3)+0x680
=========     by thread (32,0,0) in block (185,0,0)
=========     Address 0xe26dc3a40
========= 
========= Uninitialized __global__ memory read of size 2 bytes
=========     at void cub::CUB_200700_860_NS::detail::for_each::static_kernel<cub::CUB_200700_860_NS::detail::for_each::policy_hub_t::policy_350_t, long, thrust::THRUST_200700_860_NS::cuda_cub::__transform::unary_transform_f<const __half *, __half *, thrust::THRUST_200700_860_NS::cuda_cub::__transform::no_stencil_tag, ctranslate2::cuda::gelu_func<__half>, thrust::THRUST_200700_860_NS::cuda_cub::__transform::always_true_predicate>>(T2, T3)+0x680
=========     by thread (0,0,0) in block (55,0,0)
=========     Address 0xe26da3200
========= 
========= Uninitialized __global__ memory read of size 2 bytes
=========     at void cub::CUB_200700_860_NS::detail::for_each::static_kernel<cub::CUB_200700_860_NS::detail::for_each::policy_hub_t::policy_350_t, long, thrust::THRUST_200700_860_NS::cuda_cub::__transform::unary_transform_f<const __half *, __half *, thrust::THRUST_200700_860_NS::cuda_cub::__transform::no_stencil_tag, ctranslate2::cuda::gelu_func<__half>, thrust::THRUST_200700_860_NS::cuda_cub::__transform::always_true_predicate>>(T2, T3)+0x680
=========     by thread (33,0,0) in block (185,0,0)
=========     Address 0xe26dc3a42
========= 
========= Uninitialized __global__ memory read of size 2 bytes
=========     at void cub::CUB_200700_860_NS::detail::for_each::static_kernel<cub::CUB_200700_860_NS::detail::for_each::policy_hub_t::policy_350_t, long, thrust::THRUST_200700_860_NS::cuda_cub::__transform::unary_transform_f<const __half *, __half *, thrust::THRUST_200700_860_NS::cuda_cub::__transform::no_stencil_tag, ctranslate2::cuda::gelu_func<__half>, thrust::THRUST_200700_860_NS::cuda_cub::__transform::always_true_predicate>>(T2, T3)+0x680
=========     by thread (34,0,0) in block (185,0,0)
=========     Address 0xe26dc3a44
========= 
========= Uninitialized __global__ memory read of size 2 bytes
=========     at void cub::CUB_200700_860_NS::detail::for_each::static_kernel<cub::CUB_200700_860_NS::detail::for_each::policy_hub_t::policy_350_t, long, thrust::THRUST_200700_860_NS::cuda_cub::__transform::unary_transform_f<const __half *, __half *, thrust::THRUST_200700_860_NS::cuda_cub::__transform::no_stencil_tag, ctranslate2::cuda::gelu_func<__half>, thrust::THRUST_200700_860_NS::cuda_cub::__transform::always_true_predicate>>(T2, T3)+0x680
=========     by thread (1,0,0) in block (55,0,0)
=========     Address 0xe26da3202
========= 
========= Uninitialized __global__ memory read of size 2 bytes
=========     at void cub::CUB_200700_860_NS::detail::for_each::static_kernel<cub::CUB_200700_860_NS::detail::for_each::policy_hub_t::policy_350_t, long, thrust::THRUST_200700_860_NS::cuda_cub::__transform::unary_transform_f<const __half *, __half *, thrust::THRUST_200700_860_NS::cuda_cub::__transform::no_stencil_tag, ctranslate2::cuda::gelu_func<__half>, thrust::THRUST_200700_860_NS::cuda_cub::__transform::always_true_predicate>>(T2, T3)+0x680
=========     by thread (35,0,0) in block (185,0,0)
=========     Address 0xe26dc3a46
========= 
========= Uninitialized __global__ memory read of size 2 bytes
=========     at void cub::CUB_200700_860_NS::detail::for_each::static_kernel<cub::CUB_200700_860_NS::detail::for_each::policy_hub_t::policy_350_t, long, thrust::THRUST_200700_860_NS::cuda_cub::__transform::unary_transform_f<const __half *, __half *, thrust::THRUST_200700_860_NS::cuda_cub::__transform::no_stencil_tag, ctranslate2::cuda::gelu_func<__half>, thrust::THRUST_200700_860_NS::cuda_cub::__transform::always_true_predicate>>(T2, T3)+0x680
=========     by thread (36,0,0) in block (185,0,0)
=========     Address 0xe26dc3a48
========= 
========= Uninitialized __global__ memory read of size 2 bytes
=========     at void cub::CUB_200700_860_NS::detail::for_each::static_kernel<cub::CUB_200700_860_NS::detail::for_each::policy_hub_t::policy_350_t, long, thrust::THRUST_200700_860_NS::cuda_cub::__transform::unary_transform_f<const __half *, __half *, thrust::THRUST_200700_860_NS::cuda_cub::__transform::no_stencil_tag, ctranslate2::cuda::gelu_func<__half>, thrust::THRUST_200700_860_NS::cuda_cub::__transform::always_true_predicate>>(T2, T3)+0x680
=========     by thread (2,0,0) in block (55,0,0)
=========     Address 0xe26da3204
========= 
========= Uninitialized __global__ memory read of size 2 bytes
=========     at void cub::CUB_200700_860_NS::detail::for_each::static_kernel<cub::CUB_200700_860_NS::detail::for_each::policy_hub_t::policy_350_t, long, thrust::THRUST_200700_860_NS::cuda_cub::__transform::unary_transform_f<const __half *, __half *, thrust::THRUST_200700_860_NS::cuda_cub::__transform::no_stencil_tag, ctranslate2::cuda::gelu_func<__half>, thrust::THRUST_200700_860_NS::cuda_cub::__transform::always_true_predicate>>(T2, T3)+0x680
=========     by thread (37,0,0) in block (185,0,0)
=========     Address 0xe26dc3a4a
========= 
========= Uninitialized __global__ memory read of size 2 bytes
=========     at void cub::CUB_200700_860_NS::detail::for_each::static_kernel<cub::CUB_200700_860_NS::detail::for_each::policy_hub_t::policy_350_t, long, thrust::THRUST_200700_860_NS::cuda_cub::__transform::unary_transform_f<const __half *, __half *, thrust::THRUST_200700_860_NS::cuda_cub::__transform::no_stencil_tag, ctranslate2::cuda::gelu_func<__half>, thrust::THRUST_200700_860_NS::cuda_cub::__transform::always_true_predicate>>(T2, T3)+0x680
=========     by thread (3,0,0) in block (55,0,0)
=========     Address 0xe26da3206
========= 
========= Uninitialized __global__ memory read of size 2 bytes
=========     at void cub::CUB_200700_860_NS::detail::for_each::static_kernel<cub::CUB_200700_860_NS::detail::for_each::policy_hub_t::policy_350_t, long, thrust::THRUST_200700_860_NS::cuda_cub::__transform::unary_transform_f<const __half *, __half *, thrust::THRUST_200700_860_NS::cuda_cub::__transform::no_stencil_tag, ctranslate2::cuda::gelu_func<__half>, thrust::THRUST_200700_860_NS::cuda_cub::__transform::always_true_predicate>>(T2, T3)+0x680
=========     by thread (38,0,0) in block (185,0,0)
=========     Address 0xe26dc3a4c
========= 
========= Uninitialized __global__ memory read of size 2 bytes
=========     at void cub::CUB_200700_860_NS::detail::for_each::static_kernel<cub::CUB_200700_860_NS::detail::for_each::policy_hub_t::policy_350_t, long, thrust::THRUST_200700_860_NS::cuda_cub::__transform::unary_transform_f<const __half *, __half *, thrust::THRUST_200700_860_NS::cuda_cub::__transform::no_stencil_tag, ctranslate2::cuda::gelu_func<__half>, thrust::THRUST_200700_860_NS::cuda_cub::__transform::always_true_predicate>>(T2, T3)+0x680
=========     by thread (4,0,0) in block (55,0,0)
=========     Address 0xe26da3208
========= 
========= Uninitialized __global__ memory read of size 2 bytes
=========     at void cub::CUB_200700_860_NS::detail::for_each::static_kernel<cub::CUB_200700_860_NS::detail::for_each::policy_hub_t::policy_350_t, long, thrust::THRUST_200700_860_NS::cuda_cub::__transform::unary_transform_f<const __half *, __half *, thrust::THRUST_200700_860_NS::cuda_cub::__transform::no_stencil_tag, ctranslate2::cuda::gelu_func<__half>, thrust::THRUST_200700_860_NS::cuda_cub::__transform::always_true_predicate>>(T2, T3)+0x680
=========     by thread (39,0,0) in block (185,0,0)
=========     Address 0xe26dc3a4e
========= 
========= Uninitialized __global__ memory read of size 2 bytes
=========     at void cub::CUB_200700_860_NS::detail::for_each::static_kernel<cub::CUB_200700_860_NS::detail::for_each::policy_hub_t::policy_350_t, long, thrust::THRUST_200700_860_NS::cuda_cub::__transform::unary_transform_f<const __half *, __half *, thrust::THRUST_200700_860_NS::cuda_cub::__transform::no_stencil_tag, ctranslate2::cuda::gelu_func<__half>, thrust::THRUST_200700_860_NS::cuda_cub::__transform::always_true_predicate>>(T2, T3)+0x680
=========     by thread (40,0,0) in block (185,0,0)
# ...
SANCELL b5 [84] [-0.195126]
========= ERROR SUMMARY: 2300303 errors
========= ERROR SUMMARY: 2092130 errors were not printed. Use --print-limit option to adjust the number of printed errors
========= 389984770 errors were skipped (error buffer overflow).
rc=0
========= 
========= Warning: Error buffer overflow has been detected. Some records have been dropped
========= 
========= Warning: Error buffer overflow has been detected. Some records have been dropped
========= 
========= Warning: Error buffer overflow has been detected. Some records have been dropped
========= 
========= Warning: Error buffer overflow has been detected. Some records have been dropped
========= 
========= Warning: Error buffer overflow has been detected. Some records have been dropped
========= 
========= Warning: Error buffer overflow has been detected. Some records have been dropped
========= 
========= Warning: Error buffer overflow has been detected. Some records have been dropped
========= 
========= ERROR SUMMARY: 2300303 errors
========= ERROR SUMMARY: 2092130 errors were not printed. Use --print-limit option to adjust the number of printed errors
========= 
========= 389984770 errors were skipped (error buffer overflow).
rc=0
