up small float16 ts=True b1 n=1: 287.1 ms, 287.1 ms/window, 97 tok
up small float16 ts=True b1 n=4: 463.4 ms, 115.8 ms/window, 335 tok
up small float16 ts=True b1 n=8: 680.4 ms, 85.1 ms/window, 605 tok
up small float16 ts=True b5 n=1: 503.0 ms, 503.0 ms/window, 97 tok
up small float16 ts=True b5 n=4: 1234.3 ms, 308.6 ms/window, 338 tok
up small float16 ts=True b5 n=8: 2343.4 ms, 292.9 ms/window, 605 tok
up small float16 ts=False b1 n=1: 262.4 ms, 262.4 ms/window, 95 tok
up small float16 ts=False b1 n=4: 368.9 ms, 92.2 ms/window, 313 tok
up small float16 ts=False b1 n=8: 489.4 ms, 61.2 ms/window, 564 tok
up small float16 ts=False b5 n=1: 343.5 ms, 343.5 ms/window, 91 tok
up small float16 ts=False b5 n=4: 429.2 ms, 107.3 ms/window, 308 tok
up small float16 ts=False b5 n=8: 587.4 ms, 73.4 ms/window, 561 tok
up small int8_float16 ts=True b1 n=1: 355.6 ms, 355.6 ms/window, 97 tok
up small int8_float16 ts=True b1 n=4: 509.2 ms, 127.3 ms/window, 334 tok
up small int8_float16 ts=True b1 n=8: 700.5 ms, 87.6 ms/window, 589 tok
up small int8_float16 ts=True b5 n=1: 612.0 ms, 612.0 ms/window, 105 tok
up small int8_float16 ts=True b5 n=4: 1375.1 ms, 343.8 ms/window, 358 tok
up small int8_float16 ts=True b5 n=8: 2577.1 ms, 322.1 ms/window, 587 tok
up small int8_float16 ts=False b1 n=1: 321.9 ms, 321.9 ms/window, 95 tok
up small int8_float16 ts=False b1 n=4: 394.8 ms, 98.7 ms/window, 308 tok
up small int8_float16 ts=False b1 n=8: 519.8 ms, 65.0 ms/window, 562 tok
up small int8_float16 ts=False b5 n=1: 365.1 ms, 365.1 ms/window, 91 tok
up small int8_float16 ts=False b5 n=4: 470.2 ms, 117.5 ms/window, 304 tok
up small int8_float16 ts=False b5 n=8: 648.6 ms, 81.1 ms/window, 555 tok
up large-v3 float16 ts=True b1 n=1: 920.7 ms, 920.7 ms/window, 105 tok
up large-v3 float16 ts=True b1 n=4: 1492.4 ms, 373.1 ms/window, 321 tok
up large-v3 float16 ts=True b1 n=8: 2223.5 ms, 277.9 ms/window, 599 tok
up large-v3 float16 ts=True b5 n=1: 1250.4 ms, 1250.4 ms/window, 105 tok
up large-v3 float16 ts=True b5 n=4: 2264.9 ms, 566.2 ms/window, 346 tok
up large-v3 float16 ts=True b5 n=8: 3860.8 ms, 482.6 ms/window, 623 tok
up large-v3 float16 ts=False b1 n=1: 795.6 ms, 795.6 ms/window, 91 tok
up large-v3 float16 ts=False b1 n=4: 1328.0 ms, 332.0 ms/window, 308 tok
up large-v3 float16 ts=False b1 n=8: 2022.4 ms, 252.8 ms/window, 568 tok
up large-v3 float16 ts=False b5 n=1: 986.9 ms, 986.9 ms/window, 92 tok
up large-v3 float16 ts=False b5 n=4: 1548.7 ms, 387.2 ms/window, 311 tok
up large-v3 float16 ts=False b5 n=8: 2379.7 ms, 297.5 ms/window, 554 tok
up large-v3 int8_float16 ts=True b1 n=1: 969.4 ms, 969.4 ms/window, 105 tok
up large-v3 int8_float16 ts=True b1 n=4: 1446.8 ms, 361.7 ms/window, 328 tok
up large-v3 int8_float16 ts=True b1 n=8: 2166.8 ms, 270.8 ms/window, 608 tok
up large-v3 int8_float16 ts=True b5 n=1: 1207.7 ms, 1207.7 ms/window, 105 tok
up large-v3 int8_float16 ts=True b5 n=4: 2367.2 ms, 591.8 ms/window, 357 tok
up large-v3 int8_float16 ts=True b5 n=8: 4006.6 ms, 500.8 ms/window, 638 tok
up large-v3 int8_float16 ts=False b1 n=1: 849.2 ms, 849.2 ms/window, 91 tok
up large-v3 int8_float16 ts=False b1 n=4: 1270.5 ms, 317.6 ms/window, 308 tok
up large-v3 int8_float16 ts=False b1 n=8: 1962.9 ms, 245.4 ms/window, 568 tok
up large-v3 int8_float16 ts=False b5 n=1: 986.2 ms, 986.2 ms/window, 92 tok
up large-v3 int8_float16 ts=False b5 n=4: 1625.7 ms, 406.4 ms/window, 303 tok
up large-v3 int8_float16 ts=False b5 n=8: 2441.0 ms, 305.1 ms/window, 553 tok
wrote /opt/real/batch_up.json 48
