head small float16 ts=True b1 n=1: 220.3 ms, 220.3 ms/window, 97 tok
head small float16 ts=True b1 n=4: 324.2 ms, 81.0 ms/window, 335 tok
head small float16 ts=True b1 n=8: 469.5 ms, 58.7 ms/window, 605 tok
head small float16 ts=True b5 n=1: 274.5 ms, 274.5 ms/window, 97 tok
head small float16 ts=True b5 n=4: 382.4 ms, 95.6 ms/window, 338 tok
head small float16 ts=True b5 n=8: 568.3 ms, 71.0 ms/window, 605 tok
head small float16 ts=False b1 n=1: 214.9 ms, 214.9 ms/window, 95 tok
head small float16 ts=False b1 n=4: 312.0 ms, 78.0 ms/window, 313 tok
head small float16 ts=False b1 n=8: 448.8 ms, 56.1 ms/window, 564 tok
head small float16 ts=False b5 n=1: 270.3 ms, 270.3 ms/window, 91 tok
head small float16 ts=False b5 n=4: 360.3 ms, 90.1 ms/window, 308 tok
head small float16 ts=False b5 n=8: 541.5 ms, 67.7 ms/window, 562 tok
head small int8_float16 ts=True b1 n=1: 308.8 ms, 308.8 ms/window, 97 tok
head small int8_float16 ts=True b1 n=4: 405.3 ms, 101.3 ms/window, 334 tok
head small int8_float16 ts=True b1 n=8: 526.1 ms, 65.8 ms/window, 589 tok
head small int8_float16 ts=True b5 n=1: 379.0 ms, 379.0 ms/window, 105 tok
head small int8_float16 ts=True b5 n=4: 492.2 ms, 123.1 ms/window, 358 tok
head small int8_float16 ts=True b5 n=8: 673.0 ms, 84.1 ms/window, 587 tok
head small int8_float16 ts=False b1 n=1: 307.9 ms, 307.9 ms/window, 95 tok
head small int8_float16 ts=False b1 n=4: 384.3 ms, 96.1 ms/window, 308 tok
head small int8_float16 ts=False b1 n=8: 509.2 ms, 63.7 ms/window, 562 tok
head small int8_float16 ts=False b5 n=1: 342.7 ms, 342.7 ms/window, 91 tok
head small int8_float16 ts=False b5 n=4: 453.7 ms, 113.4 ms/window, 304 tok
head small int8_float16 ts=False b5 n=8: 631.1 ms, 78.9 ms/window, 555 tok
head large-v3 float16 ts=True b1 n=1: 830.7 ms, 830.7 ms/window, 105 tok
head large-v3 float16 ts=True b1 n=4: 1358.0 ms, 339.5 ms/window, 328 tok
head large-v3 float16 ts=True b1 n=8: 2019.9 ms, 252.5 ms/window, 606 tok
head large-v3 float16 ts=True b5 n=1: 1023.7 ms, 1023.7 ms/window, 105 tok
head large-v3 float16 ts=True b5 n=4: 1600.7 ms, 400.2 ms/window, 346 tok
head large-v3 float16 ts=True b5 n=8: 2408.3 ms, 301.0 ms/window, 623 tok
head large-v3 float16 ts=False b1 n=1: 736.3 ms, 736.3 ms/window, 91 tok
head large-v3 float16 ts=False b1 n=4: 1248.9 ms, 312.2 ms/window, 308 tok
head large-v3 float16 ts=False b1 n=8: 1929.8 ms, 241.2 ms/window, 568 tok
head large-v3 float16 ts=False b5 n=1: 906.6 ms, 906.6 ms/window, 92 tok
head large-v3 float16 ts=False b5 n=4: 1463.0 ms, 365.7 ms/window, 311 tok
head large-v3 float16 ts=False b5 n=8: 2259.2 ms, 282.4 ms/window, 554 tok
head large-v3 int8_float16 ts=True b1 n=1: 907.8 ms, 907.8 ms/window, 105 tok
head large-v3 int8_float16 ts=True b1 n=4: 1368.3 ms, 342.1 ms/window, 328 tok
head large-v3 int8_float16 ts=True b1 n=8: 2015.3 ms, 251.9 ms/window, 608 tok
head large-v3 int8_float16 ts=True b5 n=1: 1032.9 ms, 1032.9 ms/window, 105 tok
head large-v3 int8_float16 ts=True b5 n=4: 1752.5 ms, 438.1 ms/window, 357 tok
head large-v3 int8_float16 ts=True b5 n=8: 2551.7 ms, 319.0 ms/window, 638 tok
head large-v3 int8_float16 ts=False b1 n=1: 821.6 ms, 821.6 ms/window, 91 tok
head large-v3 int8_float16 ts=False b1 n=4: 1253.0 ms, 313.3 ms/window, 308 tok
head large-v3 int8_float16 ts=False b1 n=8: 1932.8 ms, 241.6 ms/window, 568 tok
head large-v3 int8_float16 ts=False b5 n=1: 902.0 ms, 902.0 ms/window, 92 tok
head large-v3 int8_float16 ts=False b5 n=4: 1586.1 ms, 396.5 ms/window, 303 tok
head large-v3 int8_float16 ts=False b5 n=8: 2363.3 ms, 295.4 ms/window, 553 tok
wrote /opt/real/batch_head.json 48
