r3fix small float16 ts=True b1 n=1: 166.6 ms, 166.6 ms/window, 84 tok
r3fix small float16 ts=True b1 n=4: 259.6 ms, 64.9 ms/window, 336 tok
r3fix small float16 ts=True b1 n=8: 381.3 ms, 47.7 ms/window, 667 tok
r3fix small float16 ts=True b5 n=1: 248.5 ms, 248.5 ms/window, 84 tok
r3fix small float16 ts=True b5 n=4: 477.6 ms, 119.4 ms/window, 347 tok
r3fix small float16 ts=True b5 n=8: 781.9 ms, 97.7 ms/window, 670 tok
r3fix small float16 ts=False b1 n=1: 23.8 ms, 23.8 ms/window, 5 tok
r3fix small float16 ts=False b1 n=4: 234.0 ms, 58.5 ms/window, 249 tok
r3fix small float16 ts=False b1 n=8: 331.1 ms, 41.4 ms/window, 506 tok
r3fix small float16 ts=False b5 n=1: 57.6 ms, 57.6 ms/window, 16 tok
r3fix small float16 ts=False b5 n=4: 336.1 ms, 84.0 ms/window, 173 tok
r3fix small float16 ts=False b5 n=8: 499.4 ms, 62.4 ms/window, 329 tok
r3fix small int8_float16 ts=True b1 n=1: 235.5 ms, 235.5 ms/window, 85 tok
r3fix small int8_float16 ts=True b1 n=4: 335.3 ms, 83.8 ms/window, 335 tok
r3fix small int8_float16 ts=True b1 n=8: 419.9 ms, 52.5 ms/window, 666 tok
r3fix small int8_float16 ts=True b5 n=1: 259.9 ms, 259.9 ms/window, 84 tok
r3fix small int8_float16 ts=True b5 n=4: 567.6 ms, 141.9 ms/window, 353 tok
r3fix small int8_float16 ts=True b5 n=8: 885.8 ms, 110.7 ms/window, 676 tok
r3fix small int8_float16 ts=False b1 n=1: 29.6 ms, 29.6 ms/window, 5 tok
r3fix small int8_float16 ts=False b1 n=4: 282.6 ms, 70.6 ms/window, 249 tok
r3fix small int8_float16 ts=False b1 n=8: 368.8 ms, 46.1 ms/window, 508 tok
r3fix small int8_float16 ts=False b5 n=1: 77.1 ms, 77.1 ms/window, 21 tok
r3fix small int8_float16 ts=False b5 n=4: 455.5 ms, 113.9 ms/window, 262 tok
r3fix small int8_float16 ts=False b5 n=8: 599.4 ms, 74.9 ms/window, 386 tok
r3fix large-v3 float16 ts=True b1 n=1: 152.3 ms, 152.3 ms/window, 11 tok
r3fix large-v3 float16 ts=True b1 n=4: 1032.6 ms, 258.1 ms/window, 252 tok
r3fix large-v3 float16 ts=True b1 n=8: 1559.0 ms, 194.9 ms/window, 568 tok
r3fix large-v3 float16 ts=True b5 n=1: 441.1 ms, 441.1 ms/window, 35 tok
r3fix large-v3 float16 ts=True b5 n=4: 1754.6 ms, 438.6 ms/window, 276 tok
r3fix large-v3 float16 ts=True b5 n=8: 3046.5 ms, 380.8 ms/window, 592 tok
r3fix large-v3 float16 ts=False b1 n=1: 253.8 ms, 253.8 ms/window, 26 tok
r3fix large-v3 float16 ts=False b1 n=4: 987.7 ms, 246.9 ms/window, 255 tok
r3fix large-v3 float16 ts=False b1 n=8: 1466.8 ms, 183.4 ms/window, 555 tok
r3fix large-v3 float16 ts=False b5 n=1: 340.5 ms, 340.5 ms/window, 23 tok
r3fix large-v3 float16 ts=False b5 n=4: 1631.9 ms, 408.0 ms/window, 237 tok
r3fix large-v3 float16 ts=False b5 n=8: 2807.3 ms, 350.9 ms/window, 515 tok
r3fix large-v3 int8_float16 ts=True b1 n=1: 154.7 ms, 154.7 ms/window, 11 tok
r3fix large-v3 int8_float16 ts=True b1 n=4: 1029.3 ms, 257.3 ms/window, 252 tok
r3fix large-v3 int8_float16 ts=True b1 n=8: 1561.8 ms, 195.2 ms/window, 570 tok
r3fix large-v3 int8_float16 ts=True b5 n=1: 440.7 ms, 440.7 ms/window, 35 tok
r3fix large-v3 int8_float16 ts=True b5 n=4: 1859.8 ms, 464.9 ms/window, 276 tok
r3fix large-v3 int8_float16 ts=True b5 n=8: 3175.7 ms, 397.0 ms/window, 593 tok
r3fix large-v3 int8_float16 ts=False b1 n=1: 260.0 ms, 260.0 ms/window, 26 tok
r3fix large-v3 int8_float16 ts=False b1 n=4: 982.1 ms, 245.5 ms/window, 255 tok
r3fix large-v3 int8_float16 ts=False b1 n=8: 1469.7 ms, 183.7 ms/window, 555 tok
r3fix large-v3 int8_float16 ts=False b5 n=1: 340.6 ms, 340.6 ms/window, 24 tok
r3fix large-v3 int8_float16 ts=False b5 n=4: 1735.8 ms, 434.0 ms/window, 237 tok
r3fix large-v3 int8_float16 ts=False b5 n=8: 2899.1 ms, 362.4 ms/window, 516 tok
wrote /opt/real/r5/grid_r3fix.json 48
