r2grid small float16 ts=True b1 n=1: 167.2 ms, 167.2 ms/window, 84 tok
r2grid small float16 ts=True b1 n=4: 260.1 ms, 65.0 ms/window, 336 tok
r2grid small float16 ts=True b1 n=8: 381.2 ms, 47.7 ms/window, 667 tok
r2grid small float16 ts=True b5 n=1: 257.9 ms, 257.9 ms/window, 84 tok
r2grid small float16 ts=True b5 n=4: 499.1 ms, 124.8 ms/window, 347 tok
r2grid small float16 ts=True b5 n=8: 810.7 ms, 101.3 ms/window, 670 tok
r2grid small float16 ts=False b1 n=1: 23.8 ms, 23.8 ms/window, 5 tok
r2grid small float16 ts=False b1 n=4: 236.5 ms, 59.1 ms/window, 249 tok
r2grid small float16 ts=False b1 n=8: 333.7 ms, 41.7 ms/window, 506 tok
r2grid small float16 ts=False b5 n=1: 61.7 ms, 61.7 ms/window, 16 tok
r2grid small float16 ts=False b5 n=4: 356.6 ms, 89.1 ms/window, 173 tok
r2grid small float16 ts=False b5 n=8: 527.3 ms, 65.9 ms/window, 329 tok
r2grid small int8_float16 ts=True b1 n=1: 234.1 ms, 234.1 ms/window, 85 tok
r2grid small int8_float16 ts=True b1 n=4: 334.8 ms, 83.7 ms/window, 335 tok
r2grid small int8_float16 ts=True b1 n=8: 420.2 ms, 52.5 ms/window, 666 tok
r2grid small int8_float16 ts=True b5 n=1: 269.4 ms, 269.4 ms/window, 84 tok
r2grid small int8_float16 ts=True b5 n=4: 594.2 ms, 148.5 ms/window, 353 tok
r2grid small int8_float16 ts=True b5 n=8: 921.5 ms, 115.2 ms/window, 676 tok
r2grid small int8_float16 ts=False b1 n=1: 30.8 ms, 30.8 ms/window, 5 tok
r2grid small int8_float16 ts=False b1 n=4: 279.1 ms, 69.8 ms/window, 249 tok
r2grid small int8_float16 ts=False b1 n=8: 373.0 ms, 46.6 ms/window, 508 tok
r2grid small int8_float16 ts=False b5 n=1: 84.0 ms, 84.0 ms/window, 21 tok
r2grid small int8_float16 ts=False b5 n=4: 474.1 ms, 118.5 ms/window, 262 tok
r2grid small int8_float16 ts=False b5 n=8: 631.7 ms, 79.0 ms/window, 386 tok
r2grid large-v3 float16 ts=True b1 n=1: 153.6 ms, 153.6 ms/window, 11 tok
r2grid large-v3 float16 ts=True b1 n=4: 1034.0 ms, 258.5 ms/window, 252 tok
r2grid large-v3 float16 ts=True b1 n=8: 1560.1 ms, 195.0 ms/window, 568 tok
r2grid large-v3 float16 ts=True b5 n=1: 463.2 ms, 463.2 ms/window, 35 tok
r2grid large-v3 float16 ts=True b5 n=4: 1815.4 ms, 453.9 ms/window, 276 tok
r2grid large-v3 float16 ts=True b5 n=8: 3162.3 ms, 395.3 ms/window, 592 tok
r2grid large-v3 float16 ts=False b1 n=1: 255.9 ms, 255.9 ms/window, 26 tok
r2grid large-v3 float16 ts=False b1 n=4: 992.8 ms, 248.2 ms/window, 255 tok
r2grid large-v3 float16 ts=False b1 n=8: 1471.4 ms, 183.9 ms/window, 555 tok
r2grid large-v3 float16 ts=False b5 n=1: 359.6 ms, 359.6 ms/window, 23 tok
r2grid large-v3 float16 ts=False b5 n=4: 1696.0 ms, 424.0 ms/window, 237 tok
r2grid large-v3 float16 ts=False b5 n=8: 2914.4 ms, 364.3 ms/window, 515 tok
r2grid large-v3 int8_float16 ts=True b1 n=1: 155.7 ms, 155.7 ms/window, 11 tok
r2grid large-v3 int8_float16 ts=True b1 n=4: 1029.4 ms, 257.3 ms/window, 252 tok
r2grid large-v3 int8_float16 ts=True b1 n=8: 1565.0 ms, 195.6 ms/window, 570 tok
r2grid large-v3 int8_float16 ts=True b5 n=1: 460.0 ms, 460.0 ms/window, 35 tok
r2grid large-v3 int8_float16 ts=True b5 n=4: 1928.2 ms, 482.0 ms/window, 276 tok
r2grid large-v3 int8_float16 ts=True b5 n=8: 3288.8 ms, 411.1 ms/window, 593 tok
r2grid large-v3 int8_float16 ts=False b1 n=1: 261.7 ms, 261.7 ms/window, 26 tok
r2grid large-v3 int8_float16 ts=False b1 n=4: 991.4 ms, 247.9 ms/window, 255 tok
r2grid large-v3 int8_float16 ts=False b1 n=8: 1476.1 ms, 184.5 ms/window, 555 tok
r2grid large-v3 int8_float16 ts=False b5 n=1: 357.8 ms, 357.8 ms/window, 24 tok
r2grid large-v3 int8_float16 ts=False b5 n=4: 1806.1 ms, 451.5 ms/window, 237 tok
r2grid large-v3 int8_float16 ts=False b5 n=8: 3016.3 ms, 377.0 ms/window, 516 tok
wrote /opt/real/r5/grid_r2.json 48
