r3grid small float16 ts=True b1 n=1: 166.6 ms, 166.6 ms/window, 84 tok
r3grid small float16 ts=True b1 n=4: 259.1 ms, 64.8 ms/window, 336 tok
r3grid small float16 ts=True b1 n=8: 380.6 ms, 47.6 ms/window, 667 tok
r3grid small float16 ts=True b5 n=1: 248.2 ms, 248.2 ms/window, 84 tok
r3grid small float16 ts=True b5 n=4: 475.9 ms, 119.0 ms/window, 347 tok
r3grid small float16 ts=True b5 n=8: 784.2 ms, 98.0 ms/window, 670 tok
r3grid small float16 ts=False b1 n=1: 23.8 ms, 23.8 ms/window, 5 tok
r3grid small float16 ts=False b1 n=4: 233.4 ms, 58.4 ms/window, 249 tok
r3grid small float16 ts=False b1 n=8: 330.4 ms, 41.3 ms/window, 506 tok
r3grid small float16 ts=False b5 n=1: 75.3 ms, 75.3 ms/window, 16 tok
r3grid small float16 ts=False b5 n=4: 347.9 ms, 87.0 ms/window, 173 tok
r3grid small float16 ts=False b5 n=8: 497.5 ms, 62.2 ms/window, 329 tok
r3grid small int8_float16 ts=True b1 n=1: 234.3 ms, 234.3 ms/window, 85 tok
r3grid small int8_float16 ts=True b1 n=4: 334.8 ms, 83.7 ms/window, 335 tok
r3grid small int8_float16 ts=True b1 n=8: 420.2 ms, 52.5 ms/window, 666 tok
r3grid small int8_float16 ts=True b5 n=1: 261.5 ms, 261.5 ms/window, 84 tok
r3grid small int8_float16 ts=True b5 n=4: 572.7 ms, 143.2 ms/window, 353 tok
r3grid small int8_float16 ts=True b5 n=8: 887.7 ms, 111.0 ms/window, 676 tok
r3grid small int8_float16 ts=False b1 n=1: 30.0 ms, 30.0 ms/window, 5 tok
r3grid small int8_float16 ts=False b1 n=4: 281.1 ms, 70.3 ms/window, 249 tok
r3grid small int8_float16 ts=False b1 n=8: 369.8 ms, 46.2 ms/window, 508 tok
r3grid small int8_float16 ts=False b5 n=1: 94.9 ms, 94.9 ms/window, 21 tok
r3grid small int8_float16 ts=False b5 n=4: 470.3 ms, 117.6 ms/window, 262 tok
r3grid small int8_float16 ts=False b5 n=8: 601.6 ms, 75.2 ms/window, 386 tok
r3grid large-v3 float16 ts=True b1 n=1: 152.2 ms, 152.2 ms/window, 11 tok
r3grid large-v3 float16 ts=True b1 n=4: 1032.4 ms, 258.1 ms/window, 252 tok
r3grid large-v3 float16 ts=True b1 n=8: 1557.3 ms, 194.7 ms/window, 568 tok
r3grid large-v3 float16 ts=True b5 n=1: 442.5 ms, 442.5 ms/window, 35 tok
r3grid large-v3 float16 ts=True b5 n=4: 1749.3 ms, 437.3 ms/window, 276 tok
r3grid large-v3 float16 ts=True b5 n=8: 3045.0 ms, 380.6 ms/window, 592 tok
r3grid large-v3 float16 ts=False b1 n=1: 253.4 ms, 253.4 ms/window, 26 tok
r3grid large-v3 float16 ts=False b1 n=4: 986.5 ms, 246.6 ms/window, 255 tok
r3grid large-v3 float16 ts=False b1 n=8: 1466.9 ms, 183.4 ms/window, 555 tok
r3grid large-v3 float16 ts=False b5 n=1: 427.4 ms, 427.4 ms/window, 23 tok
r3grid large-v3 float16 ts=False b5 n=4: 1681.7 ms, 420.4 ms/window, 237 tok
r3grid large-v3 float16 ts=False b5 n=8: 2801.3 ms, 350.2 ms/window, 515 tok
r3grid large-v3 int8_float16 ts=True b1 n=1: 154.1 ms, 154.1 ms/window, 11 tok
r3grid large-v3 int8_float16 ts=True b1 n=4: 1026.6 ms, 256.6 ms/window, 252 tok
r3grid large-v3 int8_float16 ts=True b1 n=8: 1559.1 ms, 194.9 ms/window, 570 tok
r3grid large-v3 int8_float16 ts=True b5 n=1: 438.5 ms, 438.5 ms/window, 35 tok
r3grid large-v3 int8_float16 ts=True b5 n=4: 1857.1 ms, 464.3 ms/window, 276 tok
r3grid large-v3 int8_float16 ts=True b5 n=8: 3166.5 ms, 395.8 ms/window, 593 tok
r3grid large-v3 int8_float16 ts=False b1 n=1: 259.6 ms, 259.6 ms/window, 26 tok
r3grid large-v3 int8_float16 ts=False b1 n=4: 981.1 ms, 245.3 ms/window, 255 tok
r3grid large-v3 int8_float16 ts=False b1 n=8: 1469.2 ms, 183.6 ms/window, 555 tok
r3grid large-v3 int8_float16 ts=False b5 n=1: 425.6 ms, 425.6 ms/window, 24 tok
r3grid large-v3 int8_float16 ts=False b5 n=4: 1785.2 ms, 446.3 ms/window, 237 tok
r3grid large-v3 int8_float16 ts=False b5 n=8: 2892.8 ms, 361.6 ms/window, 516 tok
wrote /opt/real/r5/grid_r3.json 48
