[base] eager reference
base small float16 ts=True b1 n=1: 164.3 ms, 164.3 ms/window, 84 tok
base small float16 ts=True b1 n=8: 454.2 ms, 56.8 ms/window, 667 tok
base small float16 ts=True b5 n=1: 216.0 ms, 216.0 ms/window, 84 tok
base small float16 ts=True b5 n=8: 562.1 ms, 70.3 ms/window, 672 tok
base small float16 ts=False b1 n=1: 35.7 ms, 35.7 ms/window, 5 tok
base small float16 ts=False b1 n=8: 410.8 ms, 51.3 ms/window, 506 tok
base small float16 ts=False b5 n=1: 63.8 ms, 63.8 ms/window, 16 tok
base small float16 ts=False b5 n=8: 425.8 ms, 53.2 ms/window, 329 tok
base small int8_float16 ts=True b1 n=1: 256.9 ms, 256.9 ms/window, 84 tok
base small int8_float16 ts=True b1 n=8: 529.5 ms, 66.2 ms/window, 663 tok
base small int8_float16 ts=True b5 n=1: 292.9 ms, 292.9 ms/window, 84 tok
base small int8_float16 ts=True b5 n=8: 664.6 ms, 83.1 ms/window, 673 tok
base small int8_float16 ts=False b1 n=1: 44.3 ms, 44.3 ms/window, 5 tok
base small int8_float16 ts=False b1 n=8: 451.1 ms, 56.4 ms/window, 492 tok
base small int8_float16 ts=False b5 n=1: 85.1 ms, 85.1 ms/window, 17 tok
base small int8_float16 ts=False b5 n=8: 515.6 ms, 64.4 ms/window, 358 tok
wrote /opt/real/r5/tok_base.json 16
[graphs] CT2_CUDA_GRAPHS=1 (reserve=max_length via clamp fn)
graphs small float16 ts=True b1 n=1: 152.6 ms, 152.6 ms/window, 84 tok
graphs small float16 ts=True b1 n=8: 462.7 ms, 57.8 ms/window, 667 tok
graphs small float16 ts=True b5 n=1: 234.9 ms, 234.9 ms/window, 84 tok
graphs small float16 ts=True b5 n=8: 874.0 ms, 109.3 ms/window, 672 tok
graphs small float16 ts=False b1 n=1: 37.9 ms, 37.9 ms/window, 5 tok
graphs small float16 ts=False b1 n=8: 431.6 ms, 53.9 ms/window, 506 tok
graphs small float16 ts=False b5 n=1: 77.9 ms, 77.9 ms/window, 16 tok
graphs small float16 ts=False b5 n=8: 600.1 ms, 75.0 ms/window, 329 tok
graphs small int8_float16 ts=True b1 n=1: 249.5 ms, 249.5 ms/window, 84 tok
graphs small int8_float16 ts=True b1 n=8: 543.6 ms, 68.0 ms/window, 664 tok
graphs small int8_float16 ts=True b5 n=1: 278.5 ms, 278.5 ms/window, 75 tok
graphs small int8_float16 ts=True b5 n=8: 996.3 ms, 124.5 ms/window, 681 tok
graphs small int8_float16 ts=False b1 n=1: 42.8 ms, 42.8 ms/window, 5 tok
graphs small int8_float16 ts=False b1 n=8: 472.9 ms, 59.1 ms/window, 496 tok
graphs small int8_float16 ts=False b5 n=1: 89.4 ms, 89.4 ms/window, 17 tok
graphs small int8_float16 ts=False b5 n=8: 691.8 ms, 86.5 ms/window, 358 tok
wrote /opt/real/r5/tok_graphs.json 16
[rsv128] CT2_CUDA_GRAPHS=1 CT2_CUDA_GRAPHS_RESERVE=128 (reserve=128 via clamp fn)
rsv128 small float16 ts=True b1 n=1: 149.1 ms, 149.1 ms/window, 84 tok
rsv128 small float16 ts=True b1 n=8: 445.9 ms, 55.7 ms/window, 667 tok
rsv128 small float16 ts=True b5 n=1: 202.4 ms, 202.4 ms/window, 84 tok
rsv128 small float16 ts=True b5 n=8: 608.0 ms, 76.0 ms/window, 672 tok
rsv128 small float16 ts=False b1 n=1: 37.4 ms, 37.4 ms/window, 5 tok
rsv128 small float16 ts=False b1 n=8: 416.8 ms, 52.1 ms/window, 506 tok
rsv128 small float16 ts=False b5 n=1: 65.3 ms, 65.3 ms/window, 16 tok
rsv128 small float16 ts=False b5 n=8: 460.0 ms, 57.5 ms/window, 329 tok
rsv128 small int8_float16 ts=True b1 n=1: 255.8 ms, 255.8 ms/window, 84 tok
rsv128 small int8_float16 ts=True b1 n=8: 528.2 ms, 66.0 ms/window, 662 tok
rsv128 small int8_float16 ts=True b5 n=1: 283.7 ms, 283.7 ms/window, 75 tok
rsv128 small int8_float16 ts=True b5 n=8: 721.5 ms, 90.2 ms/window, 673 tok
rsv128 small int8_float16 ts=False b1 n=1: 44.3 ms, 44.3 ms/window, 5 tok
rsv128 small int8_float16 ts=False b1 n=8: 467.2 ms, 58.4 ms/window, 496 tok
rsv128 small int8_float16 ts=False b5 n=1: 84.6 ms, 84.6 ms/window, 17 tok
rsv128 small int8_float16 ts=False b5 n=8: 545.6 ms, 68.2 ms/window, 358 tok
wrote /opt/real/r5/tok_rsv128.json 16
ALL_TOKCHECK_DONE
