Consolidate compiler generated dependencies of target ruy_profiler_instrumentation
Consolidate compiler generated dependencies of target ruy_system_aligned_alloc
Consolidate compiler generated dependencies of target clog
Consolidate compiler generated dependencies of target ruy_denormal
Consolidate compiler generated dependencies of target ruy_have_built_path_for_avx512
Consolidate compiler generated dependencies of target utils
Consolidate compiler generated dependencies of target ruy_wait
Consolidate compiler generated dependencies of target ruy_apply_multiplier
[  0%] Built target ruy_profiler_instrumentation
[  0%] Built target clog
[  2%] Built target utils
[  2%] Built target ruy_system_aligned_alloc
[  3%] Built target ruy_wait
[  4%] Built target ruy_denormal
[  5%] Built target ruy_apply_multiplier
[  5%] Built target ruy_have_built_path_for_avx512
Consolidate compiler generated dependencies of target ruy_have_built_path_for_avx2_fma
Consolidate compiler generated dependencies of target ruy_have_built_path_for_avx
Consolidate compiler generated dependencies of target cpu_features
Consolidate compiler generated dependencies of target ruy_prepacked_cache
Consolidate compiler generated dependencies of target ruy_allocator
Consolidate compiler generated dependencies of target gtest
Consolidate compiler generated dependencies of target ruy_block_map
Consolidate compiler generated dependencies of target cpuinfo
[  8%] Built target ruy_have_built_path_for_avx2_fma
[  8%] Built target ruy_have_built_path_for_avx
[ 10%] Built target cpu_features
[ 11%] Built target ruy_allocator
[ 11%] Built target ruy_prepacked_cache
[ 12%] Built target gtest
[ 12%] Built target ruy_block_map
[ 19%] Built target cpuinfo
Consolidate compiler generated dependencies of target ruy_blocking_counter
Consolidate compiler generated dependencies of target gtest_main
Consolidate compiler generated dependencies of target ruy_cpuinfo
[ 20%] Built target ruy_blocking_counter
[ 20%] Built target gtest_main
[ 22%] Built target ruy_cpuinfo
Consolidate compiler generated dependencies of target ruy_thread_pool
Consolidate compiler generated dependencies of target ruy_tune
[ 22%] Built target ruy_thread_pool
[ 22%] Built target ruy_tune
Consolidate compiler generated dependencies of target ruy_pack_arm
Consolidate compiler generated dependencies of target ruy_pack_avx512
Consolidate compiler generated dependencies of target ruy_kernel_arm
Consolidate compiler generated dependencies of target ruy_kernel_avx512
Consolidate compiler generated dependencies of target ruy_pack_avx2_fma
Consolidate compiler generated dependencies of target ruy_kernel_avx2_fma
Consolidate compiler generated dependencies of target ruy_kernel_avx
Consolidate compiler generated dependencies of target ruy_pack_avx
[ 26%] Built target ruy_pack_avx2_fma
[ 26%] Built target ruy_pack_avx512
[ 26%] Built target ruy_pack_arm
[ 26%] Built target ruy_kernel_avx2_fma
[ 26%] Built target ruy_kernel_arm
[ 26%] Built target ruy_kernel_avx512
[ 27%] Built target ruy_kernel_avx
[ 27%] Built target ruy_pack_avx
Consolidate compiler generated dependencies of target ruy_ctx
[ 27%] Built target ruy_ctx
Consolidate compiler generated dependencies of target ruy_prepare_packed_matrices
Consolidate compiler generated dependencies of target ruy_context
Consolidate compiler generated dependencies of target ruy_trmul
[ 31%] Built target ruy_prepare_packed_matrices
[ 31%] Built target ruy_context
[ 31%] Built target ruy_trmul
Consolidate compiler generated dependencies of target ruy_frontend
Consolidate compiler generated dependencies of target ruy_context_get_ctx
[ 32%] Built target ruy_context_get_ctx
[ 32%] Built target ruy_frontend
Consolidate compiler generated dependencies of target ctranslate2
[ 32%] Building CXX object CMakeFiles/ctranslate2.dir/src/decoding.cc.o
[ 32%] Building CXX object CMakeFiles/ctranslate2.dir/src/layers/transformer.cc.o
[ 32%] Building CXX object CMakeFiles/ctranslate2.dir/src/cuda/allocator.cc.o
[ 32%] Building CXX object CMakeFiles/ctranslate2.dir/src/cuda/graph_runner.cc.o
/home/ubuntu/w/r3/src/layers/transformer.cc: In lambda function:
/home/ubuntu/w/r3/src/layers/transformer.cc:1095:24: warning: unused variable ‘device’ [-Wunused-variable]
 1095 |             const auto device = outputs->device();
      |                        ^~~~~~
[ 33%] Linking CXX shared library libctranslate2.so
[ 96%] Built target ctranslate2
Consolidate compiler generated dependencies of target benchmark_ops
[ 96%] Linking CXX executable benchmark_ops
Consolidate compiler generated dependencies of target ctranslate2_test
[ 97%] Building CXX object tests/CMakeFiles/ctranslate2_test.dir/layers_test.cc.o
[ 97%] Building CXX object tests/CMakeFiles/ctranslate2_test.dir/ops_test.cc.o
[ 97%] Building CXX object tests/CMakeFiles/ctranslate2_test.dir/primitives_test.cc.o
/usr/bin/ld: ../libctranslate2.so.4.8.2: undefined reference to `ctranslate2::layers::PositionEncoder::add_position(ctranslate2::StorageView&, long, ctranslate2::StorageView const*)'
collect2: error: ld returned 1 exit status
gmake[2]: *** [tests/CMakeFiles/benchmark_ops.dir/build.make:100: tests/benchmark_ops] Error 1
gmake[1]: *** [CMakeFiles/Makefile2:1646: tests/CMakeFiles/benchmark_ops.dir/all] Error 2
gmake[1]: *** Waiting for unfinished jobs....
/home/ubuntu/w/r3/tests/ops_test.cc: In member function ‘virtual void OpDeviceTest_GatherBatchWithShadows_Test::TestBody()’:
/home/ubuntu/w/r3/tests/ops_test.cc:500:6: warning: suggest explicit braces to avoid ambiguous ‘else’ [-Wdangling-else]
  500 |   if (device == Device::CUDA)  // The CPU fallback leaves the shadow vector untouched.
      |      ^
[ 97%] Linking CXX executable ctranslate2_test
/usr/bin/ld: CMakeFiles/ctranslate2_test.dir/layers_test.cc.o: in function `LayerTest_PositionEncoderIndirectOffset_Test::TestBody()':
layers_test.cc:(.text+0x2eba): undefined reference to `ctranslate2::layers::PositionEncoder::add_position(ctranslate2::StorageView&, long, ctranslate2::StorageView const*)'
/usr/bin/ld: CMakeFiles/ctranslate2_test.dir/primitives_test.cc.o: in function `PrimitiveTest_IndirectVariants_Test::TestBody()':
primitives_test.cc:(.text+0xaae): undefined reference to `void ctranslate2::primitives<(ctranslate2::Device)1>::copy_2d_indirect<float>(float const*, long, float*, long, long, long, int const*, long)'
/usr/bin/ld: primitives_test.cc:(.text+0xd7b): undefined reference to `void ctranslate2::primitives<(ctranslate2::Device)1>::add_batch_broadcast_indirect<float>(float const*, int const*, long, float*, long)'
/usr/bin/ld: primitives_test.cc:(.text+0xec7): undefined reference to `void ctranslate2::primitives<(ctranslate2::Device)0>::copy_2d_indirect<float>(float const*, long, float*, long, long, long, int const*, long)'
/usr/bin/ld: primitives_test.cc:(.text+0xfc4): undefined reference to `void ctranslate2::primitives<(ctranslate2::Device)0>::add_batch_broadcast_indirect<float>(float const*, int const*, long, float*, long)'
collect2: error: ld returned 1 exit status
gmake[2]: *** [tests/CMakeFiles/ctranslate2_test.dir/build.make:260: tests/ctranslate2_test] Error 1
gmake[1]: *** [CMakeFiles/Makefile2:1620: tests/CMakeFiles/ctranslate2_test.dir/all] Error 2
gmake: *** [Makefile:136: all] Error 2
