[  1%] Built target ruy_profiler_instrumentation
[  1%] Built target clog
[  1%] Built target ruy_system_aligned_alloc
[  2%] Built target ruy_wait
[  3%] Built target ruy_denormal
[  4%] Built target ruy_apply_multiplier
[  4%] Built target ruy_have_built_path_for_avx512
[  5%] Built target utils
[  6%] Built target ruy_have_built_path_for_avx2_fma
[  6%] Built target ruy_have_built_path_for_avx
[  8%] Built target ruy_block_map
[  8%] Built target ruy_prepacked_cache
[  8%] Built target ruy_allocator
[  9%] Built target gtest
[ 16%] Built target cpuinfo
[ 17%] Built target ruy_blocking_counter
[ 20%] Built target cpu_features
[ 22%] Built target ruy_cpuinfo
[ 22%] Built target gtest_main
[ 22%] Built target ruy_thread_pool
[ 22%] Built target ruy_tune
[ 23%] Built target ruy_kernel_avx2_fma
[ 23%] Built target ruy_pack_avx512
[ 23%] Built target ruy_kernel_arm
[ 26%] Built target ruy_kernel_avx512
[ 26%] Built target ruy_pack_arm
[ 26%] Built target ruy_pack_avx2_fma
[ 27%] Built target ruy_kernel_avx
[ 27%] Built target ruy_pack_avx
[ 27%] Built target ruy_ctx
[ 31%] Built target ruy_prepare_packed_matrices
[ 31%] Built target ruy_trmul
[ 31%] Built target ruy_context
[ 32%] Built target ruy_context_get_ctx
[ 32%] Built target ruy_frontend
[ 33%] Building CXX object CMakeFiles/ctranslate2.dir/src/layers/attention.cc.o
[ 33%] Building CXX object CMakeFiles/ctranslate2.dir/src/layers/flash_attention.cc.o
[ 33%] Building CXX object CMakeFiles/ctranslate2.dir/src/layers/attention_layer.cc.o
[ 34%] Building CXX object CMakeFiles/ctranslate2.dir/src/layers/transformer.cc.o
[ 34%] Building CXX object CMakeFiles/ctranslate2.dir/src/layers/wav2vec2.cc.o
[ 34%] Building CXX object CMakeFiles/ctranslate2.dir/src/layers/wav2vec2bert.cc.o
[ 36%] Building CXX object CMakeFiles/ctranslate2.dir/src/layers/whisper.cc.o
[ 37%] Building CXX object CMakeFiles/ctranslate2.dir/src/models/model_factory.cc.o
[ 38%] Building CXX object CMakeFiles/ctranslate2.dir/src/models/transformer.cc.o
[ 38%] Building CXX object CMakeFiles/ctranslate2.dir/src/models/wav2vec2.cc.o
[ 38%] Building CXX object CMakeFiles/ctranslate2.dir/src/models/wav2vec2bert.cc.o
[ 39%] Building CXX object CMakeFiles/ctranslate2.dir/src/models/whisper.cc.o
[ 39%] Building CXX object CMakeFiles/ctranslate2.dir/src/cuda/graph_runner.cc.o
../src/layers/attention.cc: In member function ‘void ctranslate2::layers::MultiHeadAttention::process_cross_attention(const ctranslate2::StorageView&, const ctranslate2::StorageView&, ctranslate2::StorageView&, ctranslate2::StorageView&, ctranslate2::StorageView&, ctranslate2::StorageView&, ctranslate2::StorageView*, ctranslate2::StorageView*, const ctranslate2::Padder*, const ctranslate2::Padder*, ctranslate2::dim_t&, ctranslate2::StorageView*) const’:
../src/layers/attention.cc:483:28: warning: unused parameter ‘queries’ [-Wunused-parameter]
  483 |         const StorageView& queries,
      |         ~~~~~~~~~~~~~~~~~~~^~~~~~~
../src/layers/transformer.cc: In lambda function:
../src/layers/transformer.cc:1193:24: warning: unused variable ‘device’ [-Wunused-variable]
 1193 |             const auto device = outputs->device();
      |                        ^~~~~~
[ 39%] Linking CXX shared library libctranslate2.so
[ 95%] Built target ctranslate2
[ 95%] Linking CXX executable benchmark_ops
[ 96%] Building CXX object tests/CMakeFiles/ctranslate2_test.dir/attention_test.cc.o
[ 96%] Building CXX object tests/CMakeFiles/ctranslate2_test.dir/ops_test.cc.o
[ 96%] Building CXX object tests/CMakeFiles/ctranslate2_test.dir/layers_test.cc.o
[ 96%] Building CXX object tests/CMakeFiles/ctranslate2_test.dir/translator_test.cc.o
[ 96%] Built target benchmark_ops
../../tests/ops_test.cc: In member function ‘virtual void OpDeviceTest_GatherBatchWithShadows_Test::TestBody()’:
../../tests/ops_test.cc:500:6: warning: suggest explicit braces to avoid ambiguous ‘else’ [-Wdangling-else]
  500 |   if (device == Device::CUDA)  // The CPU fallback leaves the shadow vector untouched.
      |      ^
../../tests/translator_test.cc: In member function ‘virtual void TransformerDecoderTest_CacheReserveLayerOnlyBumpRegrowsRecord_Test::TestBody()’:
../../tests/translator_test.cc:1596:13: warning: suggest explicit braces to avoid ambiguous ‘else’ [-Wdangling-else]
 1596 |     else if (step >= 96)
      |             ^
[ 96%] Linking CXX executable ctranslate2_test
[100%] Built target ctranslate2_test
BUILD_EXIT=0
INSTALL_DONE
16:27:25
