ctranslate2.__file__ = /home/ubuntu/w/r3/python/ctranslate2/__init__.py  lib = /home/ubuntu/w/r3/install/lib/libctranslate2.so.4.8.2
env {} flash True
g1_r3 small float16 ts=True b1 n=1: 84 tok
g1_r3 small float16 ts=True b1 n=4: 336 tok
g1_r3 small float16 ts=True b1 n=8: 667 tok
g1_r3 small float16 ts=True b5 n=1: 84 tok
g1_r3 small float16 ts=True b5 n=4: 347 tok
g1_r3 small float16 ts=True b5 n=8: 670 tok
g1_r3 small float16 ts=False b1 n=1: 5 tok
g1_r3 small float16 ts=False b1 n=4: 249 tok
g1_r3 small float16 ts=False b1 n=8: 506 tok
g1_r3 small float16 ts=False b5 n=1: 16 tok
g1_r3 small float16 ts=False b5 n=4: 173 tok
g1_r3 small float16 ts=False b5 n=8: 329 tok
g1_r3 small int8_float16 ts=True b1 n=1: 85 tok
g1_r3 small int8_float16 ts=True b1 n=4: 335 tok
g1_r3 small int8_float16 ts=True b1 n=8: 666 tok
g1_r3 small int8_float16 ts=True b5 n=1: 84 tok
g1_r3 small int8_float16 ts=True b5 n=4: 353 tok
g1_r3 small int8_float16 ts=True b5 n=8: 676 tok
g1_r3 small int8_float16 ts=False b1 n=1: 5 tok
g1_r3 small int8_float16 ts=False b1 n=4: 249 tok
g1_r3 small int8_float16 ts=False b1 n=8: 508 tok
g1_r3 small int8_float16 ts=False b5 n=1: 21 tok
g1_r3 small int8_float16 ts=False b5 n=4: 262 tok
g1_r3 small int8_float16 ts=False b5 n=8: 386 tok
g1_r3 large-v3 float16 ts=True b1 n=1: 11 tok
g1_r3 large-v3 float16 ts=True b1 n=4: 252 tok
g1_r3 large-v3 float16 ts=True b1 n=8: 568 tok
g1_r3 large-v3 float16 ts=True b5 n=1: 35 tok
g1_r3 large-v3 float16 ts=True b5 n=4: 276 tok
g1_r3 large-v3 float16 ts=True b5 n=8: 592 tok
g1_r3 large-v3 float16 ts=False b1 n=1: 26 tok
g1_r3 large-v3 float16 ts=False b1 n=4: 255 tok
g1_r3 large-v3 float16 ts=False b1 n=8: 555 tok
g1_r3 large-v3 float16 ts=False b5 n=1: 23 tok
g1_r3 large-v3 float16 ts=False b5 n=4: 237 tok
g1_r3 large-v3 float16 ts=False b5 n=8: 515 tok
g1_r3 large-v3 int8_float16 ts=True b1 n=1: 11 tok
g1_r3 large-v3 int8_float16 ts=True b1 n=4: 252 tok
g1_r3 large-v3 int8_float16 ts=True b1 n=8: 570 tok
g1_r3 large-v3 int8_float16 ts=True b5 n=1: 35 tok
g1_r3 large-v3 int8_float16 ts=True b5 n=4: 276 tok
g1_r3 large-v3 int8_float16 ts=True b5 n=8: 593 tok
g1_r3 large-v3 int8_float16 ts=False b1 n=1: 26 tok
g1_r3 large-v3 int8_float16 ts=False b1 n=4: 255 tok
g1_r3 large-v3 int8_float16 ts=False b1 n=8: 555 tok
g1_r3 large-v3 int8_float16 ts=False b5 n=1: 24 tok
g1_r3 large-v3 int8_float16 ts=False b5 n=4: 237 tok
g1_r3 large-v3 int8_float16 ts=False b5 n=8: 516 tok
wrote g1_r3_on.json 48
