# TRIMMED (full log on the box at /opt/real/r6/r5t/gsanA_ref_eager.log,  1168314 bytes): first 45 lines + every ERROR SUMMARY / graph / decode / exit line
========= COMPUTE-SANITIZER
ctranslate2.__file__ = /home/ubuntu/w/r3/python/ctranslate2/__init__.py  lib = /home/ubuntu/w/ref/install/lib/libctranslate2.so.4.8.2
BEGIN std:0 decode 0
========= Invalid __global__ read of size 2 bytes
=========     at void cub::CUB_200700_860_NS::detail::for_each::static_kernel<cub::CUB_200700_860_NS::detail::for_each::policy_hub_t::policy_350_t, long, thrust::THRUST_200700_860_NS::cuda_cub::__transform::binary_transform_f<thrust::THRUST_200700_860_NS::permutation_iterator<const __half *, thrust::THRUST_200700_860_NS::transform_iterator<ctranslate2::cuda::repeat_vec<unsigned int>, thrust::THRUST_200700_860_NS::counting_iterator<unsigned int, thrust::THRUST_200700_860_NS::use_default, thrust::THRUST_200700_860_NS::use_default, thrust::THRUST_200700_860_NS::use_default>, thrust::THRUST_200700_860_NS::use_default, thrust::THRUST_200700_860_NS::use_default>>, const __half *, __half *, thrust::THRUST_200700_860_NS::cuda_cub::__transform::no_stencil_tag, ctranslate2::cuda::plus<__half>, thrust::THRUST_200700_860_NS::cuda_cub::__transform::always_true_predicate>>(T2, T3)+0x440
=========     by thread (96,0,0) in block (0,0,0)
=========     Address 0xe0a0000c0 is potentially accessed before it is allocated
=========     and is inside the nearest allocation at 0xe0a000000 of size 2304000 bytes
========= 
========= Invalid __global__ read of size 2 bytes
=========     at void cub::CUB_200700_860_NS::detail::for_each::static_kernel<cub::CUB_200700_860_NS::detail::for_each::policy_hub_t::policy_350_t, long, thrust::THRUST_200700_860_NS::cuda_cub::__transform::binary_transform_f<thrust::THRUST_200700_860_NS::permutation_iterator<const __half *, thrust::THRUST_200700_860_NS::transform_iterator<ctranslate2::cuda::repeat_vec<unsigned int>, thrust::THRUST_200700_860_NS::counting_iterator<unsigned int, thrust::THRUST_200700_860_NS::use_default, thrust::THRUST_200700_860_NS::use_default, thrust::THRUST_200700_860_NS::use_default>, thrust::THRUST_200700_860_NS::use_default, thrust::THRUST_200700_860_NS::use_default>>, const __half *, __half *, thrust::THRUST_200700_860_NS::cuda_cub::__transform::no_stencil_tag, ctranslate2::cuda::plus<__half>, thrust::THRUST_200700_860_NS::cuda_cub::__transform::always_true_predicate>>(T2, T3)+0x440
=========     by thread (97,0,0) in block (0,0,0)
=========     Address 0xe0a0000c2 is potentially accessed before it is allocated
=========     and is inside the nearest allocation at 0xe0a000000 of size 2304000 bytes
========= 
========= Invalid __global__ read of size 2 bytes
=========     at void cub::CUB_200700_860_NS::detail::for_each::static_kernel<cub::CUB_200700_860_NS::detail::for_each::policy_hub_t::policy_350_t, long, thrust::THRUST_200700_860_NS::cuda_cub::__transform::binary_transform_f<thrust::THRUST_200700_860_NS::permutation_iterator<const __half *, thrust::THRUST_200700_860_NS::transform_iterator<ctranslate2::cuda::repeat_vec<unsigned int>, thrust::THRUST_200700_860_NS::counting_iterator<unsigned int, thrust::THRUST_200700_860_NS::use_default, thrust::THRUST_200700_860_NS::use_default, thrust::THRUST_200700_860_NS::use_default>, thrust::THRUST_200700_860_NS::use_default, thrust::THRUST_200700_860_NS::use_default>>, const __half *, __half *, thrust::THRUST_200700_860_NS::cuda_cub::__transform::no_stencil_tag, ctranslate2::cuda::plus<__half>, thrust::THRUST_200700_860_NS::cuda_cub::__transform::always_true_predicate>>(T2, T3)+0x440
=========     by thread (98,0,0) in block (0,0,0)
=========     Address 0xe0a0000c4 is potentially accessed before it is allocated
=========     and is inside the nearest allocation at 0xe0a000000 of size 2304000 bytes
========= 
========= Invalid __global__ read of size 2 bytes
=========     at void cub::CUB_200700_860_NS::detail::for_each::static_kernel<cub::CUB_200700_860_NS::detail::for_each::policy_hub_t::policy_350_t, long, thrust::THRUST_200700_860_NS::cuda_cub::__transform::binary_transform_f<thrust::THRUST_200700_860_NS::permutation_iterator<const __half *, thrust::THRUST_200700_860_NS::transform_iterator<ctranslate2::cuda::repeat_vec<unsigned int>, thrust::THRUST_200700_860_NS::counting_iterator<unsigned int, thrust::THRUST_200700_860_NS::use_default, thrust::THRUST_200700_860_NS::use_default, thrust::THRUST_200700_860_NS::use_default>, thrust::THRUST_200700_860_NS::use_default, thrust::THRUST_200700_860_NS::use_default>>, const __half *, __half *, thrust::THRUST_200700_860_NS::cuda_cub::__transform::no_stencil_tag, ctranslate2::cuda::plus<__half>, thrust::THRUST_200700_860_NS::cuda_cub::__transform::always_true_predicate>>(T2, T3)+0x440
=========     by thread (99,0,0) in block (0,0,0)
=========     Address 0xe0a0000c6 is potentially accessed before it is allocated
=========     and is inside the nearest allocation at 0xe0a000000 of size 2304000 bytes
========= 
========= Invalid __global__ read of size 2 bytes
=========     at void cub::CUB_200700_860_NS::detail::for_each::static_kernel<cub::CUB_200700_860_NS::detail::for_each::policy_hub_t::policy_350_t, long, thrust::THRUST_200700_860_NS::cuda_cub::__transform::binary_transform_f<thrust::THRUST_200700_860_NS::permutation_iterator<const __half *, thrust::THRUST_200700_860_NS::transform_iterator<ctranslate2::cuda::repeat_vec<unsigned int>, thrust::THRUST_200700_860_NS::counting_iterator<unsigned int, thrust::THRUST_200700_860_NS::use_default, thrust::THRUST_200700_860_NS::use_default, thrust::THRUST_200700_860_NS::use_default>, thrust::THRUST_200700_860_NS::use_default, thrust::THRUST_200700_860_NS::use_default>>, const __half *, __half *, thrust::THRUST_200700_860_NS::cuda_cub::__transform::no_stencil_tag, ctranslate2::cuda::plus<__half>, thrust::THRUST_200700_860_NS::cuda_cub::__transform::always_true_predicate>>(T2, T3)+0x440
=========     by thread (100,0,0) in block (0,0,0)
=========     Address 0xe0a0000c8 is potentially accessed before it is allocated
=========     and is inside the nearest allocation at 0xe0a000000 of size 2304000 bytes
========= 
========= Invalid __global__ read of size 2 bytes
=========     at void cub::CUB_200700_860_NS::detail::for_each::static_kernel<cub::CUB_200700_860_NS::detail::for_each::policy_hub_t::policy_350_t, long, thrust::THRUST_200700_860_NS::cuda_cub::__transform::binary_transform_f<thrust::THRUST_200700_860_NS::permutation_iterator<const __half *, thrust::THRUST_200700_860_NS::transform_iterator<ctranslate2::cuda::repeat_vec<unsigned int>, thrust::THRUST_200700_860_NS::counting_iterator<unsigned int, thrust::THRUST_200700_860_NS::use_default, thrust::THRUST_200700_860_NS::use_default, thrust::THRUST_200700_860_NS::use_default>, thrust::THRUST_200700_860_NS::use_default, thrust::THRUST_200700_860_NS::use_default>>, const __half *, __half *, thrust::THRUST_200700_860_NS::cuda_cub::__transform::no_stencil_tag, ctranslate2::cuda::plus<__half>, thrust::THRUST_200700_860_NS::cuda_cub::__transform::always_true_predicate>>(T2, T3)+0x440
=========     by thread (101,0,0) in block (0,0,0)
=========     Address 0xe0a0000ca is potentially accessed before it is allocated
=========     and is inside the nearest allocation at 0xe0a000000 of size 2304000 bytes
========= 
========= Invalid __global__ read of size 2 bytes
=========     at void cub::CUB_200700_860_NS::detail::for_each::static_kernel<cub::CUB_200700_860_NS::detail::for_each::policy_hub_t::policy_350_t, long, thrust::THRUST_200700_860_NS::cuda_cub::__transform::binary_transform_f<thrust::THRUST_200700_860_NS::permutation_iterator<const __half *, thrust::THRUST_200700_860_NS::transform_iterator<ctranslate2::cuda::repeat_vec<unsigned int>, thrust::THRUST_200700_860_NS::counting_iterator<unsigned int, thrust::THRUST_200700_860_NS::use_default, thrust::THRUST_200700_860_NS::use_default, thrust::THRUST_200700_860_NS::use_default>, thrust::THRUST_200700_860_NS::use_default, thrust::THRUST_200700_860_NS::use_default>>, const __half *, __half *, thrust::THRUST_200700_860_NS::cuda_cub::__transform::no_stencil_tag, ctranslate2::cuda::plus<__half>, thrust::THRUST_200700_860_NS::cuda_cub::__transform::always_true_predicate>>(T2, T3)+0x440
=========     by thread (102,0,0) in block (0,0,0)
=========     Address 0xe0a0000cc is potentially accessed before it is allocated
=========     and is inside the nearest allocation at 0xe0a000000 of size 2304000 bytes
========= 
# ...
ctranslate2.__file__ = /home/ubuntu/w/r3/python/ctranslate2/__init__.py  lib = /home/ubuntu/w/ref/install/lib/libctranslate2.so.4.8.2
BEGIN std:0 decode 0
terminate called after throwing an instance of 'std::runtime_error'
  what():  CUDA failed with error unspecified launch failure
========= Error: process didn't terminate successfully
========= Target application returned an error
========= ERROR SUMMARY: 74339 errors
========= ERROR SUMMARY: 73339 errors were not printed. Use --print-limit option to adjust the number of printed errors
