========= COMPUTE-SANITIZER
ctranslate2.__file__ = /home/ubuntu/w/r3/python/ctranslate2/__init__.py  lib = /home/ubuntu/w/r3/install/lib/libctranslate2.so.4.8.2
[2026-09-26 16:58:12.996] [ctranslate2] [thread 48677] [info] CPU: AuthenticAMD (SSE4.1=true, AVX=true, AVX2=true, AVX512=false)
[2026-09-26 16:58:12.996] [ctranslate2] [thread 48677] [info]  - Selected ISA: AVX2
[2026-09-26 16:58:12.996] [ctranslate2] [thread 48677] [info]  - Use Intel MKL: false
[2026-09-26 16:58:12.996] [ctranslate2] [thread 48677] [info]  - SGEMM backend: Ruy (packed: false)
[2026-09-26 16:58:12.996] [ctranslate2] [thread 48677] [info]  - GEMM_S16 backend: none (packed: false)
[2026-09-26 16:58:12.996] [ctranslate2] [thread 48677] [info]  - GEMM_S8 backend: Ruy (packed: false, u8s8 preferred: false)
[2026-09-26 16:58:12.996] [ctranslate2] [thread 48677] [info] GPU #0: NVIDIA A10G (CC=8.6)
[2026-09-26 16:58:12.996] [ctranslate2] [thread 48677] [info]  - Allow INT8: true
[2026-09-26 16:58:12.996] [ctranslate2] [thread 48677] [info]  - Allow FP16: true (with Tensor Cores: true)
[2026-09-26 16:58:12.996] [ctranslate2] [thread 48677] [info]  - Allow BF16: true
[2026-09-26 16:58:13.393] [ctranslate2] [thread 48677] [info] Using CUDA allocator: cuda_malloc_async
[2026-09-26 16:58:13.484] [ctranslate2] [thread 48677] [info] Loaded model /opt/models/faster-whisper-small on device cuda:0
[2026-09-26 16:58:13.484] [ctranslate2] [thread 48677] [info]  - Binary version: 6
[2026-09-26 16:58:13.484] [ctranslate2] [thread 48677] [info]  - Model specification revision: 3
[2026-09-26 16:58:13.484] [ctranslate2] [thread 48677] [info]  - Selected compute type: float16
BEGIN pp:20 decode 0
[2026-09-26 16:58:18.248] [ctranslate2] [thread 48695] [debug] CUDA graphs: captured step 24 into slot 0 (initial)
[2026-09-26 16:58:18.355] [ctranslate2] [thread 48695] [debug] CUDA graphs: captured step 25 into slot 1 (initial)
[2026-09-26 16:58:18.999] [ctranslate2] [thread 48695] [debug] CUDA graphs: tier 32 -> 64 at step 32 (from Ready, fast re-entry)
[2026-09-26 16:58:19.214] [ctranslate2] [thread 48695] [debug] CUDA graphs: captured step 33 into slot 1 (re-entry)
[2026-09-26 16:58:19.321] [ctranslate2] [thread 48695] [debug] CUDA graphs: captured step 34 into slot 0 (re-entry)
[2026-09-26 16:58:22.398] [ctranslate2] [thread 48695] [debug] CUDA graphs: tier 64 -> 96 at step 64 (from Ready, fast re-entry)
[2026-09-26 16:58:22.618] [ctranslate2] [thread 48695] [debug] CUDA graphs: captured step 65 into slot 1 (re-entry)
[2026-09-26 16:58:22.729] [ctranslate2] [thread 48695] [debug] CUDA graphs: captured step 66 into slot 0 (re-entry)
[2026-09-26 16:58:25.918] [ctranslate2] [thread 48695] [debug] CUDA graphs: tier 96 -> 128 at step 96 (from Ready, fast re-entry)
[2026-09-26 16:58:26.142] [ctranslate2] [thread 48695] [debug] CUDA graphs: captured step 97 into slot 1 (re-entry)
[2026-09-26 16:58:26.252] [ctranslate2] [thread 48695] [debug] CUDA graphs: captured step 98 into slot 0 (re-entry)
DECODE 0 ENTRY 0 (pp:20) P=20 NTOK 84 SCORE -0.16415551
TOKS [50364, 639, 307, 257, 15834, 470, 53, 5230, 6613, 13, 1057, 15834, 470, 53, 5230, 25162, 366, 294, 264, 1908, 9274, 13, 50664, 50664, 1171, 544, 1589, 293, 281, 915, 484, 577, 291, 393, 13835, 11, 1767, 3441, 15834, 470, 53, 5230, 13, 4646, 13, 51014, 51014, 9647, 3357, 538, 3335, 4271, 479, 664, 446, 88, 13, 440, 5735, 295, 3630, 538, 6163, 314, 11728, 11, 16805, 538, 21704, 338, 460, 4680, 13, 51414, 51414, 4100, 502, 13, 20084, 278, 2149, 599, 51614, 51614]
BEGIN pp:21 decode 0
[2026-09-26 16:58:27.919] [ctranslate2] [thread 48695] [debug] CUDA graphs: decode summary (steps=87, captures=8, replays=72, transitions=3, segment_replays=[6,29,29,8], tiers=[32->64@32,64->96@64,96->128@96], phase=Ready, disabled=none)
[2026-09-26 16:58:31.208] [ctranslate2] [thread 48695] [debug] CUDA graphs: captured step 25 into slot 1 (initial)
[2026-09-26 16:58:31.313] [ctranslate2] [thread 48695] [debug] CUDA graphs: captured step 26 into slot 0 (initial)
[2026-09-26 16:58:31.843] [ctranslate2] [thread 48695] [debug] CUDA graphs: tier 32 -> 64 at step 32 (from Ready, fast re-entry)
[2026-09-26 16:58:32.057] [ctranslate2] [thread 48695] [debug] CUDA graphs: captured step 33 into slot 1 (re-entry)
[2026-09-26 16:58:32.164] [ctranslate2] [thread 48695] [debug] CUDA graphs: captured step 34 into slot 0 (re-entry)
[2026-09-26 16:58:35.261] [ctranslate2] [thread 48695] [debug] CUDA graphs: tier 64 -> 96 at step 64 (from Ready, fast re-entry)
[2026-09-26 16:58:35.476] [ctranslate2] [thread 48695] [debug] CUDA graphs: captured step 65 into slot 1 (re-entry)
[2026-09-26 16:58:35.585] [ctranslate2] [thread 48695] [debug] CUDA graphs: captured step 66 into slot 0 (re-entry)
[2026-09-26 16:58:38.700] [ctranslate2] [thread 48695] [debug] CUDA graphs: tier 96 -> 128 at step 96 (from Ready, fast re-entry)
[2026-09-26 16:58:38.921] [ctranslate2] [thread 48695] [debug] CUDA graphs: captured step 97 into slot 1 (re-entry)
[2026-09-26 16:58:39.031] [ctranslate2] [thread 48695] [debug] CUDA graphs: captured step 98 into slot 0 (re-entry)
DECODE 0 ENTRY 0 (pp:21) P=21 NTOK 84 SCORE -0.1657366
TOKS [50364, 639, 307, 257, 15834, 470, 53, 5230, 6613, 13, 1057, 15834, 470, 53, 5230, 25162, 366, 294, 264, 1908, 9274, 13, 50714, 50714, 1171, 544, 1589, 293, 281, 915, 484, 577, 291, 393, 13835, 11, 1767, 3441, 15834, 470, 53, 5230, 13, 4646, 13, 51014, 51014, 9647, 3357, 538, 3335, 4271, 479, 664, 446, 88, 13, 440, 5735, 295, 3630, 538, 6163, 314, 11728, 11, 16805, 538, 21704, 338, 460, 4680, 13, 51414, 51414, 4100, 502, 13, 20084, 278, 2149, 599, 51614, 51614]
BEGIN pp:22 decode 0
[2026-09-26 16:58:40.806] [ctranslate2] [thread 48695] [debug] CUDA graphs: decode summary (steps=87, captures=8, replays=72, transitions=3, segment_replays=[5,29,29,9], tiers=[32->64@32,64->96@64,96->128@96], phase=Ready, disabled=none)
[2026-09-26 16:58:44.104] [ctranslate2] [thread 48695] [debug] CUDA graphs: captured step 26 into slot 0 (initial)
[2026-09-26 16:58:44.210] [ctranslate2] [thread 48695] [debug] CUDA graphs: captured step 27 into slot 1 (initial)
[2026-09-26 16:58:44.637] [ctranslate2] [thread 48695] [debug] CUDA graphs: tier 32 -> 64 at step 32 (from Ready, fast re-entry)
[2026-09-26 16:58:44.853] [ctranslate2] [thread 48695] [debug] CUDA graphs: captured step 33 into slot 1 (re-entry)
[2026-09-26 16:58:44.963] [ctranslate2] [thread 48695] [debug] CUDA graphs: captured step 34 into slot 0 (re-entry)
[2026-09-26 16:58:48.069] [ctranslate2] [thread 48695] [debug] CUDA graphs: tier 64 -> 96 at step 64 (from Ready, fast re-entry)
[2026-09-26 16:58:48.288] [ctranslate2] [thread 48695] [debug] CUDA graphs: captured step 65 into slot 1 (re-entry)
[2026-09-26 16:58:48.398] [ctranslate2] [thread 48695] [debug] CUDA graphs: captured step 66 into slot 0 (re-entry)
[2026-09-26 16:58:51.526] [ctranslate2] [thread 48695] [debug] CUDA graphs: tier 96 -> 128 at step 96 (from Ready, fast re-entry)
[2026-09-26 16:58:51.747] [ctranslate2] [thread 48695] [debug] CUDA graphs: captured step 97 into slot 1 (re-entry)
[2026-09-26 16:58:51.858] [ctranslate2] [thread 48695] [debug] CUDA graphs: captured step 98 into slot 0 (re-entry)
DECODE 0 ENTRY 0 (pp:22) P=22 NTOK 84 SCORE -0.16582961
TOKS [50364, 639, 307, 257, 15834, 470, 53, 5230, 6613, 13, 1057, 15834, 470, 53, 5230, 25162, 366, 294, 264, 1908, 9274, 13, 50664, 50664, 1171, 544, 1589, 293, 281, 915, 484, 577, 291, 393, 13835, 11, 1767, 3441, 15834, 470, 53, 5230, 13, 4646, 13, 51014, 51014, 9647, 3357, 538, 3335, 4271, 479, 664, 446, 88, 13, 440, 5735, 295, 3630, 538, 6163, 314, 11728, 11, 16805, 538, 21704, 338, 460, 4680, 13, 51414, 51414, 4100, 502, 13, 20084, 278, 2149, 599, 51614, 51614]
BEGIN pp:23 decode 0
[2026-09-26 16:58:53.751] [ctranslate2] [thread 48695] [debug] CUDA graphs: decode summary (steps=87, captures=8, replays=72, transitions=3, segment_replays=[4,29,29,10], tiers=[32->64@32,64->96@64,96->128@96], phase=Ready, disabled=none)
[2026-09-26 16:58:57.031] [ctranslate2] [thread 48695] [debug] CUDA graphs: captured step 27 into slot 1 (initial)
[2026-09-26 16:58:57.138] [ctranslate2] [thread 48695] [debug] CUDA graphs: captured step 28 into slot 0 (initial)
[2026-09-26 16:58:57.469] [ctranslate2] [thread 48695] [debug] CUDA graphs: tier 32 -> 64 at step 32 (from Ready, fast re-entry)
[2026-09-26 16:58:57.683] [ctranslate2] [thread 48695] [debug] CUDA graphs: captured step 33 into slot 1 (re-entry)
[2026-09-26 16:58:57.792] [ctranslate2] [thread 48695] [debug] CUDA graphs: captured step 34 into slot 0 (re-entry)
[2026-09-26 16:59:00.903] [ctranslate2] [thread 48695] [debug] CUDA graphs: tier 64 -> 96 at step 64 (from Ready, fast re-entry)
[2026-09-26 16:59:01.123] [ctranslate2] [thread 48695] [debug] CUDA graphs: captured step 65 into slot 1 (re-entry)
[2026-09-26 16:59:01.233] [ctranslate2] [thread 48695] [debug] CUDA graphs: captured step 66 into slot 0 (re-entry)
[2026-09-26 16:59:04.368] [ctranslate2] [thread 48695] [debug] CUDA graphs: tier 96 -> 128 at step 96 (from Ready, fast re-entry)
[2026-09-26 16:59:04.588] [ctranslate2] [thread 48695] [debug] CUDA graphs: captured step 97 into slot 1 (re-entry)
[2026-09-26 16:59:04.699] [ctranslate2] [thread 48695] [debug] CUDA graphs: captured step 98 into slot 0 (re-entry)
DECODE 0 ENTRY 0 (pp:23) P=23 NTOK 84 SCORE -0.16750371
TOKS [50364, 639, 307, 257, 15834, 470, 53, 5230, 6613, 13, 1057, 15834, 470, 53, 5230, 25162, 366, 294, 264, 1908, 9274, 13, 50664, 50664, 1171, 544, 1589, 293, 281, 915, 484, 577, 291, 393, 13835, 11, 1767, 3441, 15834, 470, 53, 5230, 13, 4646, 13, 51014, 51014, 9647, 3357, 538, 3335, 4271, 479, 664, 446, 88, 13, 440, 5735, 295, 3630, 538, 6163, 314, 11728, 11, 16805, 538, 21704, 338, 460, 4680, 13, 51414, 51414, 4100, 502, 13, 20084, 278, 2149, 599, 51614, 51614]
BEGIN pp:24 decode 0
[2026-09-26 16:59:06.694] [ctranslate2] [thread 48695] [debug] CUDA graphs: decode summary (steps=87, captures=8, replays=72, transitions=3, segment_replays=[3,29,29,11], tiers=[32->64@32,64->96@64,96->128@96], phase=Ready, disabled=none)
[2026-09-26 16:59:09.985] [ctranslate2] [thread 48695] [debug] CUDA graphs: captured step 28 into slot 0 (initial)
[2026-09-26 16:59:10.091] [ctranslate2] [thread 48695] [debug] CUDA graphs: captured step 29 into slot 1 (initial)
[2026-09-26 16:59:10.312] [ctranslate2] [thread 48695] [debug] CUDA graphs: tier 32 -> 64 at step 32 (from Ready, fast re-entry)
[2026-09-26 16:59:10.528] [ctranslate2] [thread 48695] [debug] CUDA graphs: captured step 33 into slot 1 (re-entry)
[2026-09-26 16:59:10.636] [ctranslate2] [thread 48695] [debug] CUDA graphs: captured step 34 into slot 0 (re-entry)
[2026-09-26 16:59:13.729] [ctranslate2] [thread 48695] [debug] CUDA graphs: tier 64 -> 96 at step 64 (from Ready, fast re-entry)
[2026-09-26 16:59:13.944] [ctranslate2] [thread 48695] [debug] CUDA graphs: captured step 65 into slot 1 (re-entry)
[2026-09-26 16:59:14.052] [ctranslate2] [thread 48695] [debug] CUDA graphs: captured step 66 into slot 0 (re-entry)
[2026-09-26 16:59:17.173] [ctranslate2] [thread 48695] [debug] CUDA graphs: tier 96 -> 128 at step 96 (from Ready, fast re-entry)
[2026-09-26 16:59:17.393] [ctranslate2] [thread 48695] [debug] CUDA graphs: captured step 97 into slot 1 (re-entry)
[2026-09-26 16:59:17.502] [ctranslate2] [thread 48695] [debug] CUDA graphs: captured step 98 into slot 0 (re-entry)
DECODE 0 ENTRY 0 (pp:24) P=24 NTOK 84 SCORE -0.16294643
TOKS [50364, 639, 307, 257, 15834, 470, 53, 5230, 6613, 13, 1057, 15834, 470, 53, 5230, 25162, 366, 294, 264, 1908, 9274, 13, 50714, 50714, 1171, 544, 1589, 293, 281, 915, 484, 577, 291, 393, 13835, 11, 1767, 3441, 15834, 470, 53, 5230, 13, 4646, 13, 51014, 51014, 9647, 3357, 538, 3335, 4271, 479, 664, 446, 88, 13, 440, 5735, 295, 3630, 538, 6163, 314, 11728, 11, 16805, 538, 21704, 338, 460, 4680, 13, 51414, 51414, 4100, 502, 13, 20084, 278, 2149, 599, 51614, 51614]
BEGIN pp:25 decode 0
[2026-09-26 16:59:19.592] [ctranslate2] [thread 48695] [debug] CUDA graphs: decode summary (steps=87, captures=8, replays=72, transitions=3, segment_replays=[2,29,29,12], tiers=[32->64@32,64->96@64,96->128@96], phase=Ready, disabled=none)
[2026-09-26 16:59:22.882] [ctranslate2] [thread 48695] [debug] CUDA graphs: captured step 29 into slot 1 (initial)
[2026-09-26 16:59:22.988] [ctranslate2] [thread 48695] [debug] CUDA graphs: captured step 30 into slot 0 (initial)
[2026-09-26 16:59:23.106] [ctranslate2] [thread 48695] [debug] CUDA graphs: tier 32 -> 64 at step 32 (from Ready, fast re-entry)
[2026-09-26 16:59:23.320] [ctranslate2] [thread 48695] [debug] CUDA graphs: captured step 33 into slot 1 (re-entry)
[2026-09-26 16:59:23.430] [ctranslate2] [thread 48695] [debug] CUDA graphs: captured step 34 into slot 0 (re-entry)
[2026-09-26 16:59:26.526] [ctranslate2] [thread 48695] [debug] CUDA graphs: tier 64 -> 96 at step 64 (from Ready, fast re-entry)
[2026-09-26 16:59:26.743] [ctranslate2] [thread 48695] [debug] CUDA graphs: captured step 65 into slot 1 (re-entry)
[2026-09-26 16:59:26.851] [ctranslate2] [thread 48695] [debug] CUDA graphs: captured step 66 into slot 0 (re-entry)
[2026-09-26 16:59:29.940] [ctranslate2] [thread 48695] [debug] CUDA graphs: tier 96 -> 128 at step 96 (from Ready, fast re-entry)
[2026-09-26 16:59:30.160] [ctranslate2] [thread 48695] [debug] CUDA graphs: captured step 97 into slot 1 (re-entry)
[2026-09-26 16:59:30.270] [ctranslate2] [thread 48695] [debug] CUDA graphs: captured step 98 into slot 0 (re-entry)
DECODE 0 ENTRY 0 (pp:25) P=25 NTOK 84 SCORE -0.16434152
TOKS [50364, 639, 307, 257, 15834, 470, 53, 5230, 6613, 13, 1057, 15834, 470, 53, 5230, 25162, 366, 294, 264, 1908, 9274, 13, 50664, 50664, 1171, 544, 1589, 293, 281, 915, 484, 577, 291, 393, 13835, 11, 1767, 3441, 15834, 470, 53, 5230, 13, 4646, 13, 51014, 51014, 9647, 3357, 538, 3335, 4271, 479, 664, 446, 88, 13, 440, 5735, 295, 3630, 538, 6163, 314, 11728, 11, 16805, 538, 21704, 338, 460, 4680, 13, 51414, 51414, 4100, 502, 13, 20084, 278, 2149, 599, 51614, 51614]
BEGIN pp:26 decode 0
[2026-09-26 16:59:32.476] [ctranslate2] [thread 48695] [debug] CUDA graphs: decode summary (steps=87, captures=8, replays=72, transitions=3, segment_replays=[1,29,29,13], tiers=[32->64@32,64->96@64,96->128@96], phase=Ready, disabled=none)
[2026-09-26 16:59:35.780] [ctranslate2] [thread 48695] [debug] CUDA graphs: captured step 30 into slot 0 (initial)
[2026-09-26 16:59:35.887] [ctranslate2] [thread 48695] [debug] CUDA graphs: captured step 31 into slot 1 (initial)
[2026-09-26 16:59:35.903] [ctranslate2] [thread 48695] [debug] CUDA graphs: tier 32 -> 64 at step 32 (from Ready, fast re-entry)
[2026-09-26 16:59:36.116] [ctranslate2] [thread 48695] [debug] CUDA graphs: captured step 33 into slot 1 (re-entry)
[2026-09-26 16:59:36.223] [ctranslate2] [thread 48695] [debug] CUDA graphs: captured step 34 into slot 0 (re-entry)
[2026-09-26 16:59:39.330] [ctranslate2] [thread 48695] [debug] CUDA graphs: tier 64 -> 96 at step 64 (from Ready, fast re-entry)
[2026-09-26 16:59:39.549] [ctranslate2] [thread 48695] [debug] CUDA graphs: captured step 65 into slot 1 (re-entry)
[2026-09-26 16:59:39.656] [ctranslate2] [thread 48695] [debug] CUDA graphs: captured step 66 into slot 0 (re-entry)
[2026-09-26 16:59:42.785] [ctranslate2] [thread 48695] [debug] CUDA graphs: tier 96 -> 128 at step 96 (from Ready, fast re-entry)
[2026-09-26 16:59:43.004] [ctranslate2] [thread 48695] [debug] CUDA graphs: captured step 97 into slot 1 (re-entry)
[2026-09-26 16:59:43.115] [ctranslate2] [thread 48695] [debug] CUDA graphs: captured step 98 into slot 0 (re-entry)
DECODE 0 ENTRY 0 (pp:26) P=26 NTOK 84 SCORE -0.16341145
TOKS [50364, 639, 307, 257, 15834, 470, 53, 5230, 6613, 13, 1057, 15834, 470, 53, 5230, 25162, 366, 294, 264, 1908, 9274, 13, 50664, 50664, 1171, 544, 1589, 293, 281, 915, 484, 577, 291, 393, 13835, 11, 1767, 3441, 15834, 470, 53, 5230, 13, 4646, 13, 51014, 51014, 9647, 3357, 538, 3335, 4271, 479, 664, 446, 88, 13, 440, 5735, 295, 3630, 538, 6163, 314, 11728, 11, 16805, 538, 21704, 338, 460, 4680, 13, 51414, 51414, 4100, 502, 13, 20084, 278, 2149, 599, 51614, 51614]
BEGIN pp:27 decode 0
[2026-09-26 16:59:45.445] [ctranslate2] [thread 48695] [debug] CUDA graphs: decode summary (steps=87, captures=8, replays=72, transitions=3, segment_replays=[0,29,29,14], tiers=[32->64@32,64->96@64,96->128@96], phase=Ready, disabled=none)
[2026-09-26 16:59:48.723] [ctranslate2] [thread 48695] [debug] CUDA graphs: captured step 31 into slot 1 (initial)
[2026-09-26 16:59:48.740] [ctranslate2] [thread 48695] [debug] CUDA graphs: tier 32 -> 64 at step 32 (from CaptureSecond, fast re-entry)
[2026-09-26 16:59:48.952] [ctranslate2] [thread 48695] [debug] CUDA graphs: captured step 33 into slot 1 (re-entry)
[2026-09-26 16:59:49.058] [ctranslate2] [thread 48695] [debug] CUDA graphs: captured step 34 into slot 0 (re-entry)
[2026-09-26 16:59:52.168] [ctranslate2] [thread 48695] [debug] CUDA graphs: tier 64 -> 96 at step 64 (from Ready, fast re-entry)
[2026-09-26 16:59:52.388] [ctranslate2] [thread 48695] [debug] CUDA graphs: captured step 65 into slot 1 (re-entry)
[2026-09-26 16:59:52.498] [ctranslate2] [thread 48695] [debug] CUDA graphs: captured step 66 into slot 0 (re-entry)
[2026-09-26 16:59:55.631] [ctranslate2] [thread 48695] [debug] CUDA graphs: tier 96 -> 128 at step 96 (from Ready, fast re-entry)
[2026-09-26 16:59:55.854] [ctranslate2] [thread 48695] [debug] CUDA graphs: captured step 97 into slot 1 (re-entry)
[2026-09-26 16:59:55.964] [ctranslate2] [thread 48695] [debug] CUDA graphs: captured step 98 into slot 0 (re-entry)
DECODE 0 ENTRY 0 (pp:27) P=27 NTOK 84 SCORE -0.16443452
TOKS [50364, 639, 307, 257, 15834, 470, 53, 5230, 6613, 13, 1057, 15834, 470, 53, 5230, 25162, 366, 294, 264, 1908, 9274, 13, 50714, 50714, 1171, 544, 1589, 293, 281, 915, 484, 577, 291, 393, 13835, 11, 1767, 3441, 15834, 470, 53, 5230, 13, 4646, 13, 51014, 51014, 9647, 3357, 538, 3335, 4271, 479, 664, 446, 88, 13, 440, 5735, 295, 3630, 538, 6163, 314, 11728, 11, 16805, 538, 21704, 338, 460, 4680, 13, 51414, 51414, 4100, 502, 13, 20084, 278, 2149, 599, 51614, 51614]
BEGIN pp:28 decode 0
[2026-09-26 16:59:58.400] [ctranslate2] [thread 48695] [debug] CUDA graphs: decode summary (steps=87, captures=7, replays=73, transitions=3, segment_replays=[0,29,29,15], tiers=[32->64@32,64->96@64,96->128@96], phase=Ready, disabled=none)
[2026-09-26 17:00:01.598] [ctranslate2] [thread 48695] [debug] CUDA graphs: tier 32 -> 64 at step 32 (from Warmup, warmup re-entry)
[2026-09-26 17:00:02.139] [ctranslate2] [thread 48695] [debug] CUDA graphs: captured step 36 into slot 0 (re-entry)
[2026-09-26 17:00:02.246] [ctranslate2] [thread 48695] [debug] CUDA graphs: captured step 37 into slot 1 (re-entry)
[2026-09-26 17:00:05.008] [ctranslate2] [thread 48695] [debug] CUDA graphs: tier 64 -> 96 at step 64 (from Ready, fast re-entry)
[2026-09-26 17:00:05.227] [ctranslate2] [thread 48695] [debug] CUDA graphs: captured step 65 into slot 1 (re-entry)
[2026-09-26 17:00:05.338] [ctranslate2] [thread 48695] [debug] CUDA graphs: captured step 66 into slot 0 (re-entry)
[2026-09-26 17:00:08.497] [ctranslate2] [thread 48695] [debug] CUDA graphs: tier 96 -> 128 at step 96 (from Ready, fast re-entry)
[2026-09-26 17:00:08.719] [ctranslate2] [thread 48695] [debug] CUDA graphs: captured step 97 into slot 1 (re-entry)
[2026-09-26 17:00:08.831] [ctranslate2] [thread 48695] [debug] CUDA graphs: captured step 98 into slot 0 (re-entry)
DECODE 0 ENTRY 0 (pp:28) P=28 NTOK 84 SCORE -0.16638765
TOKS [50364, 639, 307, 257, 15834, 470, 53, 5230, 6613, 13, 1057, 15834, 470, 53, 5230, 25162, 366, 294, 264, 1908, 9274, 13, 50714, 50714, 1171, 544, 1589, 293, 281, 915, 484, 577, 291, 393, 13835, 11, 1767, 3441, 15834, 470, 53, 5230, 13, 4646, 13, 51014, 51014, 9647, 3357, 538, 3335, 4271, 479, 664, 446, 88, 13, 440, 5735, 295, 3630, 538, 6163, 314, 11728, 11, 16805, 538, 21704, 338, 460, 4680, 13, 51414, 51414, 4100, 502, 13, 20084, 278, 2149, 599, 51614, 51614]
BEGIN pp:29 decode 0
[2026-09-26 17:00:11.388] [ctranslate2] [thread 48695] [debug] CUDA graphs: decode summary (steps=87, captures=6, replays=71, transitions=3, segment_replays=[0,26,29,16], tiers=[32->64@32,64->96@64,96->128@96], phase=Ready, disabled=none)
[2026-09-26 17:00:14.465] [ctranslate2] [thread 48695] [debug] CUDA graphs: tier 32 -> 64 at step 32 (from Warmup, warmup re-entry)
[2026-09-26 17:00:15.004] [ctranslate2] [thread 48695] [debug] CUDA graphs: captured step 36 into slot 0 (re-entry)
[2026-09-26 17:00:15.112] [ctranslate2] [thread 48695] [debug] CUDA graphs: captured step 37 into slot 1 (re-entry)
[2026-09-26 17:00:17.906] [ctranslate2] [thread 48695] [debug] CUDA graphs: tier 64 -> 96 at step 64 (from Ready, fast re-entry)
[2026-09-26 17:00:18.127] [ctranslate2] [thread 48695] [debug] CUDA graphs: captured step 65 into slot 1 (re-entry)
[2026-09-26 17:00:18.237] [ctranslate2] [thread 48695] [debug] CUDA graphs: captured step 66 into slot 0 (re-entry)
[2026-09-26 17:00:21.378] [ctranslate2] [thread 48695] [debug] CUDA graphs: tier 96 -> 128 at step 96 (from Ready, fast re-entry)
[2026-09-26 17:00:21.598] [ctranslate2] [thread 48695] [debug] CUDA graphs: captured step 97 into slot 1 (re-entry)
[2026-09-26 17:00:21.707] [ctranslate2] [thread 48695] [debug] CUDA graphs: captured step 98 into slot 0 (re-entry)
DECODE 0 ENTRY 0 (pp:29) P=29 NTOK 84 SCORE -0.15997024
TOKS [50364, 639, 307, 257, 15834, 470, 53, 5230, 6613, 13, 1057, 15834, 470, 53, 5230, 25162, 366, 294, 264, 1908, 9274, 13, 50714, 50714, 1171, 544, 1589, 293, 281, 915, 484, 577, 291, 393, 13835, 11, 1767, 3441, 15834, 470, 53, 5230, 13, 4646, 13, 51014, 51014, 9647, 3357, 538, 3335, 4271, 479, 664, 446, 88, 13, 440, 5735, 295, 3630, 538, 6163, 314, 11728, 11, 16805, 538, 21704, 338, 460, 4680, 13, 51414, 51414, 4100, 502, 13, 20084, 278, 2149, 599, 51614, 51614]
BEGIN pp:30 decode 0
[2026-09-26 17:00:24.342] [ctranslate2] [thread 48695] [debug] CUDA graphs: decode summary (steps=87, captures=6, replays=72, transitions=3, segment_replays=[0,26,29,17], tiers=[32->64@32,64->96@64,96->128@96], phase=Ready, disabled=none)
[2026-09-26 17:00:27.330] [ctranslate2] [thread 48695] [debug] CUDA graphs: tier 32 -> 64 at step 32 (from Warmup, warmup re-entry)
[2026-09-26 17:00:27.863] [ctranslate2] [thread 48695] [debug] CUDA graphs: captured step 36 into slot 0 (re-entry)
[2026-09-26 17:00:27.970] [ctranslate2] [thread 48695] [debug] CUDA graphs: captured step 37 into slot 1 (re-entry)
[2026-09-26 17:00:30.745] [ctranslate2] [thread 48695] [debug] CUDA graphs: tier 64 -> 96 at step 64 (from Ready, fast re-entry)
[2026-09-26 17:00:30.964] [ctranslate2] [thread 48695] [debug] CUDA graphs: captured step 65 into slot 1 (re-entry)
[2026-09-26 17:00:31.073] [ctranslate2] [thread 48695] [debug] CUDA graphs: captured step 66 into slot 0 (re-entry)
[2026-09-26 17:00:34.186] [ctranslate2] [thread 48695] [debug] CUDA graphs: tier 96 -> 128 at step 96 (from Ready, fast re-entry)
[2026-09-26 17:00:34.406] [ctranslate2] [thread 48695] [debug] CUDA graphs: captured step 97 into slot 1 (re-entry)
[2026-09-26 17:00:34.517] [ctranslate2] [thread 48695] [debug] CUDA graphs: captured step 98 into slot 0 (re-entry)
DECODE 0 ENTRY 0 (pp:30) P=30 NTOK 84 SCORE -0.16052827
TOKS [50364, 639, 307, 257, 15834, 470, 53, 5230, 6613, 13, 1057, 15834, 470, 53, 5230, 25162, 366, 294, 264, 1908, 9274, 13, 50714, 50714, 1171, 544, 1589, 293, 281, 915, 484, 577, 291, 393, 13835, 11, 1767, 3441, 15834, 470, 53, 5230, 13, 4646, 13, 51014, 51014, 9647, 3357, 538, 3335, 4271, 479, 664, 446, 88, 13, 440, 5735, 295, 3630, 538, 6163, 314, 11728, 11, 16805, 538, 21704, 338, 460, 4680, 13, 51414, 51414, 4100, 502, 13, 20084, 278, 2149, 599, 51614, 51614]
BEGIN pp:31 decode 0
[2026-09-26 17:00:37.165] [ctranslate2] [thread 48695] [debug] CUDA graphs: decode summary (steps=86, captures=6, replays=72, transitions=3, segment_replays=[0,26,29,17], tiers=[32->64@32,64->96@64,96->128@96], phase=Ready, disabled=none)
[2026-09-26 17:00:40.036] [ctranslate2] [thread 48695] [debug] CUDA graphs: tier 32 -> 64 at step 32 (from Warmup, warmup re-entry)
[2026-09-26 17:00:40.566] [ctranslate2] [thread 48695] [debug] CUDA graphs: captured step 36 into slot 0 (re-entry)
[2026-09-26 17:00:40.673] [ctranslate2] [thread 48695] [debug] CUDA graphs: captured step 37 into slot 1 (re-entry)
[2026-09-26 17:00:43.431] [ctranslate2] [thread 48695] [debug] CUDA graphs: tier 64 -> 96 at step 64 (from Ready, fast re-entry)
[2026-09-26 17:00:43.646] [ctranslate2] [thread 48695] [debug] CUDA graphs: captured step 65 into slot 1 (re-entry)
[2026-09-26 17:00:43.754] [ctranslate2] [thread 48695] [debug] CUDA graphs: captured step 66 into slot 0 (re-entry)
[2026-09-26 17:00:46.882] [ctranslate2] [thread 48695] [debug] CUDA graphs: tier 96 -> 128 at step 96 (from Ready, fast re-entry)
[2026-09-26 17:00:47.102] [ctranslate2] [thread 48695] [debug] CUDA graphs: captured step 97 into slot 1 (re-entry)
[2026-09-26 17:00:47.212] [ctranslate2] [thread 48695] [debug] CUDA graphs: captured step 98 into slot 0 (re-entry)
DECODE 0 ENTRY 0 (pp:31) P=31 NTOK 84 SCORE -0.16341145
TOKS [50364, 639, 307, 257, 15834, 470, 53, 5230, 6613, 13, 1057, 15834, 470, 53, 5230, 25162, 366, 294, 264, 1908, 9274, 13, 50714, 50714, 1171, 544, 1589, 293, 281, 915, 484, 577, 291, 393, 13835, 11, 1767, 3441, 15834, 470, 53, 5230, 13, 4646, 13, 51014, 51014, 9647, 3357, 538, 3335, 4271, 479, 664, 446, 88, 13, 440, 5735, 295, 3630, 538, 6163, 314, 11728, 11, 16805, 538, 21704, 338, 460, 4680, 13, 51414, 51414, 4100, 502, 13, 20084, 278, 2149, 599, 51614, 51614]
[2026-09-26 17:00:50.057] [ctranslate2] [thread 48695] [debug] CUDA graphs: decode summary (steps=87, captures=6, replays=74, transitions=3, segment_replays=[0,26,29,19], tiers=[32->64@32,64->96@64,96->128@96], phase=Ready, disabled=none)
========= ERROR SUMMARY: 0 errors
