# TRIMMED (full log on the box at /opt/real/r6/r5t/gsan_uaf_pp.log,  1015990 bytes): first 45 lines + every ERROR SUMMARY / graph / decode / exit line
========= COMPUTE-SANITIZER
ctranslate2.__file__ = /home/ubuntu/w/r3/python/ctranslate2/__init__.py  lib = /home/ubuntu/w/r3/install/lib/libctranslate2.so.4.8.2
[2026-09-26 16:53:03.641] [ctranslate2] [thread 48378] [info] CPU: AuthenticAMD (SSE4.1=true, AVX=true, AVX2=true, AVX512=false)
[2026-09-26 16:53:03.641] [ctranslate2] [thread 48378] [info]  - Selected ISA: AVX2
[2026-09-26 16:53:03.641] [ctranslate2] [thread 48378] [info]  - Use Intel MKL: false
[2026-09-26 16:53:03.641] [ctranslate2] [thread 48378] [info]  - SGEMM backend: Ruy (packed: false)
[2026-09-26 16:53:03.641] [ctranslate2] [thread 48378] [info]  - GEMM_S16 backend: none (packed: false)
[2026-09-26 16:53:03.641] [ctranslate2] [thread 48378] [info]  - GEMM_S8 backend: Ruy (packed: false, u8s8 preferred: false)
[2026-09-26 16:53:03.641] [ctranslate2] [thread 48378] [info] GPU #0: NVIDIA A10G (CC=8.6)
[2026-09-26 16:53:03.641] [ctranslate2] [thread 48378] [info]  - Allow INT8: true
[2026-09-26 16:53:03.641] [ctranslate2] [thread 48378] [info]  - Allow FP16: true (with Tensor Cores: true)
[2026-09-26 16:53:03.641] [ctranslate2] [thread 48378] [info]  - Allow BF16: true
[2026-09-26 16:53:04.034] [ctranslate2] [thread 48378] [info] Using CUDA allocator: cuda_malloc_async
[2026-09-26 16:53:04.148] [ctranslate2] [thread 48378] [info] Loaded model /opt/models/faster-whisper-small on device cuda:0
[2026-09-26 16:53:04.148] [ctranslate2] [thread 48378] [info]  - Binary version: 6
[2026-09-26 16:53:04.148] [ctranslate2] [thread 48378] [info]  - Model specification revision: 3
[2026-09-26 16:53:04.148] [ctranslate2] [thread 48378] [info]  - Selected compute type: float16
BEGIN pp:20 decode 0
[2026-09-26 16:53:08.996] [ctranslate2] [thread 48396] [debug] CUDA graphs: captured step 24 into slot 0 (initial)
[2026-09-26 16:53:09.134] [ctranslate2] [thread 48396] [debug] CUDA graphs: captured step 25 into slot 1 (initial)
[2026-09-26 16:53:09.964] [ctranslate2] [thread 48396] [debug] CUDA graphs: tier 32 -> 64 at step 32 (from Ready, fast re-entry)
[2026-09-26 16:53:10.241] [ctranslate2] [thread 48396] [debug] CUDA graphs: captured step 33 into slot 1 (re-entry)
[2026-09-26 16:53:10.379] [ctranslate2] [thread 48396] [debug] CUDA graphs: captured step 34 into slot 0 (re-entry)
[2026-09-26 16:53:14.430] [ctranslate2] [thread 48396] [debug] CUDA graphs: tier 64 -> 96 at step 64 (from Ready, fast re-entry)
[2026-09-26 16:53:14.737] [ctranslate2] [thread 48396] [debug] CUDA graphs: captured step 65 into slot 1 (re-entry)
[2026-09-26 16:53:14.884] [ctranslate2] [thread 48396] [debug] CUDA graphs: captured step 66 into slot 0 (re-entry)
[2026-09-26 16:53:19.029] [ctranslate2] [thread 48396] [debug] CUDA graphs: tier 96 -> 128 at step 96 (from Ready, fast re-entry)
[2026-09-26 16:53:19.328] [ctranslate2] [thread 48396] [debug] CUDA graphs: captured step 97 into slot 1 (re-entry)
[2026-09-26 16:53:19.473] [ctranslate2] [thread 48396] [debug] CUDA graphs: captured step 98 into slot 0 (re-entry)
DECODE 0 ENTRY 0 (pp:20) P=20 NTOK 84 SCORE -0.16415551
TOKS [50364, 639, 307, 257, 15834, 470, 53, 5230, 6613, 13, 1057, 15834, 470, 53, 5230, 25162, 366, 294, 264, 1908, 9274, 13, 50664, 50664, 1171, 544, 1589, 293, 281, 915, 484, 577, 291, 393, 13835, 11, 1767, 3441, 15834, 470, 53, 5230, 13, 4646, 13, 51014, 51014, 9647, 3357, 538, 3335, 4271, 479, 664, 446, 88, 13, 440, 5735, 295, 3630, 538, 6163, 314, 11728, 11, 16805, 538, 21704, 338, 460, 4680, 13, 51414, 51414, 4100, 502, 13, 20084, 278, 2149, 599, 51614, 51614]
BEGIN pp:21 decode 0
[2026-09-26 16:53:22.439] [ctranslate2] [thread 48396] [debug] CUDA graphs: decode summary (steps=87, captures=8, replays=72, transitions=3, segment_replays=[6,29,29,8], tiers=[32->64@32,64->96@64,96->128@96], phase=Ready, disabled=none)
[2026-09-26 16:53:26.069] [ctranslate2] [thread 48396] [debug] CUDA graphs: captured step 25 into slot 1 (initial)
[2026-09-26 16:53:26.218] [ctranslate2] [thread 48396] [debug] CUDA graphs: captured step 26 into slot 0 (initial)
[2026-09-26 16:53:27.004] [ctranslate2] [thread 48396] [debug] CUDA graphs: tier 32 -> 64 at step 32 (from Ready, fast re-entry)
[2026-09-26 16:53:27.335] [ctranslate2] [thread 48396] [debug] CUDA graphs: captured step 33 into slot 1 (re-entry)
[2026-09-26 16:53:27.494] [ctranslate2] [thread 48396] [debug] CUDA graphs: captured step 34 into slot 0 (re-entry)
[2026-09-26 16:53:31.915] [ctranslate2] [thread 48396] [debug] CUDA graphs: tier 64 -> 96 at step 64 (from Ready, fast re-entry)
[2026-09-26 16:53:32.225] [ctranslate2] [thread 48396] [debug] CUDA graphs: captured step 65 into slot 1 (re-entry)
[2026-09-26 16:53:32.375] [ctranslate2] [thread 48396] [debug] CUDA graphs: captured step 66 into slot 0 (re-entry)
[2026-09-26 16:53:36.660] [ctranslate2] [thread 48396] [debug] CUDA graphs: tier 96 -> 128 at step 96 (from Ready, fast re-entry)
[2026-09-26 16:53:36.962] [ctranslate2] [thread 48396] [debug] CUDA graphs: captured step 97 into slot 1 (re-entry)
[2026-09-26 16:53:37.109] [ctranslate2] [thread 48396] [debug] CUDA graphs: captured step 98 into slot 0 (re-entry)
DECODE 0 ENTRY 0 (pp:21) P=21 NTOK 84 SCORE -0.1657366
# ...
ctranslate2.__file__ = /home/ubuntu/w/r3/python/ctranslate2/__init__.py  lib = /home/ubuntu/w/r3/install/lib/libctranslate2.so.4.8.2
BEGIN pp:20 decode 0
[2026-09-26 16:53:08.996] [ctranslate2] [thread 48396] [debug] CUDA graphs: captured step 24 into slot 0 (initial)
[2026-09-26 16:53:09.134] [ctranslate2] [thread 48396] [debug] CUDA graphs: captured step 25 into slot 1 (initial)
[2026-09-26 16:53:09.964] [ctranslate2] [thread 48396] [debug] CUDA graphs: tier 32 -> 64 at step 32 (from Ready, fast re-entry)
[2026-09-26 16:53:10.241] [ctranslate2] [thread 48396] [debug] CUDA graphs: captured step 33 into slot 1 (re-entry)
[2026-09-26 16:53:10.379] [ctranslate2] [thread 48396] [debug] CUDA graphs: captured step 34 into slot 0 (re-entry)
[2026-09-26 16:53:14.430] [ctranslate2] [thread 48396] [debug] CUDA graphs: tier 64 -> 96 at step 64 (from Ready, fast re-entry)
[2026-09-26 16:53:14.737] [ctranslate2] [thread 48396] [debug] CUDA graphs: captured step 65 into slot 1 (re-entry)
[2026-09-26 16:53:14.884] [ctranslate2] [thread 48396] [debug] CUDA graphs: captured step 66 into slot 0 (re-entry)
[2026-09-26 16:53:19.029] [ctranslate2] [thread 48396] [debug] CUDA graphs: tier 96 -> 128 at step 96 (from Ready, fast re-entry)
[2026-09-26 16:53:19.328] [ctranslate2] [thread 48396] [debug] CUDA graphs: captured step 97 into slot 1 (re-entry)
[2026-09-26 16:53:19.473] [ctranslate2] [thread 48396] [debug] CUDA graphs: captured step 98 into slot 0 (re-entry)
DECODE 0 ENTRY 0 (pp:20) P=20 NTOK 84 SCORE -0.16415551
BEGIN pp:21 decode 0
[2026-09-26 16:53:22.439] [ctranslate2] [thread 48396] [debug] CUDA graphs: decode summary (steps=87, captures=8, replays=72, transitions=3, segment_replays=[6,29,29,8], tiers=[32->64@32,64->96@64,96->128@96], phase=Ready, disabled=none)
[2026-09-26 16:53:26.069] [ctranslate2] [thread 48396] [debug] CUDA graphs: captured step 25 into slot 1 (initial)
[2026-09-26 16:53:26.218] [ctranslate2] [thread 48396] [debug] CUDA graphs: captured step 26 into slot 0 (initial)
[2026-09-26 16:53:27.004] [ctranslate2] [thread 48396] [debug] CUDA graphs: tier 32 -> 64 at step 32 (from Ready, fast re-entry)
[2026-09-26 16:53:27.335] [ctranslate2] [thread 48396] [debug] CUDA graphs: captured step 33 into slot 1 (re-entry)
[2026-09-26 16:53:27.494] [ctranslate2] [thread 48396] [debug] CUDA graphs: captured step 34 into slot 0 (re-entry)
[2026-09-26 16:53:31.915] [ctranslate2] [thread 48396] [debug] CUDA graphs: tier 64 -> 96 at step 64 (from Ready, fast re-entry)
[2026-09-26 16:53:32.225] [ctranslate2] [thread 48396] [debug] CUDA graphs: captured step 65 into slot 1 (re-entry)
[2026-09-26 16:53:32.375] [ctranslate2] [thread 48396] [debug] CUDA graphs: captured step 66 into slot 0 (re-entry)
[2026-09-26 16:53:36.660] [ctranslate2] [thread 48396] [debug] CUDA graphs: tier 96 -> 128 at step 96 (from Ready, fast re-entry)
[2026-09-26 16:53:36.962] [ctranslate2] [thread 48396] [debug] CUDA graphs: captured step 97 into slot 1 (re-entry)
[2026-09-26 16:53:37.109] [ctranslate2] [thread 48396] [debug] CUDA graphs: captured step 98 into slot 0 (re-entry)
DECODE 0 ENTRY 0 (pp:21) P=21 NTOK 84 SCORE -0.1657366
BEGIN pp:22 decode 0
[2026-09-26 16:53:40.289] [ctranslate2] [thread 48396] [debug] CUDA graphs: decode summary (steps=87, captures=8, replays=72, transitions=3, segment_replays=[5,29,29,9], tiers=[32->64@32,64->96@64,96->128@96], phase=Ready, disabled=none)
[2026-09-26 16:53:43.919] [ctranslate2] [thread 48396] [debug] CUDA graphs: captured step 26 into slot 0 (initial)
[2026-09-26 16:53:44.086] [ctranslate2] [thread 48396] [debug] CUDA graphs: captured step 27 into slot 1 (initial)
[2026-09-26 16:53:44.763] [ctranslate2] [thread 48396] [debug] CUDA graphs: tier 32 -> 64 at step 32 (from Ready, fast re-entry)
[2026-09-26 16:53:45.110] [ctranslate2] [thread 48396] [debug] CUDA graphs: captured step 33 into slot 1 (re-entry)
[2026-09-26 16:53:45.278] [ctranslate2] [thread 48396] [debug] CUDA graphs: captured step 34 into slot 0 (re-entry)
[2026-09-26 16:53:50.074] [ctranslate2] [thread 48396] [debug] CUDA graphs: tier 64 -> 96 at step 64 (from Ready, fast re-entry)
[2026-09-26 16:53:50.422] [ctranslate2] [thread 48396] [debug] CUDA graphs: captured step 65 into slot 1 (re-entry)
[2026-09-26 16:53:50.590] [ctranslate2] [thread 48396] [debug] CUDA graphs: captured step 66 into slot 0 (re-entry)
[2026-09-26 16:53:55.261] [ctranslate2] [thread 48396] [debug] CUDA graphs: tier 96 -> 128 at step 96 (from Ready, fast re-entry)
[2026-09-26 16:53:55.587] [ctranslate2] [thread 48396] [debug] CUDA graphs: captured step 97 into slot 1 (re-entry)
[2026-09-26 16:53:55.745] [ctranslate2] [thread 48396] [debug] CUDA graphs: captured step 98 into slot 0 (re-entry)
DECODE 0 ENTRY 0 (pp:22) P=22 NTOK 84 SCORE -0.16582961
BEGIN pp:23 decode 0
[2026-09-26 16:53:59.160] [ctranslate2] [thread 48396] [debug] CUDA graphs: decode summary (steps=87, captures=8, replays=72, transitions=3, segment_replays=[4,29,29,10], tiers=[32->64@32,64->96@64,96->128@96], phase=Ready, disabled=none)
[2026-09-26 16:54:02.798] [ctranslate2] [thread 48396] [debug] CUDA graphs: captured step 27 into slot 1 (initial)
[2026-09-26 16:54:02.964] [ctranslate2] [thread 48396] [debug] CUDA graphs: captured step 28 into slot 0 (initial)
[2026-09-26 16:54:03.470] [ctranslate2] [thread 48396] [debug] CUDA graphs: tier 32 -> 64 at step 32 (from Ready, fast re-entry)
[2026-09-26 16:54:03.814] [ctranslate2] [thread 48396] [debug] CUDA graphs: captured step 33 into slot 1 (re-entry)
[2026-09-26 16:54:03.978] [ctranslate2] [thread 48396] [debug] CUDA graphs: captured step 34 into slot 0 (re-entry)
[2026-09-26 16:54:08.743] [ctranslate2] [thread 48396] [debug] CUDA graphs: tier 64 -> 96 at step 64 (from Ready, fast re-entry)
[2026-09-26 16:54:09.108] [ctranslate2] [thread 48396] [debug] CUDA graphs: captured step 65 into slot 1 (re-entry)
[2026-09-26 16:54:09.282] [ctranslate2] [thread 48396] [debug] CUDA graphs: captured step 66 into slot 0 (re-entry)
[2026-09-26 16:54:14.246] [ctranslate2] [thread 48396] [debug] CUDA graphs: tier 96 -> 128 at step 96 (from Ready, fast re-entry)
[2026-09-26 16:54:14.603] [ctranslate2] [thread 48396] [debug] CUDA graphs: captured step 97 into slot 1 (re-entry)
[2026-09-26 16:54:14.774] [ctranslate2] [thread 48396] [debug] CUDA graphs: captured step 98 into slot 0 (re-entry)
DECODE 0 ENTRY 0 (pp:23) P=23 NTOK 84 SCORE -0.16750371
BEGIN pp:24 decode 0
[2026-09-26 16:54:18.460] [ctranslate2] [thread 48396] [debug] CUDA graphs: decode summary (steps=87, captures=8, replays=72, transitions=3, segment_replays=[3,29,29,11], tiers=[32->64@32,64->96@64,96->128@96], phase=Ready, disabled=none)
[2026-09-26 16:54:22.195] [ctranslate2] [thread 48396] [debug] CUDA graphs: captured step 28 into slot 0 (initial)
[2026-09-26 16:54:22.360] [ctranslate2] [thread 48396] [debug] CUDA graphs: captured step 29 into slot 1 (initial)
[2026-09-26 16:54:22.700] [ctranslate2] [thread 48396] [debug] CUDA graphs: tier 32 -> 64 at step 32 (from Ready, fast re-entry)
[2026-09-26 16:54:23.044] [ctranslate2] [thread 48396] [debug] CUDA graphs: captured step 33 into slot 1 (re-entry)
[2026-09-26 16:54:23.211] [ctranslate2] [thread 48396] [debug] CUDA graphs: captured step 34 into slot 0 (re-entry)
[2026-09-26 16:54:28.052] [ctranslate2] [thread 48396] [debug] CUDA graphs: tier 64 -> 96 at step 64 (from Ready, fast re-entry)
[2026-09-26 16:54:28.423] [ctranslate2] [thread 48396] [debug] CUDA graphs: captured step 65 into slot 1 (re-entry)
[2026-09-26 16:54:28.599] [ctranslate2] [thread 48396] [debug] CUDA graphs: captured step 66 into slot 0 (re-entry)
[2026-09-26 16:54:33.833] [ctranslate2] [thread 48396] [debug] CUDA graphs: tier 96 -> 128 at step 96 (from Ready, fast re-entry)
[2026-09-26 16:54:34.221] [ctranslate2] [thread 48396] [debug] CUDA graphs: captured step 97 into slot 1 (re-entry)
[2026-09-26 16:54:34.405] [ctranslate2] [thread 48396] [debug] CUDA graphs: captured step 98 into slot 0 (re-entry)
DECODE 0 ENTRY 0 (pp:24) P=24 NTOK 84 SCORE -0.16294643
BEGIN pp:25 decode 0
[2026-09-26 16:54:38.468] [ctranslate2] [thread 48396] [debug] CUDA graphs: decode summary (steps=87, captures=8, replays=72, transitions=3, segment_replays=[2,29,29,12], tiers=[32->64@32,64->96@64,96->128@96], phase=Ready, disabled=none)
[2026-09-26 16:54:42.122] [ctranslate2] [thread 48396] [debug] CUDA graphs: captured step 29 into slot 1 (initial)
[2026-09-26 16:54:42.290] [ctranslate2] [thread 48396] [debug] CUDA graphs: captured step 30 into slot 0 (initial)
[2026-09-26 16:54:42.472] [ctranslate2] [thread 48396] [debug] CUDA graphs: tier 32 -> 64 at step 32 (from Ready, fast re-entry)
[2026-09-26 16:54:42.824] [ctranslate2] [thread 48396] [debug] CUDA graphs: captured step 33 into slot 1 (re-entry)
[2026-09-26 16:54:42.993] [ctranslate2] [thread 48396] [debug] CUDA graphs: captured step 34 into slot 0 (re-entry)
[2026-09-26 16:54:48.128] [ctranslate2] [thread 48396] [debug] CUDA graphs: tier 64 -> 96 at step 64 (from Ready, fast re-entry)
[2026-09-26 16:54:48.518] [ctranslate2] [thread 48396] [debug] CUDA graphs: captured step 65 into slot 1 (re-entry)
[2026-09-26 16:54:48.705] [ctranslate2] [thread 48396] [debug] CUDA graphs: captured step 66 into slot 0 (re-entry)
[2026-09-26 16:54:54.139] [ctranslate2] [thread 48396] [debug] CUDA graphs: tier 96 -> 128 at step 96 (from Ready, fast re-entry)
[2026-09-26 16:54:54.538] [ctranslate2] [thread 48396] [debug] CUDA graphs: captured step 97 into slot 1 (re-entry)
[2026-09-26 16:54:54.730] [ctranslate2] [thread 48396] [debug] CUDA graphs: captured step 98 into slot 0 (re-entry)
DECODE 0 ENTRY 0 (pp:25) P=25 NTOK 84 SCORE -0.16434152
BEGIN pp:26 decode 0
[2026-09-26 16:54:59.078] [ctranslate2] [thread 48396] [debug] CUDA graphs: decode summary (steps=87, captures=8, replays=72, transitions=3, segment_replays=[1,29,29,13], tiers=[32->64@32,64->96@64,96->128@96], phase=Ready, disabled=none)
[2026-09-26 16:55:02.750] [ctranslate2] [thread 48396] [debug] CUDA graphs: captured step 30 into slot 0 (initial)
[2026-09-26 16:55:02.930] [ctranslate2] [thread 48396] [debug] CUDA graphs: captured step 31 into slot 1 (initial)
[2026-09-26 16:55:02.948] [ctranslate2] [thread 48396] [debug] CUDA graphs: tier 32 -> 64 at step 32 (from Ready, fast re-entry)
[2026-09-26 16:55:03.325] [ctranslate2] [thread 48396] [debug] CUDA graphs: captured step 33 into slot 1 (re-entry)
[2026-09-26 16:55:03.504] [ctranslate2] [thread 48396] [debug] CUDA graphs: captured step 34 into slot 0 (re-entry)
[2026-09-26 16:55:08.869] [ctranslate2] [thread 48396] [debug] CUDA graphs: tier 64 -> 96 at step 64 (from Ready, fast re-entry)
[2026-09-26 16:55:09.274] [ctranslate2] [thread 48396] [debug] CUDA graphs: captured step 65 into slot 1 (re-entry)
[2026-09-26 16:55:09.467] [ctranslate2] [thread 48396] [debug] CUDA graphs: captured step 66 into slot 0 (re-entry)
[2026-09-26 16:55:15.063] [ctranslate2] [thread 48396] [debug] CUDA graphs: tier 96 -> 128 at step 96 (from Ready, fast re-entry)
[2026-09-26 16:55:15.468] [ctranslate2] [thread 48396] [debug] CUDA graphs: captured step 97 into slot 1 (re-entry)
[2026-09-26 16:55:15.662] [ctranslate2] [thread 48396] [debug] CUDA graphs: captured step 98 into slot 0 (re-entry)
DECODE 0 ENTRY 0 (pp:26) P=26 NTOK 84 SCORE -0.16341145
BEGIN pp:27 decode 0
[2026-09-26 16:55:20.268] [ctranslate2] [thread 48396] [debug] CUDA graphs: decode summary (steps=87, captures=8, replays=72, transitions=3, segment_replays=[0,29,29,14], tiers=[32->64@32,64->96@64,96->128@96], phase=Ready, disabled=none)
[2026-09-26 16:55:23.937] [ctranslate2] [thread 48396] [debug] CUDA graphs: captured step 31 into slot 1 (initial)
[2026-09-26 16:55:23.955] [ctranslate2] [thread 48396] [debug] CUDA graphs: tier 32 -> 64 at step 32 (from CaptureSecond, fast re-entry)
[2026-09-26 16:55:24.346] [ctranslate2] [thread 48396] [debug] CUDA graphs: captured step 33 into slot 1 (re-entry)
[2026-09-26 16:55:24.535] [ctranslate2] [thread 48396] [debug] CUDA graphs: captured step 34 into slot 0 (re-entry)
[2026-09-26 16:55:30.023] [ctranslate2] [thread 48396] [debug] CUDA graphs: tier 64 -> 96 at step 64 (from Ready, fast re-entry)
[2026-09-26 16:55:30.431] [ctranslate2] [thread 48396] [debug] CUDA graphs: captured step 65 into slot 1 (re-entry)
[2026-09-26 16:55:30.626] [ctranslate2] [thread 48396] [debug] CUDA graphs: captured step 66 into slot 0 (re-entry)
[2026-09-26 16:55:36.242] [ctranslate2] [thread 48396] [debug] CUDA graphs: tier 96 -> 128 at step 96 (from Ready, fast re-entry)
[2026-09-26 16:55:36.651] [ctranslate2] [thread 48396] [debug] CUDA graphs: captured step 97 into slot 1 (re-entry)
[2026-09-26 16:55:36.848] [ctranslate2] [thread 48396] [debug] CUDA graphs: captured step 98 into slot 0 (re-entry)
DECODE 0 ENTRY 0 (pp:27) P=27 NTOK 84 SCORE -0.16443452
BEGIN pp:28 decode 0
[2026-09-26 16:55:41.656] [ctranslate2] [thread 48396] [debug] CUDA graphs: decode summary (steps=87, captures=7, replays=73, transitions=3, segment_replays=[0,29,29,15], tiers=[32->64@32,64->96@64,96->128@96], phase=Ready, disabled=none)
[2026-09-26 16:55:45.197] [ctranslate2] [thread 48396] [debug] CUDA graphs: tier 32 -> 64 at step 32 (from Warmup, warmup re-entry)
[2026-09-26 16:55:46.150] [ctranslate2] [thread 48396] [debug] CUDA graphs: captured step 36 into slot 0 (re-entry)
[2026-09-26 16:55:46.343] [ctranslate2] [thread 48396] [debug] CUDA graphs: captured step 37 into slot 1 (re-entry)
[2026-09-26 16:55:51.359] [ctranslate2] [thread 48396] [debug] CUDA graphs: tier 64 -> 96 at step 64 (from Ready, fast re-entry)
[2026-09-26 16:55:51.770] [ctranslate2] [thread 48396] [debug] CUDA graphs: captured step 65 into slot 1 (re-entry)
[2026-09-26 16:55:51.966] [ctranslate2] [thread 48396] [debug] CUDA graphs: captured step 66 into slot 0 (re-entry)
[2026-09-26 16:55:57.596] [ctranslate2] [thread 48396] [debug] CUDA graphs: tier 96 -> 128 at step 96 (from Ready, fast re-entry)
[2026-09-26 16:55:58.007] [ctranslate2] [thread 48396] [debug] CUDA graphs: captured step 97 into slot 1 (re-entry)
[2026-09-26 16:55:58.203] [ctranslate2] [thread 48396] [debug] CUDA graphs: captured step 98 into slot 0 (re-entry)
DECODE 0 ENTRY 0 (pp:28) P=28 NTOK 84 SCORE -0.16638765
BEGIN pp:29 decode 0
[2026-09-26 16:56:03.210] [ctranslate2] [thread 48396] [debug] CUDA graphs: decode summary (steps=87, captures=6, replays=71, transitions=3, segment_replays=[0,26,29,16], tiers=[32->64@32,64->96@64,96->128@96], phase=Ready, disabled=none)
[2026-09-26 16:56:06.589] [ctranslate2] [thread 48396] [debug] CUDA graphs: tier 32 -> 64 at step 32 (from Warmup, warmup re-entry)
[2026-09-26 16:56:07.528] [ctranslate2] [thread 48396] [debug] CUDA graphs: captured step 36 into slot 0 (re-entry)
[2026-09-26 16:56:07.723] [ctranslate2] [thread 48396] [debug] CUDA graphs: captured step 37 into slot 1 (re-entry)
[2026-09-26 16:56:12.848] [ctranslate2] [thread 48396] [debug] CUDA graphs: tier 64 -> 96 at step 64 (from Ready, fast re-entry)
[2026-09-26 16:56:13.264] [ctranslate2] [thread 48396] [debug] CUDA graphs: captured step 65 into slot 1 (re-entry)
[2026-09-26 16:56:13.463] [ctranslate2] [thread 48396] [debug] CUDA graphs: captured step 66 into slot 0 (re-entry)
[2026-09-26 16:56:19.179] [ctranslate2] [thread 48396] [debug] CUDA graphs: tier 96 -> 128 at step 96 (from Ready, fast re-entry)
[2026-09-26 16:56:19.593] [ctranslate2] [thread 48396] [debug] CUDA graphs: captured step 97 into slot 1 (re-entry)
[2026-09-26 16:56:19.792] [ctranslate2] [thread 48396] [debug] CUDA graphs: captured step 98 into slot 0 (re-entry)
DECODE 0 ENTRY 0 (pp:29) P=29 NTOK 84 SCORE -0.15997024
BEGIN pp:30 decode 0
[2026-09-26 16:56:25.063] [ctranslate2] [thread 48396] [debug] CUDA graphs: decode summary (steps=87, captures=6, replays=72, transitions=3, segment_replays=[0,26,29,17], tiers=[32->64@32,64->96@64,96->128@96], phase=Ready, disabled=none)
[2026-09-26 16:56:28.293] [ctranslate2] [thread 48396] [debug] CUDA graphs: tier 32 -> 64 at step 32 (from Warmup, warmup re-entry)
[2026-09-26 16:56:29.230] [ctranslate2] [thread 48396] [debug] CUDA graphs: captured step 36 into slot 0 (re-entry)
[2026-09-26 16:56:29.415] [ctranslate2] [thread 48396] [debug] CUDA graphs: captured step 37 into slot 1 (re-entry)
[2026-09-26 16:56:34.510] [ctranslate2] [thread 48396] [debug] CUDA graphs: tier 64 -> 96 at step 64 (from Ready, fast re-entry)
[2026-09-26 16:56:34.922] [ctranslate2] [thread 48396] [debug] CUDA graphs: captured step 65 into slot 1 (re-entry)
[2026-09-26 16:56:35.120] [ctranslate2] [thread 48396] [debug] CUDA graphs: captured step 66 into slot 0 (re-entry)
[2026-09-26 16:56:40.784] [ctranslate2] [thread 48396] [debug] CUDA graphs: tier 96 -> 128 at step 96 (from Ready, fast re-entry)
[2026-09-26 16:56:41.196] [ctranslate2] [thread 48396] [debug] CUDA graphs: captured step 97 into slot 1 (re-entry)
[2026-09-26 16:56:41.393] [ctranslate2] [thread 48396] [debug] CUDA graphs: captured step 98 into slot 0 (re-entry)
DECODE 0 ENTRY 0 (pp:30) P=30 NTOK 84 SCORE -0.16052827
BEGIN pp:31 decode 0
[2026-09-26 16:56:46.605] [ctranslate2] [thread 48396] [debug] CUDA graphs: decode summary (steps=86, captures=6, replays=72, transitions=3, segment_replays=[0,26,29,17], tiers=[32->64@32,64->96@64,96->128@96], phase=Ready, disabled=none)
[2026-09-26 16:56:49.627] [ctranslate2] [thread 48396] [debug] CUDA graphs: tier 32 -> 64 at step 32 (from Warmup, warmup re-entry)
[2026-09-26 16:56:50.573] [ctranslate2] [thread 48396] [debug] CUDA graphs: captured step 36 into slot 0 (re-entry)
[2026-09-26 16:56:50.757] [ctranslate2] [thread 48396] [debug] CUDA graphs: captured step 37 into slot 1 (re-entry)
[2026-09-26 16:56:55.774] [ctranslate2] [thread 48396] [debug] CUDA graphs: tier 64 -> 96 at step 64 (from Ready, fast re-entry)
[2026-09-26 16:56:56.184] [ctranslate2] [thread 48396] [debug] CUDA graphs: captured step 65 into slot 1 (re-entry)
[2026-09-26 16:56:56.381] [ctranslate2] [thread 48396] [debug] CUDA graphs: captured step 66 into slot 0 (re-entry)
[2026-09-26 16:57:02.021] [ctranslate2] [thread 48396] [debug] CUDA graphs: tier 96 -> 128 at step 96 (from Ready, fast re-entry)
[2026-09-26 16:57:02.430] [ctranslate2] [thread 48396] [debug] CUDA graphs: captured step 97 into slot 1 (re-entry)
[2026-09-26 16:57:02.626] [ctranslate2] [thread 48396] [debug] CUDA graphs: captured step 98 into slot 0 (re-entry)
DECODE 0 ENTRY 0 (pp:31) P=31 NTOK 84 SCORE -0.16341145
[2026-09-26 16:57:08.255] [ctranslate2] [thread 48396] [debug] CUDA graphs: decode summary (steps=87, captures=6, replays=74, transitions=3, segment_replays=[0,26,29,19], tiers=[32->64@32,64->96@64,96->128@96], phase=Ready, disabled=none)
========= ERROR SUMMARY: 395 errors
========= ERROR SUMMARY: 295 errors were not printed. Use --print-limit option to adjust the number of printed errors
