ctranslate2.__file__ = /home/ubuntu/w/r3/python/ctranslate2/__init__.py  lib = /home/ubuntu/w/r3/install/lib/libctranslate2.so.4.8.2
[2026-09-26 16:48:54.826] [ctranslate2] [thread 47053] [info] CPU: AuthenticAMD (SSE4.1=true, AVX=true, AVX2=true, AVX512=false)
[2026-09-26 16:48:54.826] [ctranslate2] [thread 47053] [info]  - Selected ISA: AVX2
[2026-09-26 16:48:54.826] [ctranslate2] [thread 47053] [info]  - Use Intel MKL: false
[2026-09-26 16:48:54.826] [ctranslate2] [thread 47053] [info]  - SGEMM backend: Ruy (packed: false)
[2026-09-26 16:48:54.826] [ctranslate2] [thread 47053] [info]  - GEMM_S16 backend: none (packed: false)
[2026-09-26 16:48:54.826] [ctranslate2] [thread 47053] [info]  - GEMM_S8 backend: Ruy (packed: false, u8s8 preferred: false)
[2026-09-26 16:48:54.826] [ctranslate2] [thread 47053] [info] GPU #0: NVIDIA A10G (CC=8.6)
[2026-09-26 16:48:54.826] [ctranslate2] [thread 47053] [info]  - Allow INT8: true
[2026-09-26 16:48:54.826] [ctranslate2] [thread 47053] [info]  - Allow FP16: true (with Tensor Cores: true)
[2026-09-26 16:48:54.827] [ctranslate2] [thread 47053] [info]  - Allow BF16: true
[2026-09-26 16:48:55.205] [ctranslate2] [thread 47053] [info] Using CUDA allocator: cuda_malloc_async
[2026-09-26 16:48:55.305] [ctranslate2] [thread 47053] [info] Loaded model /opt/models/faster-whisper-small on device cuda:0
[2026-09-26 16:48:55.305] [ctranslate2] [thread 47053] [info]  - Binary version: 6
[2026-09-26 16:48:55.305] [ctranslate2] [thread 47053] [info]  - Model specification revision: 3
[2026-09-26 16:48:55.305] [ctranslate2] [thread 47053] [info]  - Selected compute type: float16
BEGIN std:0+std:7 decode 0
[2026-09-26 16:48:56.008] [ctranslate2] [thread 47067] [debug] CUDA graphs: captured step 6 into slot 0 (initial)
[2026-09-26 16:48:56.013] [ctranslate2] [thread 47067] [debug] CUDA graphs: captured step 7 into slot 1 (initial)
[2026-09-26 16:48:56.133] [ctranslate2] [thread 47067] [debug] CUDA graphs: step 64 does not fit the captured shapes (cache capacity 64, position table 448), going eager
[2026-09-26 16:48:56.133] [ctranslate2] [thread 47067] [debug] CUDA graphs: falling back to eager for this decode (ineligible step mid-decode)
DECODE 0 ENTRY 0 (std:0) P=2 NTOK 84 SCORE -0.19494048
TOKS [50364, 639, 307, 257, 15834, 470, 53, 5230, 6613, 13, 1057, 15834, 470, 53, 5230, 25162, 366, 294, 264, 1908, 9274, 13, 50714, 50714, 1171, 544, 1589, 293, 281, 915, 484, 577, 291, 393, 13835, 11, 1767, 3441, 15834, 470, 53, 5230, 13, 4646, 13, 51014, 51014, 9647, 3357, 538, 3335, 4271, 479, 664, 446, 88, 13, 440, 5735, 295, 3630, 538, 6163, 314, 11728, 11, 16805, 538, 21704, 338, 460, 4680, 13, 51414, 51414, 4100, 502, 13, 20084, 278, 2149, 599, 51614, 51614]
DECODE 0 ENTRY 1 (std:7) P=2 NTOK 61 SCORE -0.10418801
TOKS [50364, 400, 370, 11, 452, 7177, 6280, 11, 1029, 406, 437, 428, 1941, 393, 360, 337, 291, 13, 50764, 50764, 12320, 437, 291, 393, 360, 337, 428, 1941, 13, 50914, 50914, 400, 370, 11, 452, 7177, 6280, 11, 1029, 406, 437, 428, 1941, 393, 360, 337, 291, 13, 51314, 51314, 12320, 437, 291, 393, 360, 337, 428, 1941, 13, 51464, 51464]
[2026-09-26 16:48:56.203] [ctranslate2] [thread 47067] [debug] CUDA graphs: decode summary (steps=92, captures=2, replays=56, transitions=0, segment_replays=[56], tiers=[], phase=Disabled, disabled=ineligible step mid-decode)
