ctranslate2.__file__ = /home/ubuntu/w/r3/python/ctranslate2/__init__.py  lib = /home/ubuntu/w/r3/install/lib/libctranslate2.so.4.8.2
BEGIN pp:20 decode 0
DECODE 0 ENTRY 0 (pp:20) P=20 NTOK 84 SCORE -0.16415551
TOKS [50364, 639, 307, 257, 15834, 470, 53, 5230, 6613, 13, 1057, 15834, 470, 53, 5230, 25162, 366, 294, 264, 1908, 9274, 13, 50664, 50664, 1171, 544, 1589, 293, 281, 915, 484, 577, 291, 393, 13835, 11, 1767, 3441, 15834, 470, 53, 5230, 13, 4646, 13, 51014, 51014, 9647, 3357, 538, 3335, 4271, 479, 664, 446, 88, 13, 440, 5735, 295, 3630, 538, 6163, 314, 11728, 11, 16805, 538, 21704, 338, 460, 4680, 13, 51414, 51414, 4100, 502, 13, 20084, 278, 2149, 599, 51614, 51614]
BEGIN pp:21 decode 0
DECODE 0 ENTRY 0 (pp:21) P=21 NTOK 84 SCORE -0.1657366
TOKS [50364, 639, 307, 257, 15834, 470, 53, 5230, 6613, 13, 1057, 15834, 470, 53, 5230, 25162, 366, 294, 264, 1908, 9274, 13, 50714, 50714, 1171, 544, 1589, 293, 281, 915, 484, 577, 291, 393, 13835, 11, 1767, 3441, 15834, 470, 53, 5230, 13, 4646, 13, 51014, 51014, 9647, 3357, 538, 3335, 4271, 479, 664, 446, 88, 13, 440, 5735, 295, 3630, 538, 6163, 314, 11728, 11, 16805, 538, 21704, 338, 460, 4680, 13, 51414, 51414, 4100, 502, 13, 20084, 278, 2149, 599, 51614, 51614]
BEGIN pp:22 decode 0
DECODE 0 ENTRY 0 (pp:22) P=22 NTOK 84 SCORE -0.16582961
TOKS [50364, 639, 307, 257, 15834, 470, 53, 5230, 6613, 13, 1057, 15834, 470, 53, 5230, 25162, 366, 294, 264, 1908, 9274, 13, 50664, 50664, 1171, 544, 1589, 293, 281, 915, 484, 577, 291, 393, 13835, 11, 1767, 3441, 15834, 470, 53, 5230, 13, 4646, 13, 51014, 51014, 9647, 3357, 538, 3335, 4271, 479, 664, 446, 88, 13, 440, 5735, 295, 3630, 538, 6163, 314, 11728, 11, 16805, 538, 21704, 338, 460, 4680, 13, 51414, 51414, 4100, 502, 13, 20084, 278, 2149, 599, 51614, 51614]
BEGIN pp:23 decode 0
DECODE 0 ENTRY 0 (pp:23) P=23 NTOK 84 SCORE -0.16750371
TOKS [50364, 639, 307, 257, 15834, 470, 53, 5230, 6613, 13, 1057, 15834, 470, 53, 5230, 25162, 366, 294, 264, 1908, 9274, 13, 50664, 50664, 1171, 544, 1589, 293, 281, 915, 484, 577, 291, 393, 13835, 11, 1767, 3441, 15834, 470, 53, 5230, 13, 4646, 13, 51014, 51014, 9647, 3357, 538, 3335, 4271, 479, 664, 446, 88, 13, 440, 5735, 295, 3630, 538, 6163, 314, 11728, 11, 16805, 538, 21704, 338, 460, 4680, 13, 51414, 51414, 4100, 502, 13, 20084, 278, 2149, 599, 51614, 51614]
BEGIN pp:24 decode 0
DECODE 0 ENTRY 0 (pp:24) P=24 NTOK 84 SCORE -0.16294643
TOKS [50364, 639, 307, 257, 15834, 470, 53, 5230, 6613, 13, 1057, 15834, 470, 53, 5230, 25162, 366, 294, 264, 1908, 9274, 13, 50714, 50714, 1171, 544, 1589, 293, 281, 915, 484, 577, 291, 393, 13835, 11, 1767, 3441, 15834, 470, 53, 5230, 13, 4646, 13, 51014, 51014, 9647, 3357, 538, 3335, 4271, 479, 664, 446, 88, 13, 440, 5735, 295, 3630, 538, 6163, 314, 11728, 11, 16805, 538, 21704, 338, 460, 4680, 13, 51414, 51414, 4100, 502, 13, 20084, 278, 2149, 599, 51614, 51614]
BEGIN pp:25 decode 0
DECODE 0 ENTRY 0 (pp:25) P=25 NTOK 84 SCORE -0.16434152
TOKS [50364, 639, 307, 257, 15834, 470, 53, 5230, 6613, 13, 1057, 15834, 470, 53, 5230, 25162, 366, 294, 264, 1908, 9274, 13, 50664, 50664, 1171, 544, 1589, 293, 281, 915, 484, 577, 291, 393, 13835, 11, 1767, 3441, 15834, 470, 53, 5230, 13, 4646, 13, 51014, 51014, 9647, 3357, 538, 3335, 4271, 479, 664, 446, 88, 13, 440, 5735, 295, 3630, 538, 6163, 314, 11728, 11, 16805, 538, 21704, 338, 460, 4680, 13, 51414, 51414, 4100, 502, 13, 20084, 278, 2149, 599, 51614, 51614]
BEGIN pp:26 decode 0
DECODE 0 ENTRY 0 (pp:26) P=26 NTOK 84 SCORE -0.16341145
TOKS [50364, 639, 307, 257, 15834, 470, 53, 5230, 6613, 13, 1057, 15834, 470, 53, 5230, 25162, 366, 294, 264, 1908, 9274, 13, 50664, 50664, 1171, 544, 1589, 293, 281, 915, 484, 577, 291, 393, 13835, 11, 1767, 3441, 15834, 470, 53, 5230, 13, 4646, 13, 51014, 51014, 9647, 3357, 538, 3335, 4271, 479, 664, 446, 88, 13, 440, 5735, 295, 3630, 538, 6163, 314, 11728, 11, 16805, 538, 21704, 338, 460, 4680, 13, 51414, 51414, 4100, 502, 13, 20084, 278, 2149, 599, 51614, 51614]
BEGIN pp:27 decode 0
DECODE 0 ENTRY 0 (pp:27) P=27 NTOK 84 SCORE -0.16443452
TOKS [50364, 639, 307, 257, 15834, 470, 53, 5230, 6613, 13, 1057, 15834, 470, 53, 5230, 25162, 366, 294, 264, 1908, 9274, 13, 50714, 50714, 1171, 544, 1589, 293, 281, 915, 484, 577, 291, 393, 13835, 11, 1767, 3441, 15834, 470, 53, 5230, 13, 4646, 13, 51014, 51014, 9647, 3357, 538, 3335, 4271, 479, 664, 446, 88, 13, 440, 5735, 295, 3630, 538, 6163, 314, 11728, 11, 16805, 538, 21704, 338, 460, 4680, 13, 51414, 51414, 4100, 502, 13, 20084, 278, 2149, 599, 51614, 51614]
BEGIN pp:28 decode 0
DECODE 0 ENTRY 0 (pp:28) P=28 NTOK 84 SCORE -0.16638765
TOKS [50364, 639, 307, 257, 15834, 470, 53, 5230, 6613, 13, 1057, 15834, 470, 53, 5230, 25162, 366, 294, 264, 1908, 9274, 13, 50714, 50714, 1171, 544, 1589, 293, 281, 915, 484, 577, 291, 393, 13835, 11, 1767, 3441, 15834, 470, 53, 5230, 13, 4646, 13, 51014, 51014, 9647, 3357, 538, 3335, 4271, 479, 664, 446, 88, 13, 440, 5735, 295, 3630, 538, 6163, 314, 11728, 11, 16805, 538, 21704, 338, 460, 4680, 13, 51414, 51414, 4100, 502, 13, 20084, 278, 2149, 599, 51614, 51614]
BEGIN pp:29 decode 0
DECODE 0 ENTRY 0 (pp:29) P=29 NTOK 84 SCORE -0.15997024
TOKS [50364, 639, 307, 257, 15834, 470, 53, 5230, 6613, 13, 1057, 15834, 470, 53, 5230, 25162, 366, 294, 264, 1908, 9274, 13, 50714, 50714, 1171, 544, 1589, 293, 281, 915, 484, 577, 291, 393, 13835, 11, 1767, 3441, 15834, 470, 53, 5230, 13, 4646, 13, 51014, 51014, 9647, 3357, 538, 3335, 4271, 479, 664, 446, 88, 13, 440, 5735, 295, 3630, 538, 6163, 314, 11728, 11, 16805, 538, 21704, 338, 460, 4680, 13, 51414, 51414, 4100, 502, 13, 20084, 278, 2149, 599, 51614, 51614]
BEGIN pp:30 decode 0
DECODE 0 ENTRY 0 (pp:30) P=30 NTOK 84 SCORE -0.16052827
TOKS [50364, 639, 307, 257, 15834, 470, 53, 5230, 6613, 13, 1057, 15834, 470, 53, 5230, 25162, 366, 294, 264, 1908, 9274, 13, 50714, 50714, 1171, 544, 1589, 293, 281, 915, 484, 577, 291, 393, 13835, 11, 1767, 3441, 15834, 470, 53, 5230, 13, 4646, 13, 51014, 51014, 9647, 3357, 538, 3335, 4271, 479, 664, 446, 88, 13, 440, 5735, 295, 3630, 538, 6163, 314, 11728, 11, 16805, 538, 21704, 338, 460, 4680, 13, 51414, 51414, 4100, 502, 13, 20084, 278, 2149, 599, 51614, 51614]
BEGIN pp:31 decode 0
DECODE 0 ENTRY 0 (pp:31) P=31 NTOK 84 SCORE -0.16341145
TOKS [50364, 639, 307, 257, 15834, 470, 53, 5230, 6613, 13, 1057, 15834, 470, 53, 5230, 25162, 366, 294, 264, 1908, 9274, 13, 50714, 50714, 1171, 544, 1589, 293, 281, 915, 484, 577, 291, 393, 13835, 11, 1767, 3441, 15834, 470, 53, 5230, 13, 4646, 13, 51014, 51014, 9647, 3357, 538, 3335, 4271, 479, 664, 446, 88, 13, 440, 5735, 295, 3630, 538, 6163, 314, 11728, 11, 16805, 538, 21704, 338, 460, 4680, 13, 51414, 51414, 4100, 502, 13, 20084, 278, 2149, 599, 51614, 51614]
