== base start 09:40:03 tree=base env: 
ctranslate2.__file__ = /home/ubuntu/w/r6/python/ctranslate2/__init__.py
-rw-r--r-- 1 ubuntu ubuntu 168290272 00:34 /home/ubuntu/w/base/install/lib/libctranslate2.so.4.8.2
90f72436 docs: round-5 review caveats, post-review fixes and final bench artifacts
base_off small float16 ts=True b1 n=1: 164.1 ms, 164.1 ms/window, 84 tok
base_off small float16 ts=True b1 n=4: 291.7 ms, 72.9 ms/window, 336 tok
base_off small float16 ts=True b1 n=8: 455.6 ms, 57.0 ms/window, 667 tok
base_off small float16 ts=True b5 n=1: 216.1 ms, 216.1 ms/window, 84 tok
base_off small float16 ts=True b5 n=4: 363.7 ms, 90.9 ms/window, 347 tok
base_off small float16 ts=True b5 n=8: 565.2 ms, 70.6 ms/window, 672 tok
base_off small float16 ts=False b1 n=1: 35.2 ms, 35.2 ms/window, 5 tok
base_off small float16 ts=False b1 n=4: 270.0 ms, 67.5 ms/window, 249 tok
base_off small float16 ts=False b1 n=8: 411.7 ms, 51.5 ms/window, 506 tok
base_off small float16 ts=False b5 n=1: 60.4 ms, 60.4 ms/window, 16 tok
base_off small float16 ts=False b5 n=4: 295.0 ms, 73.8 ms/window, 173 tok
base_off small float16 ts=False b5 n=8: 431.9 ms, 54.0 ms/window, 329 tok
base_off small int8_float16 ts=True b1 n=1: 249.1 ms, 249.1 ms/window, 84 tok
base_off small int8_float16 ts=True b1 n=4: 388.0 ms, 97.0 ms/window, 355 tok
base_off small int8_float16 ts=True b1 n=8: 525.4 ms, 65.7 ms/window, 663 tok
base_off small int8_float16 ts=True b5 n=1: 279.5 ms, 279.5 ms/window, 84 tok
base_off small int8_float16 ts=True b5 n=4: 472.8 ms, 118.2 ms/window, 343 tok
base_off small int8_float16 ts=True b5 n=8: 667.6 ms, 83.5 ms/window, 673 tok
base_off small int8_float16 ts=False b1 n=1: 42.3 ms, 42.3 ms/window, 5 tok
base_off small int8_float16 ts=False b1 n=4: 340.8 ms, 85.2 ms/window, 187 tok
base_off small int8_float16 ts=False b1 n=8: 447.9 ms, 56.0 ms/window, 492 tok
base_off small int8_float16 ts=False b5 n=1: 77.7 ms, 77.7 ms/window, 17 tok
base_off small int8_float16 ts=False b5 n=4: 366.5 ms, 91.6 ms/window, 178 tok
base_off small int8_float16 ts=False b5 n=8: 514.2 ms, 64.3 ms/window, 358 tok
base_off large-v3 float16 ts=True b1 n=1: 202.3 ms, 202.3 ms/window, 11 tok
base_off large-v3 float16 ts=True b1 n=4: 1207.7 ms, 301.9 ms/window, 252 tok
base_off large-v3 float16 ts=True b1 n=8: 1917.8 ms, 239.7 ms/window, 568 tok
base_off large-v3 float16 ts=True b5 n=1: 407.8 ms, 407.8 ms/window, 35 tok
base_off large-v3 float16 ts=True b5 n=4: 1379.9 ms, 345.0 ms/window, 276 tok
base_off large-v3 float16 ts=True b5 n=8: 2250.6 ms, 281.3 ms/window, 592 tok
base_off large-v3 float16 ts=False b1 n=1: 293.6 ms, 293.6 ms/window, 26 tok
base_off large-v3 float16 ts=False b1 n=4: 1167.6 ms, 291.9 ms/window, 255 tok
base_off large-v3 float16 ts=False b1 n=8: 1834.9 ms, 229.4 ms/window, 555 tok
base_off large-v3 float16 ts=False b5 n=1: 325.6 ms, 325.6 ms/window, 23 tok
base_off large-v3 float16 ts=False b5 n=4: 1301.8 ms, 325.4 ms/window, 236 tok
base_off large-v3 float16 ts=False b5 n=8: 2091.3 ms, 261.4 ms/window, 515 tok
base_off large-v3 int8_float16 ts=True b1 n=1: 206.2 ms, 206.2 ms/window, 11 tok
base_off large-v3 int8_float16 ts=True b1 n=4: 1210.4 ms, 302.6 ms/window, 252 tok
base_off large-v3 int8_float16 ts=True b1 n=8: 1929.4 ms, 241.2 ms/window, 573 tok
base_off large-v3 int8_float16 ts=True b5 n=1: 451.7 ms, 451.7 ms/window, 41 tok
base_off large-v3 int8_float16 ts=True b5 n=4: 1475.4 ms, 368.9 ms/window, 252 tok
base_off large-v3 int8_float16 ts=True b5 n=8: 2381.4 ms, 297.7 ms/window, 592 tok
base_off large-v3 int8_float16 ts=False b1 n=1: 303.0 ms, 303.0 ms/window, 26 tok
base_off large-v3 int8_float16 ts=False b1 n=4: 1168.3 ms, 292.1 ms/window, 255 tok
base_off large-v3 int8_float16 ts=False b1 n=8: 1841.9 ms, 230.2 ms/window, 557 tok
base_off large-v3 int8_float16 ts=False b5 n=1: 324.7 ms, 324.7 ms/window, 25 tok
base_off large-v3 int8_float16 ts=False b5 n=4: 1412.4 ms, 353.1 ms/window, 237 tok
base_off large-v3 int8_float16 ts=False b5 n=8: 2205.3 ms, 275.7 ms/window, 516 tok
wrote /opt/real/r6/base_off.json 48
== base off done 09:45:51
base_on small float16 ts=True b1 n=1: 166.5 ms, 166.5 ms/window, 84 tok
base_on small float16 ts=True b1 n=4: 259.2 ms, 64.8 ms/window, 336 tok
base_on small float16 ts=True b1 n=8: 380.7 ms, 47.6 ms/window, 667 tok
base_on small float16 ts=True b5 n=1: 248.2 ms, 248.2 ms/window, 84 tok
base_on small float16 ts=True b5 n=4: 477.2 ms, 119.3 ms/window, 347 tok
base_on small float16 ts=True b5 n=8: 781.2 ms, 97.6 ms/window, 670 tok
base_on small float16 ts=False b1 n=1: 23.8 ms, 23.8 ms/window, 5 tok
base_on small float16 ts=False b1 n=4: 234.1 ms, 58.5 ms/window, 249 tok
base_on small float16 ts=False b1 n=8: 331.2 ms, 41.4 ms/window, 506 tok
base_on small float16 ts=False b5 n=1: 57.6 ms, 57.6 ms/window, 16 tok
base_on small float16 ts=False b5 n=4: 336.5 ms, 84.1 ms/window, 173 tok
base_on small float16 ts=False b5 n=8: 498.9 ms, 62.4 ms/window, 329 tok
base_on small int8_float16 ts=True b1 n=1: 230.6 ms, 230.6 ms/window, 85 tok
base_on small int8_float16 ts=True b1 n=4: 333.7 ms, 83.4 ms/window, 335 tok
base_on small int8_float16 ts=True b1 n=8: 418.2 ms, 52.3 ms/window, 666 tok
base_on small int8_float16 ts=True b5 n=1: 258.7 ms, 258.7 ms/window, 84 tok
base_on small int8_float16 ts=True b5 n=4: 567.4 ms, 141.9 ms/window, 353 tok
base_on small int8_float16 ts=True b5 n=8: 883.1 ms, 110.4 ms/window, 676 tok
base_on small int8_float16 ts=False b1 n=1: 29.1 ms, 29.1 ms/window, 5 tok
base_on small int8_float16 ts=False b1 n=4: 277.4 ms, 69.3 ms/window, 249 tok
base_on small int8_float16 ts=False b1 n=8: 367.0 ms, 45.9 ms/window, 508 tok
base_on small int8_float16 ts=False b5 n=1: 76.7 ms, 76.7 ms/window, 21 tok
base_on small int8_float16 ts=False b5 n=4: 454.3 ms, 113.6 ms/window, 262 tok
base_on small int8_float16 ts=False b5 n=8: 598.0 ms, 74.8 ms/window, 386 tok
base_on large-v3 float16 ts=True b1 n=1: 152.4 ms, 152.4 ms/window, 11 tok
base_on large-v3 float16 ts=True b1 n=4: 1032.6 ms, 258.2 ms/window, 252 tok
base_on large-v3 float16 ts=True b1 n=8: 1557.4 ms, 194.7 ms/window, 568 tok
base_on large-v3 float16 ts=True b5 n=1: 441.3 ms, 441.3 ms/window, 35 tok
base_on large-v3 float16 ts=True b5 n=4: 1755.4 ms, 438.8 ms/window, 276 tok
base_on large-v3 float16 ts=True b5 n=8: 3047.2 ms, 380.9 ms/window, 592 tok
base_on large-v3 float16 ts=False b1 n=1: 253.6 ms, 253.6 ms/window, 26 tok
base_on large-v3 float16 ts=False b1 n=4: 987.0 ms, 246.7 ms/window, 255 tok
base_on large-v3 float16 ts=False b1 n=8: 1464.8 ms, 183.1 ms/window, 555 tok
base_on large-v3 float16 ts=False b5 n=1: 340.5 ms, 340.5 ms/window, 23 tok
base_on large-v3 float16 ts=False b5 n=4: 1631.7 ms, 407.9 ms/window, 237 tok
base_on large-v3 float16 ts=False b5 n=8: 2806.9 ms, 350.9 ms/window, 515 tok
base_on large-v3 int8_float16 ts=True b1 n=1: 154.5 ms, 154.5 ms/window, 11 tok
base_on large-v3 int8_float16 ts=True b1 n=4: 1029.2 ms, 257.3 ms/window, 252 tok
base_on large-v3 int8_float16 ts=True b1 n=8: 1560.4 ms, 195.0 ms/window, 570 tok
base_on large-v3 int8_float16 ts=True b5 n=1: 440.3 ms, 440.3 ms/window, 35 tok
base_on large-v3 int8_float16 ts=True b5 n=4: 1860.0 ms, 465.0 ms/window, 276 tok
base_on large-v3 int8_float16 ts=True b5 n=8: 3175.6 ms, 397.0 ms/window, 593 tok
base_on large-v3 int8_float16 ts=False b1 n=1: 259.9 ms, 259.9 ms/window, 26 tok
base_on large-v3 int8_float16 ts=False b1 n=4: 981.8 ms, 245.4 ms/window, 255 tok
base_on large-v3 int8_float16 ts=False b1 n=8: 1468.3 ms, 183.5 ms/window, 555 tok
base_on large-v3 int8_float16 ts=False b5 n=1: 340.4 ms, 340.4 ms/window, 24 tok
base_on large-v3 int8_float16 ts=False b5 n=4: 1739.2 ms, 434.8 ms/window, 237 tok
base_on large-v3 int8_float16 ts=False b5 n=8: 2903.6 ms, 363.0 ms/window, 516 tok
wrote /opt/real/r6/base_on.json 48
== base on done 09:51:58
