== base3 start 16:50:44 tree=base env: 
ctranslate2.__file__ = /home/ubuntu/w/base/python/ctranslate2/__init__.py
-rw-r--r-- 1 ubuntu ubuntu 168290272 00:34 /home/ubuntu/w/base/install/lib/libctranslate2.so.4.8.2
90f72436 docs: round-5 review caveats, post-review fixes and final bench artifacts
base3_off small float16 ts=True b1 n=1: 164.7 ms, 164.7 ms/window, 84 tok
base3_off small float16 ts=True b1 n=4: 293.0 ms, 73.2 ms/window, 336 tok
base3_off small float16 ts=True b1 n=8: 456.4 ms, 57.0 ms/window, 667 tok
base3_off small float16 ts=True b5 n=1: 216.8 ms, 216.8 ms/window, 84 tok
base3_off small float16 ts=True b5 n=4: 364.7 ms, 91.2 ms/window, 347 tok
base3_off small float16 ts=True b5 n=8: 567.6 ms, 71.0 ms/window, 672 tok
base3_off small float16 ts=False b1 n=1: 35.3 ms, 35.3 ms/window, 5 tok
base3_off small float16 ts=False b1 n=4: 271.0 ms, 67.7 ms/window, 249 tok
base3_off small float16 ts=False b1 n=8: 412.5 ms, 51.6 ms/window, 506 tok
base3_off small float16 ts=False b5 n=1: 60.8 ms, 60.8 ms/window, 16 tok
base3_off small float16 ts=False b5 n=4: 295.2 ms, 73.8 ms/window, 173 tok
base3_off small float16 ts=False b5 n=8: 431.9 ms, 54.0 ms/window, 329 tok
base3_off small int8_float16 ts=True b1 n=1: 250.7 ms, 250.7 ms/window, 84 tok
base3_off small int8_float16 ts=True b1 n=4: 390.1 ms, 97.5 ms/window, 355 tok
base3_off small int8_float16 ts=True b1 n=8: 524.7 ms, 65.6 ms/window, 663 tok
base3_off small int8_float16 ts=True b5 n=1: 279.0 ms, 279.0 ms/window, 84 tok
base3_off small int8_float16 ts=True b5 n=4: 471.9 ms, 118.0 ms/window, 343 tok
base3_off small int8_float16 ts=True b5 n=8: 669.8 ms, 83.7 ms/window, 673 tok
base3_off small int8_float16 ts=False b1 n=1: 42.5 ms, 42.5 ms/window, 5 tok
base3_off small int8_float16 ts=False b1 n=4: 338.9 ms, 84.7 ms/window, 187 tok
base3_off small int8_float16 ts=False b1 n=8: 448.2 ms, 56.0 ms/window, 492 tok
base3_off small int8_float16 ts=False b5 n=1: 78.8 ms, 78.8 ms/window, 17 tok
base3_off small int8_float16 ts=False b5 n=4: 370.0 ms, 92.5 ms/window, 178 tok
base3_off small int8_float16 ts=False b5 n=8: 516.9 ms, 64.6 ms/window, 358 tok
base3_off large-v3 float16 ts=True b1 n=1: 202.3 ms, 202.3 ms/window, 11 tok
base3_off large-v3 float16 ts=True b1 n=4: 1206.6 ms, 301.6 ms/window, 252 tok
base3_off large-v3 float16 ts=True b1 n=8: 1916.6 ms, 239.6 ms/window, 568 tok
base3_off large-v3 float16 ts=True b5 n=1: 405.2 ms, 405.2 ms/window, 35 tok
base3_off large-v3 float16 ts=True b5 n=4: 1376.6 ms, 344.1 ms/window, 276 tok
base3_off large-v3 float16 ts=True b5 n=8: 2252.2 ms, 281.5 ms/window, 592 tok
base3_off large-v3 float16 ts=False b1 n=1: 293.5 ms, 293.5 ms/window, 26 tok
base3_off large-v3 float16 ts=False b1 n=4: 1166.3 ms, 291.6 ms/window, 255 tok
base3_off large-v3 float16 ts=False b1 n=8: 1835.1 ms, 229.4 ms/window, 555 tok
base3_off large-v3 float16 ts=False b5 n=1: 325.6 ms, 325.6 ms/window, 23 tok
base3_off large-v3 float16 ts=False b5 n=4: 1297.9 ms, 324.5 ms/window, 236 tok
base3_off large-v3 float16 ts=False b5 n=8: 2095.3 ms, 261.9 ms/window, 515 tok
base3_off large-v3 int8_float16 ts=True b1 n=1: 206.2 ms, 206.2 ms/window, 11 tok
base3_off large-v3 int8_float16 ts=True b1 n=4: 1208.5 ms, 302.1 ms/window, 252 tok
base3_off large-v3 int8_float16 ts=True b1 n=8: 1928.0 ms, 241.0 ms/window, 573 tok
base3_off large-v3 int8_float16 ts=True b5 n=1: 450.8 ms, 450.8 ms/window, 41 tok
base3_off large-v3 int8_float16 ts=True b5 n=4: 1473.2 ms, 368.3 ms/window, 252 tok
base3_off large-v3 int8_float16 ts=True b5 n=8: 2381.9 ms, 297.7 ms/window, 592 tok
base3_off large-v3 int8_float16 ts=False b1 n=1: 303.2 ms, 303.2 ms/window, 26 tok
base3_off large-v3 int8_float16 ts=False b1 n=4: 1166.2 ms, 291.5 ms/window, 255 tok
base3_off large-v3 int8_float16 ts=False b1 n=8: 1839.2 ms, 229.9 ms/window, 557 tok
base3_off large-v3 int8_float16 ts=False b5 n=1: 324.1 ms, 324.1 ms/window, 25 tok
base3_off large-v3 int8_float16 ts=False b5 n=4: 1410.3 ms, 352.6 ms/window, 237 tok
base3_off large-v3 int8_float16 ts=False b5 n=8: 2202.7 ms, 275.3 ms/window, 516 tok
wrote /opt/real/r6/base3_off.json 48
== base3 off done 16:56:28
base3_on small float16 ts=True b1 n=1: 166.7 ms, 166.7 ms/window, 84 tok
base3_on small float16 ts=True b1 n=4: 259.4 ms, 64.8 ms/window, 336 tok
base3_on small float16 ts=True b1 n=8: 380.7 ms, 47.6 ms/window, 667 tok
base3_on small float16 ts=True b5 n=1: 248.6 ms, 248.6 ms/window, 84 tok
base3_on small float16 ts=True b5 n=4: 477.3 ms, 119.3 ms/window, 347 tok
base3_on small float16 ts=True b5 n=8: 782.5 ms, 97.8 ms/window, 670 tok
base3_on small float16 ts=False b1 n=1: 23.8 ms, 23.8 ms/window, 5 tok
base3_on small float16 ts=False b1 n=4: 234.1 ms, 58.5 ms/window, 249 tok
base3_on small float16 ts=False b1 n=8: 331.1 ms, 41.4 ms/window, 506 tok
base3_on small float16 ts=False b5 n=1: 57.6 ms, 57.6 ms/window, 16 tok
base3_on small float16 ts=False b5 n=4: 336.3 ms, 84.1 ms/window, 173 tok
base3_on small float16 ts=False b5 n=8: 499.3 ms, 62.4 ms/window, 329 tok
base3_on small int8_float16 ts=True b1 n=1: 231.8 ms, 231.8 ms/window, 85 tok
base3_on small int8_float16 ts=True b1 n=4: 334.8 ms, 83.7 ms/window, 335 tok
base3_on small int8_float16 ts=True b1 n=8: 418.8 ms, 52.4 ms/window, 666 tok
base3_on small int8_float16 ts=True b5 n=1: 258.8 ms, 258.8 ms/window, 84 tok
base3_on small int8_float16 ts=True b5 n=4: 566.8 ms, 141.7 ms/window, 353 tok
base3_on small int8_float16 ts=True b5 n=8: 883.2 ms, 110.4 ms/window, 676 tok
base3_on small int8_float16 ts=False b1 n=1: 29.0 ms, 29.0 ms/window, 5 tok
base3_on small int8_float16 ts=False b1 n=4: 275.4 ms, 68.9 ms/window, 249 tok
base3_on small int8_float16 ts=False b1 n=8: 366.2 ms, 45.8 ms/window, 508 tok
base3_on small int8_float16 ts=False b5 n=1: 76.6 ms, 76.6 ms/window, 21 tok
base3_on small int8_float16 ts=False b5 n=4: 453.8 ms, 113.5 ms/window, 262 tok
base3_on small int8_float16 ts=False b5 n=8: 597.7 ms, 74.7 ms/window, 386 tok
base3_on large-v3 float16 ts=True b1 n=1: 152.4 ms, 152.4 ms/window, 11 tok
base3_on large-v3 float16 ts=True b1 n=4: 1033.2 ms, 258.3 ms/window, 252 tok
base3_on large-v3 float16 ts=True b1 n=8: 1558.3 ms, 194.8 ms/window, 568 tok
base3_on large-v3 float16 ts=True b5 n=1: 441.4 ms, 441.4 ms/window, 35 tok
base3_on large-v3 float16 ts=True b5 n=4: 1755.7 ms, 438.9 ms/window, 276 tok
base3_on large-v3 float16 ts=True b5 n=8: 3048.1 ms, 381.0 ms/window, 592 tok
base3_on large-v3 float16 ts=False b1 n=1: 253.6 ms, 253.6 ms/window, 26 tok
base3_on large-v3 float16 ts=False b1 n=4: 988.3 ms, 247.1 ms/window, 255 tok
base3_on large-v3 float16 ts=False b1 n=8: 1466.0 ms, 183.2 ms/window, 555 tok
base3_on large-v3 float16 ts=False b5 n=1: 340.7 ms, 340.7 ms/window, 23 tok
base3_on large-v3 float16 ts=False b5 n=4: 1631.5 ms, 407.9 ms/window, 237 tok
base3_on large-v3 float16 ts=False b5 n=8: 2805.9 ms, 350.7 ms/window, 515 tok
base3_on large-v3 int8_float16 ts=True b1 n=1: 154.4 ms, 154.4 ms/window, 11 tok
base3_on large-v3 int8_float16 ts=True b1 n=4: 1027.1 ms, 256.8 ms/window, 252 tok
base3_on large-v3 int8_float16 ts=True b1 n=8: 1558.9 ms, 194.9 ms/window, 570 tok
base3_on large-v3 int8_float16 ts=True b5 n=1: 439.7 ms, 439.7 ms/window, 35 tok
base3_on large-v3 int8_float16 ts=True b5 n=4: 1858.0 ms, 464.5 ms/window, 276 tok
base3_on large-v3 int8_float16 ts=True b5 n=8: 3172.6 ms, 396.6 ms/window, 593 tok
base3_on large-v3 int8_float16 ts=False b1 n=1: 259.5 ms, 259.5 ms/window, 26 tok
base3_on large-v3 int8_float16 ts=False b1 n=4: 980.2 ms, 245.1 ms/window, 255 tok
base3_on large-v3 int8_float16 ts=False b1 n=8: 1466.7 ms, 183.3 ms/window, 555 tok
base3_on large-v3 int8_float16 ts=False b5 n=1: 339.9 ms, 339.9 ms/window, 24 tok
base3_on large-v3 int8_float16 ts=False b5 n=4: 1734.4 ms, 433.6 ms/window, 237 tok
base3_on large-v3 int8_float16 ts=False b5 n=8: 2896.7 ms, 362.1 ms/window, 516 tok
wrote /opt/real/r6/base3_on.json 48
== base3 on done 17:02:34
