== base2 start 16:26:48 tree=base env: 
ctranslate2.__file__ = /home/ubuntu/w/base/python/ctranslate2/__init__.py
-rw-r--r-- 1 ubuntu ubuntu 168290272 00:34 /home/ubuntu/w/base/install/lib/libctranslate2.so.4.8.2
90f72436 docs: round-5 review caveats, post-review fixes and final bench artifacts
base2_off small float16 ts=True b1 n=1: 164.5 ms, 164.5 ms/window, 84 tok
base2_off small float16 ts=True b1 n=4: 291.7 ms, 72.9 ms/window, 336 tok
base2_off small float16 ts=True b1 n=8: 455.7 ms, 57.0 ms/window, 667 tok
base2_off small float16 ts=True b5 n=1: 216.4 ms, 216.4 ms/window, 84 tok
base2_off small float16 ts=True b5 n=4: 363.4 ms, 90.9 ms/window, 347 tok
base2_off small float16 ts=True b5 n=8: 566.4 ms, 70.8 ms/window, 672 tok
base2_off small float16 ts=False b1 n=1: 35.3 ms, 35.3 ms/window, 5 tok
base2_off small float16 ts=False b1 n=4: 270.6 ms, 67.7 ms/window, 249 tok
base2_off small float16 ts=False b1 n=8: 411.3 ms, 51.4 ms/window, 506 tok
base2_off small float16 ts=False b5 n=1: 60.8 ms, 60.8 ms/window, 16 tok
base2_off small float16 ts=False b5 n=4: 294.6 ms, 73.6 ms/window, 173 tok
base2_off small float16 ts=False b5 n=8: 431.7 ms, 54.0 ms/window, 329 tok
base2_off small int8_float16 ts=True b1 n=1: 247.5 ms, 247.5 ms/window, 84 tok
base2_off small int8_float16 ts=True b1 n=4: 386.3 ms, 96.6 ms/window, 355 tok
base2_off small int8_float16 ts=True b1 n=8: 523.4 ms, 65.4 ms/window, 663 tok
base2_off small int8_float16 ts=True b5 n=1: 275.9 ms, 275.9 ms/window, 84 tok
base2_off small int8_float16 ts=True b5 n=4: 471.4 ms, 117.9 ms/window, 343 tok
base2_off small int8_float16 ts=True b5 n=8: 668.3 ms, 83.5 ms/window, 673 tok
base2_off small int8_float16 ts=False b1 n=1: 41.9 ms, 41.9 ms/window, 5 tok
base2_off small int8_float16 ts=False b1 n=4: 333.5 ms, 83.4 ms/window, 187 tok
base2_off small int8_float16 ts=False b1 n=8: 449.4 ms, 56.2 ms/window, 492 tok
base2_off small int8_float16 ts=False b5 n=1: 78.4 ms, 78.4 ms/window, 17 tok
base2_off small int8_float16 ts=False b5 n=4: 367.0 ms, 91.7 ms/window, 178 tok
base2_off small int8_float16 ts=False b5 n=8: 515.7 ms, 64.5 ms/window, 358 tok
base2_off large-v3 float16 ts=True b1 n=1: 202.3 ms, 202.3 ms/window, 11 tok
base2_off large-v3 float16 ts=True b1 n=4: 1206.6 ms, 301.7 ms/window, 252 tok
base2_off large-v3 float16 ts=True b1 n=8: 1916.3 ms, 239.5 ms/window, 568 tok
base2_off large-v3 float16 ts=True b5 n=1: 406.5 ms, 406.5 ms/window, 35 tok
base2_off large-v3 float16 ts=True b5 n=4: 1379.0 ms, 344.7 ms/window, 276 tok
base2_off large-v3 float16 ts=True b5 n=8: 2254.9 ms, 281.9 ms/window, 592 tok
base2_off large-v3 float16 ts=False b1 n=1: 294.2 ms, 294.2 ms/window, 26 tok
base2_off large-v3 float16 ts=False b1 n=4: 1168.0 ms, 292.0 ms/window, 255 tok
base2_off large-v3 float16 ts=False b1 n=8: 1835.0 ms, 229.4 ms/window, 555 tok
base2_off large-v3 float16 ts=False b5 n=1: 325.6 ms, 325.6 ms/window, 23 tok
base2_off large-v3 float16 ts=False b5 n=4: 1301.5 ms, 325.4 ms/window, 236 tok
base2_off large-v3 float16 ts=False b5 n=8: 2090.1 ms, 261.3 ms/window, 515 tok
base2_off large-v3 int8_float16 ts=True b1 n=1: 206.5 ms, 206.5 ms/window, 11 tok
base2_off large-v3 int8_float16 ts=True b1 n=4: 1211.0 ms, 302.7 ms/window, 252 tok
base2_off large-v3 int8_float16 ts=True b1 n=8: 1931.1 ms, 241.4 ms/window, 573 tok
base2_off large-v3 int8_float16 ts=True b5 n=1: 452.7 ms, 452.7 ms/window, 41 tok
base2_off large-v3 int8_float16 ts=True b5 n=4: 1476.0 ms, 369.0 ms/window, 252 tok
base2_off large-v3 int8_float16 ts=True b5 n=8: 2382.7 ms, 297.8 ms/window, 592 tok
base2_off large-v3 int8_float16 ts=False b1 n=1: 308.4 ms, 308.4 ms/window, 26 tok
base2_off large-v3 int8_float16 ts=False b1 n=4: 1170.1 ms, 292.5 ms/window, 255 tok
base2_off large-v3 int8_float16 ts=False b1 n=8: 1842.6 ms, 230.3 ms/window, 557 tok
base2_off large-v3 int8_float16 ts=False b5 n=1: 324.4 ms, 324.4 ms/window, 25 tok
base2_off large-v3 int8_float16 ts=False b5 n=4: 1415.8 ms, 353.9 ms/window, 237 tok
base2_off large-v3 int8_float16 ts=False b5 n=8: 2206.3 ms, 275.8 ms/window, 516 tok
wrote /opt/real/r6/base2_off.json 48
== base2 off done 16:32:33
base2_on small float16 ts=True b1 n=1: 167.0 ms, 167.0 ms/window, 84 tok
base2_on small float16 ts=True b1 n=4: 259.7 ms, 64.9 ms/window, 336 tok
base2_on small float16 ts=True b1 n=8: 381.1 ms, 47.6 ms/window, 667 tok
base2_on small float16 ts=True b5 n=1: 248.9 ms, 248.9 ms/window, 84 tok
base2_on small float16 ts=True b5 n=4: 478.3 ms, 119.6 ms/window, 347 tok
base2_on small float16 ts=True b5 n=8: 781.9 ms, 97.7 ms/window, 670 tok
base2_on small float16 ts=False b1 n=1: 23.8 ms, 23.8 ms/window, 5 tok
base2_on small float16 ts=False b1 n=4: 234.4 ms, 58.6 ms/window, 249 tok
base2_on small float16 ts=False b1 n=8: 331.4 ms, 41.4 ms/window, 506 tok
base2_on small float16 ts=False b5 n=1: 57.7 ms, 57.7 ms/window, 16 tok
base2_on small float16 ts=False b5 n=4: 336.8 ms, 84.2 ms/window, 173 tok
base2_on small float16 ts=False b5 n=8: 499.1 ms, 62.4 ms/window, 329 tok
base2_on small int8_float16 ts=True b1 n=1: 231.6 ms, 231.6 ms/window, 85 tok
base2_on small int8_float16 ts=True b1 n=4: 333.8 ms, 83.4 ms/window, 335 tok
base2_on small int8_float16 ts=True b1 n=8: 417.8 ms, 52.2 ms/window, 666 tok
base2_on small int8_float16 ts=True b5 n=1: 258.6 ms, 258.6 ms/window, 84 tok
base2_on small int8_float16 ts=True b5 n=4: 568.2 ms, 142.0 ms/window, 353 tok
base2_on small int8_float16 ts=True b5 n=8: 883.7 ms, 110.5 ms/window, 676 tok
base2_on small int8_float16 ts=False b1 n=1: 29.5 ms, 29.5 ms/window, 5 tok
base2_on small int8_float16 ts=False b1 n=4: 282.4 ms, 70.6 ms/window, 249 tok
base2_on small int8_float16 ts=False b1 n=8: 367.1 ms, 45.9 ms/window, 508 tok
base2_on small int8_float16 ts=False b5 n=1: 76.6 ms, 76.6 ms/window, 21 tok
base2_on small int8_float16 ts=False b5 n=4: 454.3 ms, 113.6 ms/window, 262 tok
base2_on small int8_float16 ts=False b5 n=8: 597.8 ms, 74.7 ms/window, 386 tok
base2_on large-v3 float16 ts=True b1 n=1: 152.5 ms, 152.5 ms/window, 11 tok
base2_on large-v3 float16 ts=True b1 n=4: 1033.5 ms, 258.4 ms/window, 252 tok
base2_on large-v3 float16 ts=True b1 n=8: 1558.4 ms, 194.8 ms/window, 568 tok
base2_on large-v3 float16 ts=True b5 n=1: 441.4 ms, 441.4 ms/window, 35 tok
base2_on large-v3 float16 ts=True b5 n=4: 1757.4 ms, 439.4 ms/window, 276 tok
base2_on large-v3 float16 ts=True b5 n=8: 3053.7 ms, 381.7 ms/window, 592 tok
base2_on large-v3 float16 ts=False b1 n=1: 253.6 ms, 253.6 ms/window, 26 tok
base2_on large-v3 float16 ts=False b1 n=4: 988.0 ms, 247.0 ms/window, 255 tok
base2_on large-v3 float16 ts=False b1 n=8: 1467.0 ms, 183.4 ms/window, 555 tok
base2_on large-v3 float16 ts=False b5 n=1: 340.9 ms, 340.9 ms/window, 23 tok
base2_on large-v3 float16 ts=False b5 n=4: 1632.6 ms, 408.2 ms/window, 237 tok
base2_on large-v3 float16 ts=False b5 n=8: 2807.7 ms, 351.0 ms/window, 515 tok
base2_on large-v3 int8_float16 ts=True b1 n=1: 154.6 ms, 154.6 ms/window, 11 tok
base2_on large-v3 int8_float16 ts=True b1 n=4: 1028.6 ms, 257.1 ms/window, 252 tok
base2_on large-v3 int8_float16 ts=True b1 n=8: 1561.5 ms, 195.2 ms/window, 570 tok
base2_on large-v3 int8_float16 ts=True b5 n=1: 441.0 ms, 441.0 ms/window, 35 tok
base2_on large-v3 int8_float16 ts=True b5 n=4: 1860.1 ms, 465.0 ms/window, 276 tok
base2_on large-v3 int8_float16 ts=True b5 n=8: 3174.2 ms, 396.8 ms/window, 593 tok
base2_on large-v3 int8_float16 ts=False b1 n=1: 259.9 ms, 259.9 ms/window, 26 tok
base2_on large-v3 int8_float16 ts=False b1 n=4: 981.7 ms, 245.4 ms/window, 255 tok
base2_on large-v3 int8_float16 ts=False b1 n=8: 1468.7 ms, 183.6 ms/window, 555 tok
base2_on large-v3 int8_float16 ts=False b5 n=1: 340.5 ms, 340.5 ms/window, 24 tok
base2_on large-v3 int8_float16 ts=False b5 n=4: 1737.4 ms, 434.3 ms/window, 237 tok
base2_on large-v3 int8_float16 ts=False b5 n=8: 2899.8 ms, 362.5 ms/window, 516 tok
wrote /opt/real/r6/base2_on.json 48
== base2 on done 16:38:40
