== final_base_1 start 17:58:41 tree=base env: 
ctranslate2.__file__ = /home/ubuntu/w/base/python/ctranslate2/__init__.py
-rw-r--r-- 1 ubuntu ubuntu 168290272 00:34 /home/ubuntu/w/base/install/lib/libctranslate2.so.4.8.2
90f72436 docs: round-5 review caveats, post-review fixes and final bench artifacts
final_base_1_off small float16 ts=True b1 n=1: 164.0 ms, 164.0 ms/window, 84 tok
final_base_1_off small float16 ts=True b1 n=4: 291.5 ms, 72.9 ms/window, 336 tok
final_base_1_off small float16 ts=True b1 n=8: 455.3 ms, 56.9 ms/window, 667 tok
final_base_1_off small float16 ts=True b5 n=1: 215.6 ms, 215.6 ms/window, 84 tok
final_base_1_off small float16 ts=True b5 n=4: 363.5 ms, 90.9 ms/window, 347 tok
final_base_1_off small float16 ts=True b5 n=8: 565.2 ms, 70.7 ms/window, 672 tok
final_base_1_off small float16 ts=False b1 n=1: 35.2 ms, 35.2 ms/window, 5 tok
final_base_1_off small float16 ts=False b1 n=4: 270.0 ms, 67.5 ms/window, 249 tok
final_base_1_off small float16 ts=False b1 n=8: 411.4 ms, 51.4 ms/window, 506 tok
final_base_1_off small float16 ts=False b5 n=1: 60.7 ms, 60.7 ms/window, 16 tok
final_base_1_off small float16 ts=False b5 n=4: 294.6 ms, 73.7 ms/window, 173 tok
final_base_1_off small float16 ts=False b5 n=8: 431.8 ms, 54.0 ms/window, 329 tok
final_base_1_off small int8_float16 ts=True b1 n=1: 255.5 ms, 255.5 ms/window, 84 tok
final_base_1_off small int8_float16 ts=True b1 n=4: 388.5 ms, 97.1 ms/window, 355 tok
final_base_1_off small int8_float16 ts=True b1 n=8: 524.1 ms, 65.5 ms/window, 663 tok
final_base_1_off small int8_float16 ts=True b5 n=1: 276.5 ms, 276.5 ms/window, 84 tok
final_base_1_off small int8_float16 ts=True b5 n=4: 470.0 ms, 117.5 ms/window, 343 tok
final_base_1_off small int8_float16 ts=True b5 n=8: 669.5 ms, 83.7 ms/window, 673 tok
final_base_1_off small int8_float16 ts=False b1 n=1: 42.4 ms, 42.4 ms/window, 5 tok
final_base_1_off small int8_float16 ts=False b1 n=4: 332.2 ms, 83.0 ms/window, 187 tok
final_base_1_off small int8_float16 ts=False b1 n=8: 449.2 ms, 56.1 ms/window, 492 tok
final_base_1_off small int8_float16 ts=False b5 n=1: 78.9 ms, 78.9 ms/window, 17 tok
final_base_1_off small int8_float16 ts=False b5 n=4: 369.7 ms, 92.4 ms/window, 178 tok
final_base_1_off small int8_float16 ts=False b5 n=8: 516.6 ms, 64.6 ms/window, 358 tok
final_base_1_off large-v3 float16 ts=True b1 n=1: 202.2 ms, 202.2 ms/window, 11 tok
final_base_1_off large-v3 float16 ts=True b1 n=4: 1206.8 ms, 301.7 ms/window, 252 tok
final_base_1_off large-v3 float16 ts=True b1 n=8: 1917.9 ms, 239.7 ms/window, 568 tok
final_base_1_off large-v3 float16 ts=True b5 n=1: 407.1 ms, 407.1 ms/window, 35 tok
final_base_1_off large-v3 float16 ts=True b5 n=4: 1377.2 ms, 344.3 ms/window, 276 tok
final_base_1_off large-v3 float16 ts=True b5 n=8: 2251.5 ms, 281.4 ms/window, 592 tok
final_base_1_off large-v3 float16 ts=False b1 n=1: 292.7 ms, 292.7 ms/window, 26 tok
final_base_1_off large-v3 float16 ts=False b1 n=4: 1162.7 ms, 290.7 ms/window, 255 tok
final_base_1_off large-v3 float16 ts=False b1 n=8: 1828.5 ms, 228.6 ms/window, 555 tok
final_base_1_off large-v3 float16 ts=False b5 n=1: 325.5 ms, 325.5 ms/window, 23 tok
final_base_1_off large-v3 float16 ts=False b5 n=4: 1300.4 ms, 325.1 ms/window, 236 tok
final_base_1_off large-v3 float16 ts=False b5 n=8: 2093.9 ms, 261.7 ms/window, 515 tok
final_base_1_off large-v3 int8_float16 ts=True b1 n=1: 206.6 ms, 206.6 ms/window, 11 tok
final_base_1_off large-v3 int8_float16 ts=True b1 n=4: 1218.9 ms, 304.7 ms/window, 252 tok
final_base_1_off large-v3 int8_float16 ts=True b1 n=8: 1934.2 ms, 241.8 ms/window, 573 tok
final_base_1_off large-v3 int8_float16 ts=True b5 n=1: 453.6 ms, 453.6 ms/window, 41 tok
final_base_1_off large-v3 int8_float16 ts=True b5 n=4: 1481.9 ms, 370.5 ms/window, 252 tok
final_base_1_off large-v3 int8_float16 ts=True b5 n=8: 2383.9 ms, 298.0 ms/window, 592 tok
final_base_1_off large-v3 int8_float16 ts=False b1 n=1: 303.6 ms, 303.6 ms/window, 26 tok
final_base_1_off large-v3 int8_float16 ts=False b1 n=4: 1167.6 ms, 291.9 ms/window, 255 tok
final_base_1_off large-v3 int8_float16 ts=False b1 n=8: 1842.7 ms, 230.3 ms/window, 557 tok
final_base_1_off large-v3 int8_float16 ts=False b5 n=1: 326.1 ms, 326.1 ms/window, 25 tok
final_base_1_off large-v3 int8_float16 ts=False b5 n=4: 1417.2 ms, 354.3 ms/window, 237 tok
final_base_1_off large-v3 int8_float16 ts=False b5 n=8: 2210.4 ms, 276.3 ms/window, 516 tok
wrote /opt/real/r6/final_base_1_off.json 48
== final_base_1 off done 18:04:26
final_base_1_on small float16 ts=True b1 n=1: 166.5 ms, 166.5 ms/window, 84 tok
final_base_1_on small float16 ts=True b1 n=4: 258.8 ms, 64.7 ms/window, 336 tok
final_base_1_on small float16 ts=True b1 n=8: 380.1 ms, 47.5 ms/window, 667 tok
final_base_1_on small float16 ts=True b5 n=1: 247.8 ms, 247.8 ms/window, 84 tok
final_base_1_on small float16 ts=True b5 n=4: 477.1 ms, 119.3 ms/window, 347 tok
final_base_1_on small float16 ts=True b5 n=8: 781.6 ms, 97.7 ms/window, 670 tok
final_base_1_on small float16 ts=False b1 n=1: 23.8 ms, 23.8 ms/window, 5 tok
final_base_1_on small float16 ts=False b1 n=4: 234.1 ms, 58.5 ms/window, 249 tok
final_base_1_on small float16 ts=False b1 n=8: 330.5 ms, 41.3 ms/window, 506 tok
final_base_1_on small float16 ts=False b5 n=1: 57.5 ms, 57.5 ms/window, 16 tok
final_base_1_on small float16 ts=False b5 n=4: 335.5 ms, 83.9 ms/window, 173 tok
final_base_1_on small float16 ts=False b5 n=8: 499.0 ms, 62.4 ms/window, 329 tok
final_base_1_on small int8_float16 ts=True b1 n=1: 236.2 ms, 236.2 ms/window, 85 tok
final_base_1_on small int8_float16 ts=True b1 n=4: 335.8 ms, 84.0 ms/window, 335 tok
final_base_1_on small int8_float16 ts=True b1 n=8: 418.9 ms, 52.4 ms/window, 666 tok
final_base_1_on small int8_float16 ts=True b5 n=1: 258.8 ms, 258.8 ms/window, 84 tok
final_base_1_on small int8_float16 ts=True b5 n=4: 566.4 ms, 141.6 ms/window, 353 tok
final_base_1_on small int8_float16 ts=True b5 n=8: 883.6 ms, 110.5 ms/window, 676 tok
final_base_1_on small int8_float16 ts=False b1 n=1: 29.1 ms, 29.1 ms/window, 5 tok
final_base_1_on small int8_float16 ts=False b1 n=4: 278.2 ms, 69.6 ms/window, 249 tok
final_base_1_on small int8_float16 ts=False b1 n=8: 367.1 ms, 45.9 ms/window, 508 tok
final_base_1_on small int8_float16 ts=False b5 n=1: 76.7 ms, 76.7 ms/window, 21 tok
final_base_1_on small int8_float16 ts=False b5 n=4: 453.5 ms, 113.4 ms/window, 262 tok
final_base_1_on small int8_float16 ts=False b5 n=8: 597.9 ms, 74.7 ms/window, 386 tok
final_base_1_on large-v3 float16 ts=True b1 n=1: 152.5 ms, 152.5 ms/window, 11 tok
final_base_1_on large-v3 float16 ts=True b1 n=4: 1034.5 ms, 258.6 ms/window, 252 tok
final_base_1_on large-v3 float16 ts=True b1 n=8: 1559.2 ms, 194.9 ms/window, 568 tok
final_base_1_on large-v3 float16 ts=True b5 n=1: 442.1 ms, 442.1 ms/window, 35 tok
final_base_1_on large-v3 float16 ts=True b5 n=4: 1757.8 ms, 439.4 ms/window, 276 tok
final_base_1_on large-v3 float16 ts=True b5 n=8: 3052.0 ms, 381.5 ms/window, 592 tok
final_base_1_on large-v3 float16 ts=False b1 n=1: 253.7 ms, 253.7 ms/window, 26 tok
final_base_1_on large-v3 float16 ts=False b1 n=4: 988.6 ms, 247.1 ms/window, 255 tok
final_base_1_on large-v3 float16 ts=False b1 n=8: 1467.1 ms, 183.4 ms/window, 555 tok
final_base_1_on large-v3 float16 ts=False b5 n=1: 341.3 ms, 341.3 ms/window, 23 tok
final_base_1_on large-v3 float16 ts=False b5 n=4: 1634.5 ms, 408.6 ms/window, 237 tok
final_base_1_on large-v3 float16 ts=False b5 n=8: 2811.0 ms, 351.4 ms/window, 515 tok
final_base_1_on large-v3 int8_float16 ts=True b1 n=1: 154.6 ms, 154.6 ms/window, 11 tok
final_base_1_on large-v3 int8_float16 ts=True b1 n=4: 1028.4 ms, 257.1 ms/window, 252 tok
final_base_1_on large-v3 int8_float16 ts=True b1 n=8: 1560.9 ms, 195.1 ms/window, 570 tok
final_base_1_on large-v3 int8_float16 ts=True b5 n=1: 440.3 ms, 440.3 ms/window, 35 tok
final_base_1_on large-v3 int8_float16 ts=True b5 n=4: 1862.3 ms, 465.6 ms/window, 276 tok
final_base_1_on large-v3 int8_float16 ts=True b5 n=8: 3176.1 ms, 397.0 ms/window, 593 tok
final_base_1_on large-v3 int8_float16 ts=False b1 n=1: 259.9 ms, 259.9 ms/window, 26 tok
final_base_1_on large-v3 int8_float16 ts=False b1 n=4: 982.0 ms, 245.5 ms/window, 255 tok
final_base_1_on large-v3 int8_float16 ts=False b1 n=8: 1468.7 ms, 183.6 ms/window, 555 tok
final_base_1_on large-v3 int8_float16 ts=False b5 n=1: 340.8 ms, 340.8 ms/window, 24 tok
final_base_1_on large-v3 int8_float16 ts=False b5 n=4: 1738.9 ms, 434.7 ms/window, 237 tok
final_base_1_on large-v3 int8_float16 ts=False b5 n=8: 2900.9 ms, 362.6 ms/window, 516 tok
wrote /opt/real/r6/final_base_1_on.json 48
== final_base_1 on done 18:10:33
