== final_r6_1 start 18:11:09 tree=r6 env: 
ctranslate2.__file__ = /home/ubuntu/w/r6/python/ctranslate2/__init__.py
-rw-r--r-- 1 ubuntu ubuntu 168297360 17:55 /home/ubuntu/w/r6/install/lib/libctranslate2.so.4.8.2
90f72436 docs: round-5 review caveats, post-review fixes and final bench artifacts
 M include/ctranslate2/layers/attention.h
 M include/ctranslate2/layers/attention_layer.h
 M include/ctranslate2/layers/decoder.h
 M include/ctranslate2/layers/flash_attention.h
 M include/ctranslate2/layers/transformer.h
 M include/ctranslate2/ops/gather.h
 M src/layers/decoder.cc
 M src/layers/transformer.cc
 M src/ops/gather.cc
 M src/ops/gather_gpu.cu
final_r6_1_off small float16 ts=True b1 n=1: 164.4 ms, 164.4 ms/window, 84 tok
final_r6_1_off small float16 ts=True b1 n=4: 292.1 ms, 73.0 ms/window, 336 tok
final_r6_1_off small float16 ts=True b1 n=8: 455.9 ms, 57.0 ms/window, 667 tok
final_r6_1_off small float16 ts=True b5 n=1: 217.3 ms, 217.3 ms/window, 84 tok
final_r6_1_off small float16 ts=True b5 n=4: 365.1 ms, 91.3 ms/window, 347 tok
final_r6_1_off small float16 ts=True b5 n=8: 567.4 ms, 70.9 ms/window, 672 tok
final_r6_1_off small float16 ts=False b1 n=1: 35.4 ms, 35.4 ms/window, 5 tok
final_r6_1_off small float16 ts=False b1 n=4: 270.0 ms, 67.5 ms/window, 249 tok
final_r6_1_off small float16 ts=False b1 n=8: 411.7 ms, 51.5 ms/window, 506 tok
final_r6_1_off small float16 ts=False b5 n=1: 60.2 ms, 60.2 ms/window, 16 tok
final_r6_1_off small float16 ts=False b5 n=4: 295.5 ms, 73.9 ms/window, 173 tok
final_r6_1_off small float16 ts=False b5 n=8: 432.6 ms, 54.1 ms/window, 329 tok
final_r6_1_off small int8_float16 ts=True b1 n=1: 254.8 ms, 254.8 ms/window, 84 tok
final_r6_1_off small int8_float16 ts=True b1 n=4: 394.6 ms, 98.7 ms/window, 355 tok
final_r6_1_off small int8_float16 ts=True b1 n=8: 526.3 ms, 65.8 ms/window, 663 tok
final_r6_1_off small int8_float16 ts=True b5 n=1: 283.2 ms, 283.2 ms/window, 84 tok
final_r6_1_off small int8_float16 ts=True b5 n=4: 474.5 ms, 118.6 ms/window, 343 tok
final_r6_1_off small int8_float16 ts=True b5 n=8: 672.0 ms, 84.0 ms/window, 673 tok
final_r6_1_off small int8_float16 ts=False b1 n=1: 43.1 ms, 43.1 ms/window, 5 tok
final_r6_1_off small int8_float16 ts=False b1 n=4: 346.6 ms, 86.6 ms/window, 187 tok
final_r6_1_off small int8_float16 ts=False b1 n=8: 454.7 ms, 56.8 ms/window, 492 tok
final_r6_1_off small int8_float16 ts=False b5 n=1: 81.0 ms, 81.0 ms/window, 17 tok
final_r6_1_off small int8_float16 ts=False b5 n=4: 379.7 ms, 94.9 ms/window, 178 tok
final_r6_1_off small int8_float16 ts=False b5 n=8: 519.2 ms, 64.9 ms/window, 358 tok
final_r6_1_off large-v3 float16 ts=True b1 n=1: 202.3 ms, 202.3 ms/window, 11 tok
final_r6_1_off large-v3 float16 ts=True b1 n=4: 1207.1 ms, 301.8 ms/window, 252 tok
final_r6_1_off large-v3 float16 ts=True b1 n=8: 1915.9 ms, 239.5 ms/window, 568 tok
final_r6_1_off large-v3 float16 ts=True b5 n=1: 408.6 ms, 408.6 ms/window, 35 tok
final_r6_1_off large-v3 float16 ts=True b5 n=4: 1383.7 ms, 345.9 ms/window, 276 tok
final_r6_1_off large-v3 float16 ts=True b5 n=8: 2254.9 ms, 281.9 ms/window, 592 tok
final_r6_1_off large-v3 float16 ts=False b1 n=1: 291.7 ms, 291.7 ms/window, 26 tok
final_r6_1_off large-v3 float16 ts=False b1 n=4: 1164.1 ms, 291.0 ms/window, 255 tok
final_r6_1_off large-v3 float16 ts=False b1 n=8: 1829.1 ms, 228.6 ms/window, 555 tok
final_r6_1_off large-v3 float16 ts=False b5 n=1: 325.4 ms, 325.4 ms/window, 23 tok
final_r6_1_off large-v3 float16 ts=False b5 n=4: 1303.2 ms, 325.8 ms/window, 236 tok
final_r6_1_off large-v3 float16 ts=False b5 n=8: 2094.0 ms, 261.7 ms/window, 515 tok
final_r6_1_off large-v3 int8_float16 ts=True b1 n=1: 207.3 ms, 207.3 ms/window, 11 tok
final_r6_1_off large-v3 int8_float16 ts=True b1 n=4: 1210.6 ms, 302.6 ms/window, 252 tok
final_r6_1_off large-v3 int8_float16 ts=True b1 n=8: 1929.5 ms, 241.2 ms/window, 573 tok
final_r6_1_off large-v3 int8_float16 ts=True b5 n=1: 453.4 ms, 453.4 ms/window, 41 tok
final_r6_1_off large-v3 int8_float16 ts=True b5 n=4: 1473.9 ms, 368.5 ms/window, 252 tok
final_r6_1_off large-v3 int8_float16 ts=True b5 n=8: 2383.5 ms, 297.9 ms/window, 592 tok
final_r6_1_off large-v3 int8_float16 ts=False b1 n=1: 303.1 ms, 303.1 ms/window, 26 tok
final_r6_1_off large-v3 int8_float16 ts=False b1 n=4: 1166.7 ms, 291.7 ms/window, 255 tok
final_r6_1_off large-v3 int8_float16 ts=False b1 n=8: 1840.8 ms, 230.1 ms/window, 557 tok
final_r6_1_off large-v3 int8_float16 ts=False b5 n=1: 325.7 ms, 325.7 ms/window, 25 tok
final_r6_1_off large-v3 int8_float16 ts=False b5 n=4: 1416.6 ms, 354.2 ms/window, 237 tok
final_r6_1_off large-v3 int8_float16 ts=False b5 n=8: 2208.0 ms, 276.0 ms/window, 516 tok
wrote /opt/real/r6/final_r6_1_off.json 48
== final_r6_1 off done 18:16:55
final_r6_1_on small float16 ts=True b1 n=1: 166.7 ms, 166.7 ms/window, 84 tok
final_r6_1_on small float16 ts=True b1 n=4: 259.4 ms, 64.8 ms/window, 336 tok
final_r6_1_on small float16 ts=True b1 n=8: 381.0 ms, 47.6 ms/window, 667 tok
final_r6_1_on small float16 ts=True b5 n=1: 218.5 ms, 218.5 ms/window, 84 tok
final_r6_1_on small float16 ts=True b5 n=4: 352.5 ms, 88.1 ms/window, 347 tok
final_r6_1_on small float16 ts=True b5 n=8: 533.4 ms, 66.7 ms/window, 670 tok
final_r6_1_on small float16 ts=False b1 n=1: 23.7 ms, 23.7 ms/window, 5 tok
final_r6_1_on small float16 ts=False b1 n=4: 233.8 ms, 58.4 ms/window, 249 tok
final_r6_1_on small float16 ts=False b1 n=8: 330.8 ms, 41.4 ms/window, 506 tok
final_r6_1_on small float16 ts=False b5 n=1: 52.2 ms, 52.2 ms/window, 16 tok
final_r6_1_on small float16 ts=False b5 n=4: 274.1 ms, 68.5 ms/window, 173 tok
final_r6_1_on small float16 ts=False b5 n=8: 378.8 ms, 47.3 ms/window, 329 tok
final_r6_1_on small int8_float16 ts=True b1 n=1: 231.6 ms, 231.6 ms/window, 85 tok
final_r6_1_on small int8_float16 ts=True b1 n=4: 336.5 ms, 84.1 ms/window, 335 tok
final_r6_1_on small int8_float16 ts=True b1 n=8: 419.2 ms, 52.4 ms/window, 666 tok
final_r6_1_on small int8_float16 ts=True b5 n=1: 248.6 ms, 248.6 ms/window, 84 tok
final_r6_1_on small int8_float16 ts=True b5 n=4: 447.1 ms, 111.8 ms/window, 353 tok
final_r6_1_on small int8_float16 ts=True b5 n=8: 635.9 ms, 79.5 ms/window, 676 tok
final_r6_1_on small int8_float16 ts=False b1 n=1: 29.5 ms, 29.5 ms/window, 5 tok
final_r6_1_on small int8_float16 ts=False b1 n=4: 280.1 ms, 70.0 ms/window, 249 tok
final_r6_1_on small int8_float16 ts=False b1 n=8: 368.0 ms, 46.0 ms/window, 508 tok
final_r6_1_on small int8_float16 ts=False b5 n=1: 74.6 ms, 74.6 ms/window, 21 tok
final_r6_1_on small int8_float16 ts=False b5 n=4: 363.3 ms, 90.8 ms/window, 262 tok
final_r6_1_on small int8_float16 ts=False b5 n=8: 460.9 ms, 57.6 ms/window, 386 tok
final_r6_1_on large-v3 float16 ts=True b1 n=1: 152.4 ms, 152.4 ms/window, 11 tok
final_r6_1_on large-v3 float16 ts=True b1 n=4: 1033.3 ms, 258.3 ms/window, 252 tok
final_r6_1_on large-v3 float16 ts=True b1 n=8: 1557.7 ms, 194.7 ms/window, 568 tok
final_r6_1_on large-v3 float16 ts=True b5 n=1: 386.9 ms, 386.9 ms/window, 35 tok
final_r6_1_on large-v3 float16 ts=True b5 n=4: 1313.7 ms, 328.4 ms/window, 276 tok
final_r6_1_on large-v3 float16 ts=True b5 n=8: 2091.5 ms, 261.4 ms/window, 592 tok
final_r6_1_on large-v3 float16 ts=False b1 n=1: 253.4 ms, 253.4 ms/window, 26 tok
final_r6_1_on large-v3 float16 ts=False b1 n=4: 987.3 ms, 246.8 ms/window, 255 tok
final_r6_1_on large-v3 float16 ts=False b1 n=8: 1465.8 ms, 183.2 ms/window, 555 tok
final_r6_1_on large-v3 float16 ts=False b5 n=1: 300.4 ms, 300.4 ms/window, 23 tok
final_r6_1_on large-v3 float16 ts=False b5 n=4: 1220.8 ms, 305.2 ms/window, 237 tok
final_r6_1_on large-v3 float16 ts=False b5 n=8: 1924.7 ms, 240.6 ms/window, 515 tok
final_r6_1_on large-v3 int8_float16 ts=True b1 n=1: 154.9 ms, 154.9 ms/window, 11 tok
final_r6_1_on large-v3 int8_float16 ts=True b1 n=4: 1029.3 ms, 257.3 ms/window, 252 tok
final_r6_1_on large-v3 int8_float16 ts=True b1 n=8: 1563.4 ms, 195.4 ms/window, 570 tok
final_r6_1_on large-v3 int8_float16 ts=True b5 n=1: 387.4 ms, 387.4 ms/window, 35 tok
final_r6_1_on large-v3 int8_float16 ts=True b5 n=4: 1422.8 ms, 355.7 ms/window, 276 tok
final_r6_1_on large-v3 int8_float16 ts=True b5 n=8: 2220.9 ms, 277.6 ms/window, 593 tok
final_r6_1_on large-v3 int8_float16 ts=False b1 n=1: 260.6 ms, 260.6 ms/window, 26 tok
final_r6_1_on large-v3 int8_float16 ts=False b1 n=4: 983.0 ms, 245.8 ms/window, 255 tok
final_r6_1_on large-v3 int8_float16 ts=False b1 n=8: 1470.8 ms, 183.8 ms/window, 555 tok
final_r6_1_on large-v3 int8_float16 ts=False b5 n=1: 300.6 ms, 300.6 ms/window, 24 tok
final_r6_1_on large-v3 int8_float16 ts=False b5 n=4: 1331.4 ms, 332.9 ms/window, 237 tok
final_r6_1_on large-v3 int8_float16 ts=False b5 n=8: 2025.9 ms, 253.2 ms/window, 516 tok
wrote /opt/real/r6/final_r6_1_on.json 48
== final_r6_1 on done 18:22:01
