== final_base_2 start 18:34:04 tree=base env: 
ctranslate2.__file__ = /home/ubuntu/w/base/python/ctranslate2/__init__.py
-rw-r--r-- 1 ubuntu ubuntu 168290272 00:34 /home/ubuntu/w/base/install/lib/libctranslate2.so.4.8.2
90f72436 docs: round-5 review caveats, post-review fixes and final bench artifacts
final_base_2_off small float16 ts=True b1 n=1: 163.9 ms, 163.9 ms/window, 84 tok
final_base_2_off small float16 ts=True b1 n=4: 291.2 ms, 72.8 ms/window, 336 tok
final_base_2_off small float16 ts=True b1 n=8: 455.7 ms, 57.0 ms/window, 667 tok
final_base_2_off small float16 ts=True b5 n=1: 215.9 ms, 215.9 ms/window, 84 tok
final_base_2_off small float16 ts=True b5 n=4: 363.5 ms, 90.9 ms/window, 347 tok
final_base_2_off small float16 ts=True b5 n=8: 565.2 ms, 70.6 ms/window, 672 tok
final_base_2_off small float16 ts=False b1 n=1: 35.1 ms, 35.1 ms/window, 5 tok
final_base_2_off small float16 ts=False b1 n=4: 269.9 ms, 67.5 ms/window, 249 tok
final_base_2_off small float16 ts=False b1 n=8: 411.3 ms, 51.4 ms/window, 506 tok
final_base_2_off small float16 ts=False b5 n=1: 59.8 ms, 59.8 ms/window, 16 tok
final_base_2_off small float16 ts=False b5 n=4: 294.1 ms, 73.5 ms/window, 173 tok
final_base_2_off small float16 ts=False b5 n=8: 431.2 ms, 53.9 ms/window, 329 tok
final_base_2_off small int8_float16 ts=True b1 n=1: 249.6 ms, 249.6 ms/window, 84 tok
final_base_2_off small int8_float16 ts=True b1 n=4: 389.1 ms, 97.3 ms/window, 355 tok
final_base_2_off small int8_float16 ts=True b1 n=8: 524.3 ms, 65.5 ms/window, 663 tok
final_base_2_off small int8_float16 ts=True b5 n=1: 277.9 ms, 277.9 ms/window, 84 tok
final_base_2_off small int8_float16 ts=True b5 n=4: 472.1 ms, 118.0 ms/window, 343 tok
final_base_2_off small int8_float16 ts=True b5 n=8: 668.6 ms, 83.6 ms/window, 673 tok
final_base_2_off small int8_float16 ts=False b1 n=1: 42.3 ms, 42.3 ms/window, 5 tok
final_base_2_off small int8_float16 ts=False b1 n=4: 336.4 ms, 84.1 ms/window, 187 tok
final_base_2_off small int8_float16 ts=False b1 n=8: 450.4 ms, 56.3 ms/window, 492 tok
final_base_2_off small int8_float16 ts=False b5 n=1: 79.0 ms, 79.0 ms/window, 17 tok
final_base_2_off small int8_float16 ts=False b5 n=4: 369.4 ms, 92.3 ms/window, 178 tok
final_base_2_off small int8_float16 ts=False b5 n=8: 515.4 ms, 64.4 ms/window, 358 tok
final_base_2_off large-v3 float16 ts=True b1 n=1: 202.3 ms, 202.3 ms/window, 11 tok
final_base_2_off large-v3 float16 ts=True b1 n=4: 1207.5 ms, 301.9 ms/window, 252 tok
final_base_2_off large-v3 float16 ts=True b1 n=8: 1917.5 ms, 239.7 ms/window, 568 tok
final_base_2_off large-v3 float16 ts=True b5 n=1: 407.0 ms, 407.0 ms/window, 35 tok
final_base_2_off large-v3 float16 ts=True b5 n=4: 1378.8 ms, 344.7 ms/window, 276 tok
final_base_2_off large-v3 float16 ts=True b5 n=8: 2252.1 ms, 281.5 ms/window, 592 tok
final_base_2_off large-v3 float16 ts=False b1 n=1: 293.5 ms, 293.5 ms/window, 26 tok
final_base_2_off large-v3 float16 ts=False b1 n=4: 1163.5 ms, 290.9 ms/window, 255 tok
final_base_2_off large-v3 float16 ts=False b1 n=8: 1828.5 ms, 228.6 ms/window, 555 tok
final_base_2_off large-v3 float16 ts=False b5 n=1: 325.9 ms, 325.9 ms/window, 23 tok
final_base_2_off large-v3 float16 ts=False b5 n=4: 1298.9 ms, 324.7 ms/window, 236 tok
final_base_2_off large-v3 float16 ts=False b5 n=8: 2095.3 ms, 261.9 ms/window, 515 tok
final_base_2_off large-v3 int8_float16 ts=True b1 n=1: 207.4 ms, 207.4 ms/window, 11 tok
final_base_2_off large-v3 int8_float16 ts=True b1 n=4: 1212.1 ms, 303.0 ms/window, 252 tok
final_base_2_off large-v3 int8_float16 ts=True b1 n=8: 1930.4 ms, 241.3 ms/window, 573 tok
final_base_2_off large-v3 int8_float16 ts=True b5 n=1: 452.3 ms, 452.3 ms/window, 41 tok
final_base_2_off large-v3 int8_float16 ts=True b5 n=4: 1478.3 ms, 369.6 ms/window, 252 tok
final_base_2_off large-v3 int8_float16 ts=True b5 n=8: 2379.7 ms, 297.5 ms/window, 592 tok
final_base_2_off large-v3 int8_float16 ts=False b1 n=1: 302.3 ms, 302.3 ms/window, 26 tok
final_base_2_off large-v3 int8_float16 ts=False b1 n=4: 1172.8 ms, 293.2 ms/window, 255 tok
final_base_2_off large-v3 int8_float16 ts=False b1 n=8: 1839.0 ms, 229.9 ms/window, 557 tok
final_base_2_off large-v3 int8_float16 ts=False b5 n=1: 326.5 ms, 326.5 ms/window, 25 tok
final_base_2_off large-v3 int8_float16 ts=False b5 n=4: 1413.7 ms, 353.4 ms/window, 237 tok
final_base_2_off large-v3 int8_float16 ts=False b5 n=8: 2208.5 ms, 276.1 ms/window, 516 tok
wrote /opt/real/r6/final_base_2_off.json 48
== final_base_2 off done 18:39:49
final_base_2_on small float16 ts=True b1 n=1: 166.6 ms, 166.6 ms/window, 84 tok
final_base_2_on small float16 ts=True b1 n=4: 259.2 ms, 64.8 ms/window, 336 tok
final_base_2_on small float16 ts=True b1 n=8: 380.7 ms, 47.6 ms/window, 667 tok
final_base_2_on small float16 ts=True b5 n=1: 248.1 ms, 248.1 ms/window, 84 tok
final_base_2_on small float16 ts=True b5 n=4: 477.5 ms, 119.4 ms/window, 347 tok
final_base_2_on small float16 ts=True b5 n=8: 781.6 ms, 97.7 ms/window, 670 tok
final_base_2_on small float16 ts=False b1 n=1: 23.8 ms, 23.8 ms/window, 5 tok
final_base_2_on small float16 ts=False b1 n=4: 233.6 ms, 58.4 ms/window, 249 tok
final_base_2_on small float16 ts=False b1 n=8: 330.7 ms, 41.3 ms/window, 506 tok
final_base_2_on small float16 ts=False b5 n=1: 57.5 ms, 57.5 ms/window, 16 tok
final_base_2_on small float16 ts=False b5 n=4: 336.3 ms, 84.1 ms/window, 173 tok
final_base_2_on small float16 ts=False b5 n=8: 499.0 ms, 62.4 ms/window, 329 tok
final_base_2_on small int8_float16 ts=True b1 n=1: 230.8 ms, 230.8 ms/window, 85 tok
final_base_2_on small int8_float16 ts=True b1 n=4: 334.4 ms, 83.6 ms/window, 335 tok
final_base_2_on small int8_float16 ts=True b1 n=8: 419.4 ms, 52.4 ms/window, 666 tok
final_base_2_on small int8_float16 ts=True b5 n=1: 259.8 ms, 259.8 ms/window, 84 tok
final_base_2_on small int8_float16 ts=True b5 n=4: 569.2 ms, 142.3 ms/window, 353 tok
final_base_2_on small int8_float16 ts=True b5 n=8: 884.8 ms, 110.6 ms/window, 676 tok
final_base_2_on small int8_float16 ts=False b1 n=1: 29.0 ms, 29.0 ms/window, 5 tok
final_base_2_on small int8_float16 ts=False b1 n=4: 275.7 ms, 68.9 ms/window, 249 tok
final_base_2_on small int8_float16 ts=False b1 n=8: 367.8 ms, 46.0 ms/window, 508 tok
final_base_2_on small int8_float16 ts=False b5 n=1: 77.0 ms, 77.0 ms/window, 21 tok
final_base_2_on small int8_float16 ts=False b5 n=4: 455.5 ms, 113.9 ms/window, 262 tok
final_base_2_on small int8_float16 ts=False b5 n=8: 599.1 ms, 74.9 ms/window, 386 tok
final_base_2_on large-v3 float16 ts=True b1 n=1: 152.5 ms, 152.5 ms/window, 11 tok
final_base_2_on large-v3 float16 ts=True b1 n=4: 1033.5 ms, 258.4 ms/window, 252 tok
final_base_2_on large-v3 float16 ts=True b1 n=8: 1558.8 ms, 194.8 ms/window, 568 tok
final_base_2_on large-v3 float16 ts=True b5 n=1: 441.4 ms, 441.4 ms/window, 35 tok
final_base_2_on large-v3 float16 ts=True b5 n=4: 1755.7 ms, 438.9 ms/window, 276 tok
final_base_2_on large-v3 float16 ts=True b5 n=8: 3048.5 ms, 381.1 ms/window, 592 tok
final_base_2_on large-v3 float16 ts=False b1 n=1: 253.7 ms, 253.7 ms/window, 26 tok
final_base_2_on large-v3 float16 ts=False b1 n=4: 988.4 ms, 247.1 ms/window, 255 tok
final_base_2_on large-v3 float16 ts=False b1 n=8: 1466.3 ms, 183.3 ms/window, 555 tok
final_base_2_on large-v3 float16 ts=False b5 n=1: 340.8 ms, 340.8 ms/window, 23 tok
final_base_2_on large-v3 float16 ts=False b5 n=4: 1631.5 ms, 407.9 ms/window, 237 tok
final_base_2_on large-v3 float16 ts=False b5 n=8: 2807.7 ms, 351.0 ms/window, 515 tok
final_base_2_on large-v3 int8_float16 ts=True b1 n=1: 155.0 ms, 155.0 ms/window, 11 tok
final_base_2_on large-v3 int8_float16 ts=True b1 n=4: 1031.2 ms, 257.8 ms/window, 252 tok
final_base_2_on large-v3 int8_float16 ts=True b1 n=8: 1563.4 ms, 195.4 ms/window, 570 tok
final_base_2_on large-v3 int8_float16 ts=True b5 n=1: 443.7 ms, 443.7 ms/window, 35 tok
final_base_2_on large-v3 int8_float16 ts=True b5 n=4: 1865.4 ms, 466.3 ms/window, 276 tok
final_base_2_on large-v3 int8_float16 ts=True b5 n=8: 3180.3 ms, 397.5 ms/window, 593 tok
final_base_2_on large-v3 int8_float16 ts=False b1 n=1: 260.7 ms, 260.7 ms/window, 26 tok
final_base_2_on large-v3 int8_float16 ts=False b1 n=4: 984.9 ms, 246.2 ms/window, 255 tok
final_base_2_on large-v3 int8_float16 ts=False b1 n=8: 1472.8 ms, 184.1 ms/window, 555 tok
final_base_2_on large-v3 int8_float16 ts=False b5 n=1: 342.4 ms, 342.4 ms/window, 24 tok
final_base_2_on large-v3 int8_float16 ts=False b5 n=4: 1741.0 ms, 435.2 ms/window, 237 tok
final_base_2_on large-v3 int8_float16 ts=False b5 n=8: 2904.6 ms, 363.1 ms/window, 516 tok
wrote /opt/real/r6/final_base_2_on.json 48
== final_base_2 on done 18:45:56
