CT2_CUDA_PREALLOC_KV=1 
ctranslate2.__file__ = /home/ubuntu/w/base/python/ctranslate2/__init__.py  lib = /home/ubuntu/w/base/install/lib/libctranslate2.so.4.8.2
base2_prealloc small std:0 b5: 240.8 ms (min 240.7 max 241.8) 84 tok score=-0.19494 | tr=None cap=None rep=None seg=None tiers=[] dis=None
base2_prealloc small std:1 b5: 212.6 ms (min 212.5 max 213.6) 77 tok score=-0.135349 | tr=None cap=None rep=None seg=None tiers=[] dis=None
base2_prealloc small std:2 b5: 235.2 ms (min 234.2 max 236.3) 88 tok score=-0.140447 | tr=None cap=None rep=None seg=None tiers=[] dis=None
base2_prealloc small std:3 b5: 262.8 ms (min 262.6 max 264.7) 100 tok score=-0.126484 | tr=None cap=None rep=None seg=None tiers=[] dis=None
base2_prealloc small std:0:nots b5: 65.4 ms (min 64.5 max 66.5) 16 tok score=-0.333984 | tr=None cap=None rep=None seg=None tiers=[] dis=None
base2_prealloc small std:0 b1: 165.4 ms (min 165.2 max 165.5) 84 tok score=-0.19502 | tr=None cap=None rep=None seg=None tiers=[] dis=None
base2_prealloc small std:1 b1: 153.7 ms (min 153.6 max 153.9) 77 tok score=-0.136456 | tr=None cap=None rep=None seg=None tiers=[] dis=None
base2_prealloc small std:2 b1: 173.8 ms (min 173.6 max 174.0) 89 tok score=-0.161274 | tr=None cap=None rep=None seg=None tiers=[] dis=None
base2_prealloc small std:3 b1: 168.8 ms (min 168.6 max 169.0) 86 tok score=-0.139691 | tr=None cap=None rep=None seg=None tiers=[] dis=None
base2_prealloc small std:0:nots b1: 35.3 ms (min 35.2 max 35.5) 5 tok score=-0.656738 | tr=None cap=None rep=None seg=None tiers=[] dis=None
wrote /opt/real/r6/g2/base2_prealloc.json 10
ctranslate2.__file__ = /home/ubuntu/w/base/python/ctranslate2/__init__.py
base2_prealloc_b4 474.48 [84, 77, 88, 98]
CT2_CUDA_PAD_KV=1 
ctranslate2.__file__ = /home/ubuntu/w/base/python/ctranslate2/__init__.py  lib = /home/ubuntu/w/base/install/lib/libctranslate2.so.4.8.2
base2_padkv small std:0 b5: 254.3 ms (min 254.2 max 255.2) 84 tok score=-0.19494 | tr=None cap=None rep=None seg=None tiers=[] dis=None
base2_padkv small std:1 b5: 224.6 ms (min 224.5 max 225.6) 77 tok score=-0.135248 | tr=None cap=None rep=None seg=None tiers=[] dis=None
base2_padkv small std:2 b5: 250.6 ms (min 249.6 max 251.0) 88 tok score=-0.140359 | tr=None cap=None rep=None seg=None tiers=[] dis=None
base2_padkv small std:3 b5: 278.2 ms (min 277.1 max 279.0) 100 tok score=-0.126328 | tr=None cap=None rep=None seg=None tiers=[] dis=None
base2_padkv small std:0:nots b5: 67.5 ms (min 67.5 max 68.5) 16 tok score=-0.333984 | tr=None cap=None rep=None seg=None tiers=[] dis=None
base2_padkv small std:0 b1: 169.8 ms (min 169.0 max 170.0) 84 tok score=-0.195211 | tr=None cap=None rep=None seg=None tiers=[] dis=None
base2_padkv small std:1 b1: 157.9 ms (min 157.1 max 158.1) 77 tok score=-0.136467 | tr=None cap=None rep=None seg=None tiers=[] dis=None
base2_padkv small std:2 b1: 178.0 ms (min 177.4 max 179.1) 89 tok score=-0.161223 | tr=None cap=None rep=None seg=None tiers=[] dis=None
base2_padkv small std:3 b1: 173.2 ms (min 172.4 max 173.7) 86 tok score=-0.139884 | tr=None cap=None rep=None seg=None tiers=[] dis=None
base2_padkv small std:0:nots b1: 35.6 ms (min 35.5 max 36.5) 5 tok score=-0.654736 | tr=None cap=None rep=None seg=None tiers=[] dis=None
wrote /opt/real/r6/g2/base2_padkv.json 10
ctranslate2.__file__ = /home/ubuntu/w/base/python/ctranslate2/__init__.py
base2_padkv_b4 527.34 [84, 77, 88, 98]
CT2_CUDA_GRAPHS=1 CT2_CUDA_GRAPHS_RESERVE=128 
ctranslate2.__file__ = /home/ubuntu/w/base/python/ctranslate2/__init__.py  lib = /home/ubuntu/w/base/install/lib/libctranslate2.so.4.8.2
base2_g128 small std:0 b5: 201.6 ms (min 201.5 max 201.7) 84 tok score=-0.195126 | tr=0 cap=2 rep=86 seg=[86] tiers=[] dis=none
base2_g128 small std:1 b5: 179.1 ms (min 179.0 max 179.4) 77 tok score=-0.135552 | tr=0 cap=2 rep=74 seg=[74] tiers=[] dis=none
base2_g128 small std:2 b5: 196.5 ms (min 196.1 max 198.4) 88 tok score=-0.140625 | tr=0 cap=2 rep=83 seg=[83] tiers=[] dis=none
base2_g128 small std:3 b5: 218.8 ms (min 218.7 max 219.9) 100 tok score=-0.126328 | tr=0 cap=2 rep=95 seg=[95] tiers=[] dis=none
base2_g128 small std:0:nots b5: 61.2 ms (min 61.1 max 63.0) 16 tok score=-0.334717 | tr=0 cap=2 rep=11 seg=[11] tiers=[] dis=none
base2_g128 small std:0 b1: 150.1 ms (min 150.0 max 150.1) 84 tok score=-0.195099 | tr=0 cap=1 rep=81 seg=[81] tiers=[] dis=none
base2_g128 small std:1 b1: 139.9 ms (min 139.8 max 140.1) 77 tok score=-0.136456 | tr=0 cap=1 rep=74 seg=[74] tiers=[] dis=none
base2_g128 small std:2 b1: 157.2 ms (min 157.2 max 157.4) 89 tok score=-0.161394 | tr=0 cap=1 rep=86 seg=[86] tiers=[] dis=none
base2_g128 small std:3 b1: 153.0 ms (min 152.9 max 153.1) 86 tok score=-0.139724 | tr=0 cap=1 rep=83 seg=[83] tiers=[] dis=none
base2_g128 small std:0:nots b1: 36.9 ms (min 36.0 max 37.0) 5 tok score=-0.656738 | tr=0 cap=1 rep=2 seg=[2] tiers=[] dis=none
wrote /opt/real/r6/g2/base2_g128.json 10
ctranslate2.__file__ = /home/ubuntu/w/base/python/ctranslate2/__init__.py
base2_g128_b4 378.72 [84, 77, 88, 100]
CT2_CUDA_GRAPHS=1 CT2_CUDA_GRAPHS_RESERVE=448 
ctranslate2.__file__ = /home/ubuntu/w/base/python/ctranslate2/__init__.py  lib = /home/ubuntu/w/base/install/lib/libctranslate2.so.4.8.2
base2_g448 small std:0 b5: 233.6 ms (min 233.5 max 234.5) 84 tok score=-0.19494 | tr=0 cap=2 rep=86 seg=[86] tiers=[] dis=none
base2_g448 small std:1 b5: 207.2 ms (min 207.0 max 208.0) 77 tok score=-0.135248 | tr=0 cap=2 rep=74 seg=[74] tiers=[] dis=none
base2_g448 small std:2 b5: 230.5 ms (min 229.5 max 231.1) 88 tok score=-0.140359 | tr=0 cap=2 rep=84 seg=[84] tiers=[] dis=none
base2_g448 small std:3 b5: 255.2 ms (min 254.1 max 256.0) 100 tok score=-0.126328 | tr=0 cap=2 rep=95 seg=[95] tiers=[] dis=none
base2_g448 small std:0:nots b5: 66.6 ms (min 66.6 max 68.7) 16 tok score=-0.333984 | tr=0 cap=2 rep=11 seg=[11] tiers=[] dis=none
base2_g448 small std:0 b1: 154.6 ms (min 153.5 max 155.0) 84 tok score=-0.195211 | tr=0 cap=1 rep=81 seg=[81] tiers=[] dis=none
base2_g448 small std:1 b1: 143.5 ms (min 143.1 max 144.2) 77 tok score=-0.136467 | tr=0 cap=1 rep=74 seg=[74] tiers=[] dis=none
base2_g448 small std:2 b1: 162.0 ms (min 160.9 max 162.2) 89 tok score=-0.161223 | tr=0 cap=1 rep=86 seg=[86] tiers=[] dis=none
base2_g448 small std:3 b1: 156.6 ms (min 156.5 max 157.9) 86 tok score=-0.139884 | tr=0 cap=1 rep=83 seg=[83] tiers=[] dis=none
base2_g448 small std:0:nots b1: 37.2 ms (min 36.2 max 39.0) 5 tok score=-0.654736 | tr=0 cap=1 rep=2 seg=[2] tiers=[] dis=none
wrote /opt/real/r6/g2/base2_g448.json 10
ctranslate2.__file__ = /home/ubuntu/w/base/python/ctranslate2/__init__.py
base2_g448_b4 509.74 [84, 77, 88, 98]
CT2_CUDA_GRAPHS=1 CT2_CUDA_GRAPHS_RESERVE=128 CT2_CUDA_GRAPHS_TIERS=+64 
ctranslate2.__file__ = /home/ubuntu/w/base/python/ctranslate2/__init__.py  lib = /home/ubuntu/w/base/install/lib/libctranslate2.so.4.8.2
base2_tiers small std:0 b5: 201.7 ms (min 201.5 max 202.0) 84 tok score=-0.195126 | tr=0 cap=2 rep=86 seg=[86] tiers=[] dis=none
base2_tiers small std:1 b5: 179.2 ms (min 179.2 max 179.3) 77 tok score=-0.135552 | tr=0 cap=2 rep=74 seg=[74] tiers=[] dis=none
base2_tiers small std:2 b5: 196.7 ms (min 196.3 max 198.3) 88 tok score=-0.140625 | tr=0 cap=2 rep=83 seg=[83] tiers=[] dis=none
base2_tiers small std:3 b5: 218.9 ms (min 218.6 max 219.6) 100 tok score=-0.126328 | tr=0 cap=2 rep=95 seg=[95] tiers=[] dis=none
base2_tiers small std:0:nots b5: 61.1 ms (min 61.0 max 63.0) 16 tok score=-0.334717 | tr=0 cap=2 rep=11 seg=[11] tiers=[] dis=none
base2_tiers small dense:0 b5: 384.7 ms (min 384.2 max 387.2) 183 tok score=-0.120816 | tr=1 cap=4 rep=176 seg=[120, 56] tiers=[128->192@128] dis=none
base2_tiers small dense:1 b5: 417.4 ms (min 417.2 max 418.4) 199 tok score=-0.135835 | tr=2 cap=6 rep=188 seg=[120, 61, 7] tiers=[128->192@128,192->256@192] dis=none
base2_tiers small dense:3 b5: 384.3 ms (min 383.9 max 386.2) 183 tok score=-0.145236 | tr=1 cap=4 rep=176 seg=[120, 56] tiers=[128->192@128] dis=none
base2_tiers small prev:192 b5: 208.8 ms (min 208.4 max 210.7) 82 tok score=-0.164062 | tr=1 cap=4 rep=76 seg=[23, 53] tiers=[224->288@224] dis=none
base2_tiers small std:0 b1: 150.4 ms (min 150.2 max 150.6) 84 tok score=-0.195099 | tr=0 cap=1 rep=81 seg=[81] tiers=[] dis=none
base2_tiers small std:1 b1: 140.0 ms (min 139.9 max 140.0) 77 tok score=-0.136456 | tr=0 cap=1 rep=74 seg=[74] tiers=[] dis=none
base2_tiers small std:2 b1: 157.3 ms (min 157.3 max 157.4) 89 tok score=-0.161394 | tr=0 cap=1 rep=86 seg=[86] tiers=[] dis=none
base2_tiers small std:3 b1: 153.0 ms (min 152.8 max 153.3) 86 tok score=-0.139724 | tr=0 cap=1 rep=83 seg=[83] tiers=[] dis=none
base2_tiers small std:0:nots b1: 36.1 ms (min 36.0 max 36.1) 5 tok score=-0.656738 | tr=0 cap=1 rep=2 seg=[2] tiers=[] dis=none
base2_tiers small dense:0 b1: 293.9 ms (min 293.8 max 294.2) 182 tok score=-0.126238 | tr=1 cap=2 rep=177 seg=[122, 55] tiers=[128->192@128] dis=none
base2_tiers small dense:1 b1: 320.4 ms (min 320.3 max 320.8) 199 tok score=-0.140005 | tr=2 cap=3 rep=192 seg=[122, 62, 8] tiers=[128->192@128,192->256@192] dis=none
base2_tiers small dense:3 b1: 295.5 ms (min 295.3 max 295.7) 183 tok score=-0.147889 | tr=1 cap=2 rep=178 seg=[122, 56] tiers=[128->192@128] dis=none
base2_tiers small prev:192 b1: 156.5 ms (min 156.4 max 158.3) 84 tok score=-0.170418 | tr=1 cap=2 rep=79 seg=[25, 54] tiers=[224->288@224] dis=none
wrote /opt/real/r6/g2/base2_tiers.json 18
ctranslate2.__file__ = /home/ubuntu/w/base/python/ctranslate2/__init__.py
base2_tiers_b4 378.71 [84, 77, 88, 100]
G2DONE base2
