== s1_2 start 16:39:16 tree=r6 env: 
ctranslate2.__file__ = /home/ubuntu/w/r6/python/ctranslate2/__init__.py
-rw-r--r-- 1 ubuntu ubuntu 168297360 09:53 /home/ubuntu/w/r6/install/lib/libctranslate2.so.4.8.2
90f72436 docs: round-5 review caveats, post-review fixes and final bench artifacts
 M include/ctranslate2/layers/attention.h
 M include/ctranslate2/layers/attention_layer.h
 M include/ctranslate2/layers/decoder.h
 M include/ctranslate2/layers/flash_attention.h
 M include/ctranslate2/layers/transformer.h
 M include/ctranslate2/ops/gather.h
 M src/layers/decoder.cc
 M src/layers/transformer.cc
 M src/ops/gather.cc
 M src/ops/gather_gpu.cu
s1_2_off small float16 ts=True b1 n=1: 164.4 ms, 164.4 ms/window, 84 tok
s1_2_off small float16 ts=True b1 n=4: 291.6 ms, 72.9 ms/window, 336 tok
s1_2_off small float16 ts=True b1 n=8: 456.3 ms, 57.0 ms/window, 667 tok
s1_2_off small float16 ts=True b5 n=1: 222.6 ms, 222.6 ms/window, 84 tok
s1_2_off small float16 ts=True b5 n=4: 365.3 ms, 91.3 ms/window, 347 tok
s1_2_off small float16 ts=True b5 n=8: 567.5 ms, 70.9 ms/window, 672 tok
s1_2_off small float16 ts=False b1 n=1: 35.5 ms, 35.5 ms/window, 5 tok
s1_2_off small float16 ts=False b1 n=4: 271.0 ms, 67.7 ms/window, 249 tok
s1_2_off small float16 ts=False b1 n=8: 412.0 ms, 51.5 ms/window, 506 tok
s1_2_off small float16 ts=False b5 n=1: 61.4 ms, 61.4 ms/window, 16 tok
s1_2_off small float16 ts=False b5 n=4: 296.1 ms, 74.0 ms/window, 173 tok
s1_2_off small float16 ts=False b5 n=8: 433.6 ms, 54.2 ms/window, 329 tok
s1_2_off small int8_float16 ts=True b1 n=1: 265.3 ms, 265.3 ms/window, 84 tok
s1_2_off small int8_float16 ts=True b1 n=4: 404.3 ms, 101.1 ms/window, 355 tok
s1_2_off small int8_float16 ts=True b1 n=8: 528.6 ms, 66.1 ms/window, 663 tok
s1_2_off small int8_float16 ts=True b5 n=1: 289.9 ms, 289.9 ms/window, 84 tok
s1_2_off small int8_float16 ts=True b5 n=4: 474.4 ms, 118.6 ms/window, 343 tok
s1_2_off small int8_float16 ts=True b5 n=8: 667.5 ms, 83.4 ms/window, 673 tok
s1_2_off small int8_float16 ts=False b1 n=1: 43.1 ms, 43.1 ms/window, 5 tok
s1_2_off small int8_float16 ts=False b1 n=4: 350.5 ms, 87.6 ms/window, 187 tok
s1_2_off small int8_float16 ts=False b1 n=8: 455.6 ms, 56.9 ms/window, 492 tok
s1_2_off small int8_float16 ts=False b5 n=1: 79.4 ms, 79.4 ms/window, 17 tok
s1_2_off small int8_float16 ts=False b5 n=4: 371.7 ms, 92.9 ms/window, 178 tok
s1_2_off small int8_float16 ts=False b5 n=8: 515.9 ms, 64.5 ms/window, 358 tok
s1_2_off large-v3 float16 ts=True b1 n=1: 202.2 ms, 202.2 ms/window, 11 tok
s1_2_off large-v3 float16 ts=True b1 n=4: 1208.0 ms, 302.0 ms/window, 252 tok
s1_2_off large-v3 float16 ts=True b1 n=8: 1919.3 ms, 239.9 ms/window, 568 tok
s1_2_off large-v3 float16 ts=True b5 n=1: 407.1 ms, 407.1 ms/window, 35 tok
s1_2_off large-v3 float16 ts=True b5 n=4: 1381.9 ms, 345.5 ms/window, 276 tok
s1_2_off large-v3 float16 ts=True b5 n=8: 2253.9 ms, 281.7 ms/window, 592 tok
s1_2_off large-v3 float16 ts=False b1 n=1: 293.7 ms, 293.7 ms/window, 26 tok
s1_2_off large-v3 float16 ts=False b1 n=4: 1166.8 ms, 291.7 ms/window, 255 tok
s1_2_off large-v3 float16 ts=False b1 n=8: 1832.5 ms, 229.1 ms/window, 555 tok
s1_2_off large-v3 float16 ts=False b5 n=1: 325.7 ms, 325.7 ms/window, 23 tok
s1_2_off large-v3 float16 ts=False b5 n=4: 1303.5 ms, 325.9 ms/window, 236 tok
s1_2_off large-v3 float16 ts=False b5 n=8: 2096.0 ms, 262.0 ms/window, 515 tok
s1_2_off large-v3 int8_float16 ts=True b1 n=1: 208.4 ms, 208.4 ms/window, 11 tok
s1_2_off large-v3 int8_float16 ts=True b1 n=4: 1212.3 ms, 303.1 ms/window, 252 tok
s1_2_off large-v3 int8_float16 ts=True b1 n=8: 1930.1 ms, 241.3 ms/window, 573 tok
s1_2_off large-v3 int8_float16 ts=True b5 n=1: 453.0 ms, 453.0 ms/window, 41 tok
s1_2_off large-v3 int8_float16 ts=True b5 n=4: 1478.8 ms, 369.7 ms/window, 252 tok
s1_2_off large-v3 int8_float16 ts=True b5 n=8: 2382.8 ms, 297.9 ms/window, 592 tok
s1_2_off large-v3 int8_float16 ts=False b1 n=1: 307.4 ms, 307.4 ms/window, 26 tok
s1_2_off large-v3 int8_float16 ts=False b1 n=4: 1169.0 ms, 292.3 ms/window, 255 tok
s1_2_off large-v3 int8_float16 ts=False b1 n=8: 1840.7 ms, 230.1 ms/window, 557 tok
s1_2_off large-v3 int8_float16 ts=False b5 n=1: 325.4 ms, 325.4 ms/window, 25 tok
s1_2_off large-v3 int8_float16 ts=False b5 n=4: 1415.7 ms, 353.9 ms/window, 237 tok
s1_2_off large-v3 int8_float16 ts=False b5 n=8: 2206.4 ms, 275.8 ms/window, 516 tok
wrote /opt/real/r6/s1_2_off.json 48
== s1_2 off done 16:45:02
s1_2_on small float16 ts=True b1 n=1: 166.8 ms, 166.8 ms/window, 84 tok
s1_2_on small float16 ts=True b1 n=4: 259.9 ms, 65.0 ms/window, 336 tok
s1_2_on small float16 ts=True b1 n=8: 380.8 ms, 47.6 ms/window, 667 tok
s1_2_on small float16 ts=True b5 n=1: 218.5 ms, 218.5 ms/window, 84 tok
s1_2_on small float16 ts=True b5 n=4: 352.4 ms, 88.1 ms/window, 347 tok
s1_2_on small float16 ts=True b5 n=8: 533.6 ms, 66.7 ms/window, 670 tok
s1_2_on small float16 ts=False b1 n=1: 23.8 ms, 23.8 ms/window, 5 tok
s1_2_on small float16 ts=False b1 n=4: 234.0 ms, 58.5 ms/window, 249 tok
s1_2_on small float16 ts=False b1 n=8: 330.8 ms, 41.3 ms/window, 506 tok
s1_2_on small float16 ts=False b5 n=1: 52.2 ms, 52.2 ms/window, 16 tok
s1_2_on small float16 ts=False b5 n=4: 274.0 ms, 68.5 ms/window, 173 tok
s1_2_on small float16 ts=False b5 n=8: 378.5 ms, 47.3 ms/window, 329 tok
s1_2_on small int8_float16 ts=True b1 n=1: 232.8 ms, 232.8 ms/window, 85 tok
s1_2_on small int8_float16 ts=True b1 n=4: 334.3 ms, 83.6 ms/window, 335 tok
s1_2_on small int8_float16 ts=True b1 n=8: 418.0 ms, 52.2 ms/window, 666 tok
s1_2_on small int8_float16 ts=True b5 n=1: 251.7 ms, 251.7 ms/window, 84 tok
s1_2_on small int8_float16 ts=True b5 n=4: 445.8 ms, 111.5 ms/window, 353 tok
s1_2_on small int8_float16 ts=True b5 n=8: 634.3 ms, 79.3 ms/window, 676 tok
s1_2_on small int8_float16 ts=False b1 n=1: 29.3 ms, 29.3 ms/window, 5 tok
s1_2_on small int8_float16 ts=False b1 n=4: 280.2 ms, 70.0 ms/window, 249 tok
s1_2_on small int8_float16 ts=False b1 n=8: 367.8 ms, 46.0 ms/window, 508 tok
s1_2_on small int8_float16 ts=False b5 n=1: 76.3 ms, 76.3 ms/window, 21 tok
s1_2_on small int8_float16 ts=False b5 n=4: 362.7 ms, 90.7 ms/window, 262 tok
s1_2_on small int8_float16 ts=False b5 n=8: 461.9 ms, 57.7 ms/window, 386 tok
s1_2_on large-v3 float16 ts=True b1 n=1: 152.5 ms, 152.5 ms/window, 11 tok
s1_2_on large-v3 float16 ts=True b1 n=4: 1033.8 ms, 258.5 ms/window, 252 tok
s1_2_on large-v3 float16 ts=True b1 n=8: 1558.7 ms, 194.8 ms/window, 568 tok
s1_2_on large-v3 float16 ts=True b5 n=1: 387.3 ms, 387.3 ms/window, 35 tok
s1_2_on large-v3 float16 ts=True b5 n=4: 1313.3 ms, 328.3 ms/window, 276 tok
s1_2_on large-v3 float16 ts=True b5 n=8: 2091.2 ms, 261.4 ms/window, 592 tok
s1_2_on large-v3 float16 ts=False b1 n=1: 253.8 ms, 253.8 ms/window, 26 tok
s1_2_on large-v3 float16 ts=False b1 n=4: 988.2 ms, 247.0 ms/window, 255 tok
s1_2_on large-v3 float16 ts=False b1 n=8: 1466.6 ms, 183.3 ms/window, 555 tok
s1_2_on large-v3 float16 ts=False b5 n=1: 300.6 ms, 300.6 ms/window, 23 tok
s1_2_on large-v3 float16 ts=False b5 n=4: 1221.5 ms, 305.4 ms/window, 237 tok
s1_2_on large-v3 float16 ts=False b5 n=8: 1925.0 ms, 240.6 ms/window, 515 tok
s1_2_on large-v3 int8_float16 ts=True b1 n=1: 154.6 ms, 154.6 ms/window, 11 tok
s1_2_on large-v3 int8_float16 ts=True b1 n=4: 1028.3 ms, 257.1 ms/window, 252 tok
s1_2_on large-v3 int8_float16 ts=True b1 n=8: 1561.5 ms, 195.2 ms/window, 570 tok
s1_2_on large-v3 int8_float16 ts=True b5 n=1: 386.4 ms, 386.4 ms/window, 35 tok
s1_2_on large-v3 int8_float16 ts=True b5 n=4: 1422.0 ms, 355.5 ms/window, 276 tok
s1_2_on large-v3 int8_float16 ts=True b5 n=8: 2218.1 ms, 277.3 ms/window, 593 tok
s1_2_on large-v3 int8_float16 ts=False b1 n=1: 260.4 ms, 260.4 ms/window, 26 tok
s1_2_on large-v3 int8_float16 ts=False b1 n=4: 982.1 ms, 245.5 ms/window, 255 tok
s1_2_on large-v3 int8_float16 ts=False b1 n=8: 1469.0 ms, 183.6 ms/window, 555 tok
s1_2_on large-v3 int8_float16 ts=False b5 n=1: 300.0 ms, 300.0 ms/window, 24 tok
s1_2_on large-v3 int8_float16 ts=False b5 n=4: 1331.9 ms, 333.0 ms/window, 237 tok
s1_2_on large-v3 int8_float16 ts=False b5 n=8: 2023.1 ms, 252.9 ms/window, 516 tok
wrote /opt/real/r6/s1_2_on.json 48
== s1_2 on done 16:50:08
