== s1_3 start 17:03:09 tree=r6 env: 
ctranslate2.__file__ = /home/ubuntu/w/r6/python/ctranslate2/__init__.py
-rw-r--r-- 1 ubuntu ubuntu 168297360 09:53 /home/ubuntu/w/r6/install/lib/libctranslate2.so.4.8.2
90f72436 docs: round-5 review caveats, post-review fixes and final bench artifacts
 M include/ctranslate2/layers/attention.h
 M include/ctranslate2/layers/attention_layer.h
 M include/ctranslate2/layers/decoder.h
 M include/ctranslate2/layers/flash_attention.h
 M include/ctranslate2/layers/transformer.h
 M include/ctranslate2/ops/gather.h
 M src/layers/decoder.cc
 M src/layers/transformer.cc
 M src/ops/gather.cc
 M src/ops/gather_gpu.cu
s1_3_off small float16 ts=True b1 n=1: 164.4 ms, 164.4 ms/window, 84 tok
s1_3_off small float16 ts=True b1 n=4: 291.7 ms, 72.9 ms/window, 336 tok
s1_3_off small float16 ts=True b1 n=8: 455.7 ms, 57.0 ms/window, 667 tok
s1_3_off small float16 ts=True b5 n=1: 217.3 ms, 217.3 ms/window, 84 tok
s1_3_off small float16 ts=True b5 n=4: 365.3 ms, 91.3 ms/window, 347 tok
s1_3_off small float16 ts=True b5 n=8: 566.7 ms, 70.8 ms/window, 672 tok
s1_3_off small float16 ts=False b1 n=1: 35.2 ms, 35.2 ms/window, 5 tok
s1_3_off small float16 ts=False b1 n=4: 270.0 ms, 67.5 ms/window, 249 tok
s1_3_off small float16 ts=False b1 n=8: 411.7 ms, 51.5 ms/window, 506 tok
s1_3_off small float16 ts=False b5 n=1: 60.3 ms, 60.3 ms/window, 16 tok
s1_3_off small float16 ts=False b5 n=4: 295.8 ms, 74.0 ms/window, 173 tok
s1_3_off small float16 ts=False b5 n=8: 432.5 ms, 54.1 ms/window, 329 tok
s1_3_off small int8_float16 ts=True b1 n=1: 259.6 ms, 259.6 ms/window, 84 tok
s1_3_off small int8_float16 ts=True b1 n=4: 403.5 ms, 100.9 ms/window, 355 tok
s1_3_off small int8_float16 ts=True b1 n=8: 529.7 ms, 66.2 ms/window, 663 tok
s1_3_off small int8_float16 ts=True b5 n=1: 280.2 ms, 280.2 ms/window, 84 tok
s1_3_off small int8_float16 ts=True b5 n=4: 473.6 ms, 118.4 ms/window, 343 tok
s1_3_off small int8_float16 ts=True b5 n=8: 668.5 ms, 83.6 ms/window, 673 tok
s1_3_off small int8_float16 ts=False b1 n=1: 42.2 ms, 42.2 ms/window, 5 tok
s1_3_off small int8_float16 ts=False b1 n=4: 337.8 ms, 84.5 ms/window, 187 tok
s1_3_off small int8_float16 ts=False b1 n=8: 449.8 ms, 56.2 ms/window, 492 tok
s1_3_off small int8_float16 ts=False b5 n=1: 78.8 ms, 78.8 ms/window, 17 tok
s1_3_off small int8_float16 ts=False b5 n=4: 370.9 ms, 92.7 ms/window, 178 tok
s1_3_off small int8_float16 ts=False b5 n=8: 514.7 ms, 64.3 ms/window, 358 tok
s1_3_off large-v3 float16 ts=True b1 n=1: 202.4 ms, 202.4 ms/window, 11 tok
s1_3_off large-v3 float16 ts=True b1 n=4: 1207.4 ms, 301.9 ms/window, 252 tok
s1_3_off large-v3 float16 ts=True b1 n=8: 1918.3 ms, 239.8 ms/window, 568 tok
s1_3_off large-v3 float16 ts=True b5 n=1: 408.3 ms, 408.3 ms/window, 35 tok
s1_3_off large-v3 float16 ts=True b5 n=4: 1382.9 ms, 345.7 ms/window, 276 tok
s1_3_off large-v3 float16 ts=True b5 n=8: 2252.9 ms, 281.6 ms/window, 592 tok
s1_3_off large-v3 float16 ts=False b1 n=1: 292.5 ms, 292.5 ms/window, 26 tok
s1_3_off large-v3 float16 ts=False b1 n=4: 1163.8 ms, 291.0 ms/window, 255 tok
s1_3_off large-v3 float16 ts=False b1 n=8: 1833.3 ms, 229.2 ms/window, 555 tok
s1_3_off large-v3 float16 ts=False b5 n=1: 326.2 ms, 326.2 ms/window, 23 tok
s1_3_off large-v3 float16 ts=False b5 n=4: 1302.3 ms, 325.6 ms/window, 236 tok
s1_3_off large-v3 float16 ts=False b5 n=8: 2091.7 ms, 261.5 ms/window, 515 tok
s1_3_off large-v3 int8_float16 ts=True b1 n=1: 207.6 ms, 207.6 ms/window, 11 tok
s1_3_off large-v3 int8_float16 ts=True b1 n=4: 1214.3 ms, 303.6 ms/window, 252 tok
s1_3_off large-v3 int8_float16 ts=True b1 n=8: 1932.8 ms, 241.6 ms/window, 573 tok
s1_3_off large-v3 int8_float16 ts=True b5 n=1: 455.4 ms, 455.4 ms/window, 41 tok
s1_3_off large-v3 int8_float16 ts=True b5 n=4: 1478.9 ms, 369.7 ms/window, 252 tok
s1_3_off large-v3 int8_float16 ts=True b5 n=8: 2386.9 ms, 298.4 ms/window, 592 tok
s1_3_off large-v3 int8_float16 ts=False b1 n=1: 303.0 ms, 303.0 ms/window, 26 tok
s1_3_off large-v3 int8_float16 ts=False b1 n=4: 1170.1 ms, 292.5 ms/window, 255 tok
s1_3_off large-v3 int8_float16 ts=False b1 n=8: 1841.8 ms, 230.2 ms/window, 557 tok
s1_3_off large-v3 int8_float16 ts=False b5 n=1: 327.4 ms, 327.4 ms/window, 25 tok
s1_3_off large-v3 int8_float16 ts=False b5 n=4: 1416.6 ms, 354.1 ms/window, 237 tok
s1_3_off large-v3 int8_float16 ts=False b5 n=8: 2206.7 ms, 275.8 ms/window, 516 tok
wrote /opt/real/r6/s1_3_off.json 48
== s1_3 off done 17:08:55
s1_3_on small float16 ts=True b1 n=1: 166.7 ms, 166.7 ms/window, 84 tok
s1_3_on small float16 ts=True b1 n=4: 259.4 ms, 64.9 ms/window, 336 tok
s1_3_on small float16 ts=True b1 n=8: 380.6 ms, 47.6 ms/window, 667 tok
s1_3_on small float16 ts=True b5 n=1: 218.5 ms, 218.5 ms/window, 84 tok
s1_3_on small float16 ts=True b5 n=4: 352.3 ms, 88.1 ms/window, 347 tok
s1_3_on small float16 ts=True b5 n=8: 533.7 ms, 66.7 ms/window, 670 tok
s1_3_on small float16 ts=False b1 n=1: 23.8 ms, 23.8 ms/window, 5 tok
s1_3_on small float16 ts=False b1 n=4: 234.4 ms, 58.6 ms/window, 249 tok
s1_3_on small float16 ts=False b1 n=8: 331.4 ms, 41.4 ms/window, 506 tok
s1_3_on small float16 ts=False b5 n=1: 52.3 ms, 52.3 ms/window, 16 tok
s1_3_on small float16 ts=False b5 n=4: 274.2 ms, 68.6 ms/window, 173 tok
s1_3_on small float16 ts=False b5 n=8: 379.9 ms, 47.5 ms/window, 329 tok
s1_3_on small int8_float16 ts=True b1 n=1: 236.1 ms, 236.1 ms/window, 85 tok
s1_3_on small int8_float16 ts=True b1 n=4: 337.0 ms, 84.2 ms/window, 335 tok
s1_3_on small int8_float16 ts=True b1 n=8: 419.2 ms, 52.4 ms/window, 666 tok
s1_3_on small int8_float16 ts=True b5 n=1: 253.9 ms, 253.9 ms/window, 84 tok
s1_3_on small int8_float16 ts=True b5 n=4: 447.7 ms, 111.9 ms/window, 353 tok
s1_3_on small int8_float16 ts=True b5 n=8: 637.2 ms, 79.7 ms/window, 676 tok
s1_3_on small int8_float16 ts=False b1 n=1: 29.7 ms, 29.7 ms/window, 5 tok
s1_3_on small int8_float16 ts=False b1 n=4: 286.3 ms, 71.6 ms/window, 249 tok
s1_3_on small int8_float16 ts=False b1 n=8: 368.8 ms, 46.1 ms/window, 508 tok
s1_3_on small int8_float16 ts=False b5 n=1: 75.6 ms, 75.6 ms/window, 21 tok
s1_3_on small int8_float16 ts=False b5 n=4: 364.4 ms, 91.1 ms/window, 262 tok
s1_3_on small int8_float16 ts=False b5 n=8: 462.9 ms, 57.9 ms/window, 386 tok
s1_3_on large-v3 float16 ts=True b1 n=1: 152.2 ms, 152.2 ms/window, 11 tok
s1_3_on large-v3 float16 ts=True b1 n=4: 1031.7 ms, 257.9 ms/window, 252 tok
s1_3_on large-v3 float16 ts=True b1 n=8: 1557.1 ms, 194.6 ms/window, 568 tok
s1_3_on large-v3 float16 ts=True b5 n=1: 387.2 ms, 387.2 ms/window, 35 tok
s1_3_on large-v3 float16 ts=True b5 n=4: 1311.5 ms, 327.9 ms/window, 276 tok
s1_3_on large-v3 float16 ts=True b5 n=8: 2089.9 ms, 261.2 ms/window, 592 tok
s1_3_on large-v3 float16 ts=False b1 n=1: 253.2 ms, 253.2 ms/window, 26 tok
s1_3_on large-v3 float16 ts=False b1 n=4: 986.6 ms, 246.7 ms/window, 255 tok
s1_3_on large-v3 float16 ts=False b1 n=8: 1464.2 ms, 183.0 ms/window, 555 tok
s1_3_on large-v3 float16 ts=False b5 n=1: 300.2 ms, 300.2 ms/window, 23 tok
s1_3_on large-v3 float16 ts=False b5 n=4: 1218.8 ms, 304.7 ms/window, 237 tok
s1_3_on large-v3 float16 ts=False b5 n=8: 1923.6 ms, 240.4 ms/window, 515 tok
s1_3_on large-v3 int8_float16 ts=True b1 n=1: 154.9 ms, 154.9 ms/window, 11 tok
s1_3_on large-v3 int8_float16 ts=True b1 n=4: 1028.8 ms, 257.2 ms/window, 252 tok
s1_3_on large-v3 int8_float16 ts=True b1 n=8: 1562.4 ms, 195.3 ms/window, 570 tok
s1_3_on large-v3 int8_float16 ts=True b5 n=1: 387.2 ms, 387.2 ms/window, 35 tok
s1_3_on large-v3 int8_float16 ts=True b5 n=4: 1421.2 ms, 355.3 ms/window, 276 tok
s1_3_on large-v3 int8_float16 ts=True b5 n=8: 2220.3 ms, 277.5 ms/window, 593 tok
s1_3_on large-v3 int8_float16 ts=False b1 n=1: 260.4 ms, 260.4 ms/window, 26 tok
s1_3_on large-v3 int8_float16 ts=False b1 n=4: 982.5 ms, 245.6 ms/window, 255 tok
s1_3_on large-v3 int8_float16 ts=False b1 n=8: 1468.9 ms, 183.6 ms/window, 555 tok
s1_3_on large-v3 int8_float16 ts=False b5 n=1: 300.0 ms, 300.0 ms/window, 24 tok
s1_3_on large-v3 int8_float16 ts=False b5 n=4: 1331.1 ms, 332.8 ms/window, 237 tok
s1_3_on large-v3 int8_float16 ts=False b5 n=8: 2023.6 ms, 252.9 ms/window, 516 tok
wrote /opt/real/r6/s1_3_on.json 48
== s1_3 on done 17:14:01
