== s1 start 10:00:26 tree=r6 env: 
ctranslate2.__file__ = /home/ubuntu/w/r6/python/ctranslate2/__init__.py
-rw-r--r-- 1 ubuntu ubuntu 168297360 09:53 /home/ubuntu/w/r6/install/lib/libctranslate2.so.4.8.2
90f72436 docs: round-5 review caveats, post-review fixes and final bench artifacts
 M include/ctranslate2/layers/attention.h
 M include/ctranslate2/layers/attention_layer.h
 M include/ctranslate2/layers/decoder.h
 M include/ctranslate2/layers/flash_attention.h
 M include/ctranslate2/layers/transformer.h
 M include/ctranslate2/ops/gather.h
 M src/layers/decoder.cc
 M src/layers/transformer.cc
 M src/ops/gather.cc
 M src/ops/gather_gpu.cu
s1_off small float16 ts=True b1 n=1: 164.1 ms, 164.1 ms/window, 84 tok
s1_off small float16 ts=True b1 n=4: 291.2 ms, 72.8 ms/window, 336 tok
s1_off small float16 ts=True b1 n=8: 455.1 ms, 56.9 ms/window, 667 tok
s1_off small float16 ts=True b5 n=1: 216.6 ms, 216.6 ms/window, 84 tok
s1_off small float16 ts=True b5 n=4: 365.0 ms, 91.2 ms/window, 347 tok
s1_off small float16 ts=True b5 n=8: 566.6 ms, 70.8 ms/window, 672 tok
s1_off small float16 ts=False b1 n=1: 35.1 ms, 35.1 ms/window, 5 tok
s1_off small float16 ts=False b1 n=4: 269.7 ms, 67.4 ms/window, 249 tok
s1_off small float16 ts=False b1 n=8: 410.9 ms, 51.4 ms/window, 506 tok
s1_off small float16 ts=False b5 n=1: 60.9 ms, 60.9 ms/window, 16 tok
s1_off small float16 ts=False b5 n=4: 294.5 ms, 73.6 ms/window, 173 tok
s1_off small float16 ts=False b5 n=8: 433.0 ms, 54.1 ms/window, 329 tok
s1_off small int8_float16 ts=True b1 n=1: 252.2 ms, 252.2 ms/window, 84 tok
s1_off small int8_float16 ts=True b1 n=4: 391.8 ms, 98.0 ms/window, 355 tok
s1_off small int8_float16 ts=True b1 n=8: 525.8 ms, 65.7 ms/window, 663 tok
s1_off small int8_float16 ts=True b5 n=1: 284.2 ms, 284.2 ms/window, 84 tok
s1_off small int8_float16 ts=True b5 n=4: 473.9 ms, 118.5 ms/window, 343 tok
s1_off small int8_float16 ts=True b5 n=8: 671.3 ms, 83.9 ms/window, 673 tok
s1_off small int8_float16 ts=False b1 n=1: 42.7 ms, 42.7 ms/window, 5 tok
s1_off small int8_float16 ts=False b1 n=4: 343.6 ms, 85.9 ms/window, 187 tok
s1_off small int8_float16 ts=False b1 n=8: 450.8 ms, 56.3 ms/window, 492 tok
s1_off small int8_float16 ts=False b5 n=1: 78.9 ms, 78.9 ms/window, 17 tok
s1_off small int8_float16 ts=False b5 n=4: 370.3 ms, 92.6 ms/window, 178 tok
s1_off small int8_float16 ts=False b5 n=8: 517.0 ms, 64.6 ms/window, 358 tok
s1_off large-v3 float16 ts=True b1 n=1: 202.2 ms, 202.2 ms/window, 11 tok
s1_off large-v3 float16 ts=True b1 n=4: 1206.5 ms, 301.6 ms/window, 252 tok
s1_off large-v3 float16 ts=True b1 n=8: 1917.5 ms, 239.7 ms/window, 568 tok
s1_off large-v3 float16 ts=True b5 n=1: 408.4 ms, 408.4 ms/window, 35 tok
s1_off large-v3 float16 ts=True b5 n=4: 1382.6 ms, 345.6 ms/window, 276 tok
s1_off large-v3 float16 ts=True b5 n=8: 2256.4 ms, 282.0 ms/window, 592 tok
s1_off large-v3 float16 ts=False b1 n=1: 292.6 ms, 292.6 ms/window, 26 tok
s1_off large-v3 float16 ts=False b1 n=4: 1165.2 ms, 291.3 ms/window, 255 tok
s1_off large-v3 float16 ts=False b1 n=8: 1832.4 ms, 229.1 ms/window, 555 tok
s1_off large-v3 float16 ts=False b5 n=1: 325.6 ms, 325.6 ms/window, 23 tok
s1_off large-v3 float16 ts=False b5 n=4: 1301.5 ms, 325.4 ms/window, 236 tok
s1_off large-v3 float16 ts=False b5 n=8: 2092.1 ms, 261.5 ms/window, 515 tok
s1_off large-v3 int8_float16 ts=True b1 n=1: 206.8 ms, 206.8 ms/window, 11 tok
s1_off large-v3 int8_float16 ts=True b1 n=4: 1212.8 ms, 303.2 ms/window, 252 tok
s1_off large-v3 int8_float16 ts=True b1 n=8: 1932.2 ms, 241.5 ms/window, 573 tok
s1_off large-v3 int8_float16 ts=True b5 n=1: 455.8 ms, 455.8 ms/window, 41 tok
s1_off large-v3 int8_float16 ts=True b5 n=4: 1478.1 ms, 369.5 ms/window, 252 tok
s1_off large-v3 int8_float16 ts=True b5 n=8: 2383.8 ms, 298.0 ms/window, 592 tok
s1_off large-v3 int8_float16 ts=False b1 n=1: 304.2 ms, 304.2 ms/window, 26 tok
s1_off large-v3 int8_float16 ts=False b1 n=4: 1168.5 ms, 292.1 ms/window, 255 tok
s1_off large-v3 int8_float16 ts=False b1 n=8: 1840.2 ms, 230.0 ms/window, 557 tok
s1_off large-v3 int8_float16 ts=False b5 n=1: 326.5 ms, 326.5 ms/window, 25 tok
s1_off large-v3 int8_float16 ts=False b5 n=4: 1416.4 ms, 354.1 ms/window, 237 tok
s1_off large-v3 int8_float16 ts=False b5 n=8: 2208.8 ms, 276.1 ms/window, 516 tok
wrote /opt/real/r6/s1_off.json 48
== s1 off done 10:06:11
s1_on small float16 ts=True b1 n=1: 166.7 ms, 166.7 ms/window, 84 tok
s1_on small float16 ts=True b1 n=4: 259.5 ms, 64.9 ms/window, 336 tok
s1_on small float16 ts=True b1 n=8: 380.9 ms, 47.6 ms/window, 667 tok
s1_on small float16 ts=True b5 n=1: 218.7 ms, 218.7 ms/window, 84 tok
s1_on small float16 ts=True b5 n=4: 351.9 ms, 88.0 ms/window, 347 tok
s1_on small float16 ts=True b5 n=8: 532.9 ms, 66.6 ms/window, 670 tok
s1_on small float16 ts=False b1 n=1: 23.8 ms, 23.8 ms/window, 5 tok
s1_on small float16 ts=False b1 n=4: 233.5 ms, 58.4 ms/window, 249 tok
s1_on small float16 ts=False b1 n=8: 330.9 ms, 41.4 ms/window, 506 tok
s1_on small float16 ts=False b5 n=1: 52.2 ms, 52.2 ms/window, 16 tok
s1_on small float16 ts=False b5 n=4: 274.3 ms, 68.6 ms/window, 173 tok
s1_on small float16 ts=False b5 n=8: 378.9 ms, 47.4 ms/window, 329 tok
s1_on small int8_float16 ts=True b1 n=1: 234.4 ms, 234.4 ms/window, 85 tok
s1_on small int8_float16 ts=True b1 n=4: 336.1 ms, 84.0 ms/window, 335 tok
s1_on small int8_float16 ts=True b1 n=8: 420.7 ms, 52.6 ms/window, 666 tok
s1_on small int8_float16 ts=True b5 n=1: 251.7 ms, 251.7 ms/window, 84 tok
s1_on small int8_float16 ts=True b5 n=4: 447.0 ms, 111.7 ms/window, 353 tok
s1_on small int8_float16 ts=True b5 n=8: 636.5 ms, 79.6 ms/window, 676 tok
s1_on small int8_float16 ts=False b1 n=1: 29.4 ms, 29.4 ms/window, 5 tok
s1_on small int8_float16 ts=False b1 n=4: 277.8 ms, 69.5 ms/window, 249 tok
s1_on small int8_float16 ts=False b1 n=8: 368.0 ms, 46.0 ms/window, 508 tok
s1_on small int8_float16 ts=False b5 n=1: 74.1 ms, 74.1 ms/window, 21 tok
s1_on small int8_float16 ts=False b5 n=4: 363.7 ms, 90.9 ms/window, 262 tok
s1_on small int8_float16 ts=False b5 n=8: 462.2 ms, 57.8 ms/window, 386 tok
s1_on large-v3 float16 ts=True b1 n=1: 152.4 ms, 152.4 ms/window, 11 tok
s1_on large-v3 float16 ts=True b1 n=4: 1032.9 ms, 258.2 ms/window, 252 tok
s1_on large-v3 float16 ts=True b1 n=8: 1558.2 ms, 194.8 ms/window, 568 tok
s1_on large-v3 float16 ts=True b5 n=1: 387.2 ms, 387.2 ms/window, 35 tok
s1_on large-v3 float16 ts=True b5 n=4: 1313.5 ms, 328.4 ms/window, 276 tok
s1_on large-v3 float16 ts=True b5 n=8: 2091.3 ms, 261.4 ms/window, 592 tok
s1_on large-v3 float16 ts=False b1 n=1: 253.4 ms, 253.4 ms/window, 26 tok
s1_on large-v3 float16 ts=False b1 n=4: 988.0 ms, 247.0 ms/window, 255 tok
s1_on large-v3 float16 ts=False b1 n=8: 1466.2 ms, 183.3 ms/window, 555 tok
s1_on large-v3 float16 ts=False b5 n=1: 300.9 ms, 300.9 ms/window, 23 tok
s1_on large-v3 float16 ts=False b5 n=4: 1221.0 ms, 305.2 ms/window, 237 tok
s1_on large-v3 float16 ts=False b5 n=8: 1924.0 ms, 240.5 ms/window, 515 tok
s1_on large-v3 int8_float16 ts=True b1 n=1: 154.8 ms, 154.8 ms/window, 11 tok
s1_on large-v3 int8_float16 ts=True b1 n=4: 1028.0 ms, 257.0 ms/window, 252 tok
s1_on large-v3 int8_float16 ts=True b1 n=8: 1561.6 ms, 195.2 ms/window, 570 tok
s1_on large-v3 int8_float16 ts=True b5 n=1: 386.5 ms, 386.5 ms/window, 35 tok
s1_on large-v3 int8_float16 ts=True b5 n=4: 1422.4 ms, 355.6 ms/window, 276 tok
s1_on large-v3 int8_float16 ts=True b5 n=8: 2221.0 ms, 277.6 ms/window, 593 tok
s1_on large-v3 int8_float16 ts=False b1 n=1: 259.9 ms, 259.9 ms/window, 26 tok
s1_on large-v3 int8_float16 ts=False b1 n=4: 982.0 ms, 245.5 ms/window, 255 tok
s1_on large-v3 int8_float16 ts=False b1 n=8: 1469.4 ms, 183.7 ms/window, 555 tok
s1_on large-v3 int8_float16 ts=False b5 n=1: 300.4 ms, 300.4 ms/window, 24 tok
s1_on large-v3 int8_float16 ts=False b5 n=4: 1330.8 ms, 332.7 ms/window, 237 tok
s1_on large-v3 int8_float16 ts=False b5 n=8: 2024.9 ms, 253.1 ms/window, 516 tok
wrote /opt/real/r6/s1_on.json 48
== s1 on done 10:11:17
