== s2_chain start 17:14:01
ctranslate2.__file__ = /home/ubuntu/w/r6/python/ctranslate2/__init__.py
ctranslate2.__file__ = /home/ubuntu/w/base/python/ctranslate2/__init__.py
base pad128 gather(total_ns,inst,avg_ns)=57110947,637,89656.1 all_kernels_ns=344320346 ctranslate2.__file__ = /home/ubuntu/w/base/python/ctranslate2/__init__.py  lib = /home/ubuntu/w/base/install/lib/libctranslate2.so.4.8.2 done ntok 84 
base pad448 gather(total_ns,inst,avg_ns)=207112762,637,325137.8 all_kernels_ns=499059344 ctranslate2.__file__ = /home/ubuntu/w/base/python/ctranslate2/__init__.py  lib = /home/ubuntu/w/base/install/lib/libctranslate2.so.4.8.2 done ntok 84 
GGDONE base
ctranslate2.__file__ = /home/ubuntu/w/r6/python/ctranslate2/__init__.py
s1 pad128 gather(total_ns,inst,avg_ns)=56950139,637,89403.7 all_kernels_ns=344074811 ctranslate2.__file__ = /home/ubuntu/w/r6/python/ctranslate2/__init__.py  lib = /home/ubuntu/w/r6/install/lib/libctranslate2.so.4.8.2 done ntok 84 
s1 pad448 gather(total_ns,inst,avg_ns)=206921135,637,324836.9 all_kernels_ns=498528576 ctranslate2.__file__ = /home/ubuntu/w/r6/python/ctranslate2/__init__.py  lib = /home/ubuntu/w/r6/install/lib/libctranslate2.so.4.8.2 done ntok 84 
GGDONE s1
s2 pad128 gather(total_ns,inst,avg_ns)=21621378,637,33942.5 all_kernels_ns=308715125 ctranslate2.__file__ = /home/ubuntu/w/r6/python/ctranslate2/__init__.py  lib = /home/ubuntu/w/r6s2/install/lib/libctranslate2.so.4.8.2 done ntok 84 
s2 pad448 gather(total_ns,inst,avg_ns)=22660516,637,35573.8 all_kernels_ns=314180465 ctranslate2.__file__ = /home/ubuntu/w/r6/python/ctranslate2/__init__.py  lib = /home/ubuntu/w/r6s2/install/lib/libctranslate2.so.4.8.2 done ntok 84 
GGDONE s2
prealloc     ('std:0', 5)              240.8 ->    216.4 -10.15% SAME
prealloc     ('std:1', 5)              212.6 ->    191.3 -10.03% SAME
prealloc     ('std:2', 5)              235.2 ->    211.1 -10.28% SAME
prealloc     ('std:3', 5)              262.8 ->    235.7 -10.29% SAME
prealloc     ('std:0:nots', 5)          65.4 ->     61.4  -6.20% SAME
prealloc     ('std:0', 1)              165.4 ->    165.7  +0.18% SAME
prealloc     ('std:1', 1)              153.7 ->    154.8  +0.68% SAME
prealloc     ('std:2', 1)              173.8 ->    174.0  +0.08% SAME
prealloc     ('std:3', 1)              168.8 ->    169.4  +0.38% SAME
prealloc     ('std:0:nots', 1)          35.3 ->     35.3  +0.06% SAME
prealloc_b4  ('b4', 5)                 474.5 ->    372.5 -21.48% SAME
padkv        ('std:0', 5)              254.3 ->    229.4  -9.82% SAME
padkv        ('std:1', 5)              224.6 ->    202.9  -9.67% SAME
padkv        ('std:2', 5)              250.6 ->    225.0 -10.20% SAME
padkv        ('std:3', 5)              278.2 ->    250.7  -9.90% SAME
padkv        ('std:0:nots', 5)          67.5 ->     63.2  -6.41% SAME
padkv        ('std:0', 1)              169.8 ->    169.9  +0.08% SAME
padkv        ('std:1', 1)              157.9 ->    157.3  -0.37% SAME
padkv        ('std:2', 1)              178.0 ->    178.5  +0.27% SAME
padkv        ('std:3', 1)              173.2 ->    173.4  +0.11% SAME
padkv        ('std:0:nots', 1)          35.6 ->     35.6  +0.00% SAME
padkv_b4     ('b4', 5)                 527.3 ->    423.5 -19.70% SAME
g128         ('std:0', 5)              201.6 ->    197.8  -1.87% SAME
g128         ('std:1', 5)              179.2 ->    175.7  -1.95% SAME
g128         ('std:2', 5)              196.5 ->    192.5  -2.05% SAME
g128         ('std:3', 5)              218.8 ->    215.2  -1.67% SAME
g128         ('std:0:nots', 5)          61.2 ->     60.6  -1.01% SAME
g128         ('std:0', 1)              150.1 ->    150.2  +0.06% SAME
g128         ('std:1', 1)              139.9 ->    139.9  +0.01% SAME
g128         ('std:2', 1)              157.2 ->    157.3  +0.05% SAME
g128         ('std:3', 1)              153.0 ->    153.1  +0.07% SAME
g128         ('std:0:nots', 1)          36.9 ->     36.9  +0.08% SAME
g128_b4      ('b4', 5)                 378.7 ->    360.5  -4.82% SAME
g448         ('std:0', 5)              233.6 ->    209.3 -10.39% SAME
g448         ('std:1', 5)              207.2 ->    186.1 -10.16% SAME
g448         ('std:2', 5)              230.5 ->    206.3 -10.53% SAME
g448         ('std:3', 5)              255.2 ->    228.4 -10.51% SAME
g448         ('std:0:nots', 5)          66.7 ->     62.7  -5.94% SAME
g448         ('std:0', 1)              154.6 ->    154.8  +0.13% SAME
g448         ('std:1', 1)              143.4 ->    143.4  -0.06% SAME
g448         ('std:2', 1)              162.0 ->    162.1  +0.07% SAME
g448         ('std:3', 1)              156.6 ->    156.7  +0.09% SAME
g448         ('std:0:nots', 1)          37.2 ->     37.2  +0.08% SAME
g448_b4      ('b4', 5)                 509.7 ->    409.4 -19.69% SAME
tiers        ('std:0', 5)              201.7 ->    197.8  -1.92% SAME
tiers        ('std:1', 5)              179.2 ->    176.7  -1.42% SAME
tiers        ('std:2', 5)              196.7 ->    192.6  -2.10% SAME
tiers        ('std:3', 5)              218.9 ->    215.2  -1.65% SAME
tiers        ('std:0:nots', 5)          61.1 ->     60.4  -1.11% SAME
tiers        ('dense:0', 5)            384.7 ->    380.8  -1.01% SAME
tiers        ('dense:1', 5)            417.4 ->    414.4  -0.72% SAME
tiers        ('dense:3', 5)            384.3 ->    380.5  -0.99% SAME
tiers        ('prev:192', 5)           208.8 ->    208.3  -0.26% SAME
tiers        ('std:0', 1)              150.4 ->    150.4  +0.05% SAME
tiers        ('std:1', 1)              140.0 ->    140.3  +0.21% SAME
tiers        ('std:2', 1)              157.3 ->    157.7  +0.24% SAME
tiers        ('std:3', 1)              153.0 ->    153.4  +0.25% SAME
tiers        ('std:0:nots', 1)          36.1 ->     36.1  +0.22% SAME
tiers        ('dense:0', 1)            293.9 ->    294.9  +0.33% SAME
tiers        ('dense:1', 1)            320.4 ->    320.6  +0.04% SAME
tiers        ('dense:3', 1)            295.5 ->    295.5  +0.00% SAME
tiers        ('prev:192', 1)           156.5 ->    157.3  +0.51% SAME
tiers_b4     ('b4', 5)                 378.7 ->    364.5  -3.75% SAME
G2 diffs: 0
tiers        ('prev:192', 1)           156.5 ->    157.3  +0.50% SAME
tiers_b4     ('b4', 5)                 378.5 ->    364.5  -3.69% SAME
G2 diffs: 0
nsys_N_base_cuda_gpu_kern_sum.csv:11.8,65149494,176,370167.6,386080.5,234976,389856,36522.2,"ctranslate2::ops::gather_ro
nsys_N_s1_cuda_gpu_kern_sum.csv:0.3,1287586,176,7315.8,6576.0,3072,11904,2480.5,"ctranslate2::ops::gather_rows_kernel(ct
nsys_N_s2_cuda_gpu_kern_sum.csv:0.3,1292544,176,7344.0,6624.0,3072,11840,2494.8,"ctranslate2::ops::gather_rows_kernel(ct
base_off.json -> s2_off.json: 48 cfgs, tokens identical 48/48, median +0.1%, range -0.5..+1.3%
   -11.9%  ('large-v3', 'int8_float16', False, 5, 1)  340.4 -> 300.1
   -11.7%  ('large-v3', 'float16', False, 5, 1)  340.5 -> 300.7
    -9.5%  ('small', 'float16', False, 5, 1)  57.6 -> 52.1
s1_off.json -> s2_off.json: 48 cfgs, tokens identical 48/48, median -0.0%, range -1.5..+0.4%
s1_on.json -> s2_on.json: 48 cfgs, tokens identical 48/48, median -0.1%, range -0.5..+1.9%
S2CHAIN_DONE s2 17:32:13
