== s2 start 17:21:22 tree=r6s2 env: 
ctranslate2.__file__ = /home/ubuntu/w/r6/python/ctranslate2/__init__.py
-rw-r--r-- 1 ubuntu ubuntu 168305608 11:44 /home/ubuntu/w/r6s2/install/lib/libctranslate2.so.4.8.2
90f72436 docs: round-5 review caveats, post-review fixes and final bench artifacts
 M include/ctranslate2/layers/attention.h
 M include/ctranslate2/layers/attention_layer.h
 M include/ctranslate2/layers/decoder.h
 M include/ctranslate2/layers/flash_attention.h
 M include/ctranslate2/layers/transformer.h
 M include/ctranslate2/ops/gather.h
 M src/layers/decoder.cc
 M src/layers/transformer.cc
 M src/ops/gather.cc
 M src/ops/gather_gpu.cu
s2_off small float16 ts=True b1 n=1: 164.1 ms, 164.1 ms/window, 84 tok
s2_off small float16 ts=True b1 n=4: 291.6 ms, 72.9 ms/window, 336 tok
s2_off small float16 ts=True b1 n=8: 455.6 ms, 56.9 ms/window, 667 tok
s2_off small float16 ts=True b5 n=1: 216.6 ms, 216.6 ms/window, 84 tok
s2_off small float16 ts=True b5 n=4: 365.1 ms, 91.3 ms/window, 347 tok
s2_off small float16 ts=True b5 n=8: 566.7 ms, 70.8 ms/window, 672 tok
s2_off small float16 ts=False b1 n=1: 35.2 ms, 35.2 ms/window, 5 tok
s2_off small float16 ts=False b1 n=4: 270.6 ms, 67.7 ms/window, 249 tok
s2_off small float16 ts=False b1 n=8: 411.5 ms, 51.4 ms/window, 506 tok
s2_off small float16 ts=False b5 n=1: 60.5 ms, 60.5 ms/window, 16 tok
s2_off small float16 ts=False b5 n=4: 295.1 ms, 73.8 ms/window, 173 tok
s2_off small float16 ts=False b5 n=8: 433.2 ms, 54.2 ms/window, 329 tok
s2_off small int8_float16 ts=True b1 n=1: 252.2 ms, 252.2 ms/window, 84 tok
s2_off small int8_float16 ts=True b1 n=4: 393.1 ms, 98.3 ms/window, 355 tok
s2_off small int8_float16 ts=True b1 n=8: 526.3 ms, 65.8 ms/window, 663 tok
s2_off small int8_float16 ts=True b5 n=1: 280.1 ms, 280.1 ms/window, 84 tok
s2_off small int8_float16 ts=True b5 n=4: 472.0 ms, 118.0 ms/window, 343 tok
s2_off small int8_float16 ts=True b5 n=8: 666.6 ms, 83.3 ms/window, 673 tok
s2_off small int8_float16 ts=False b1 n=1: 42.0 ms, 42.0 ms/window, 5 tok
s2_off small int8_float16 ts=False b1 n=4: 339.0 ms, 84.8 ms/window, 187 tok
s2_off small int8_float16 ts=False b1 n=8: 449.3 ms, 56.2 ms/window, 492 tok
s2_off small int8_float16 ts=False b5 n=1: 78.7 ms, 78.7 ms/window, 17 tok
s2_off small int8_float16 ts=False b5 n=4: 368.8 ms, 92.2 ms/window, 178 tok
s2_off small int8_float16 ts=False b5 n=8: 514.6 ms, 64.3 ms/window, 358 tok
s2_off large-v3 float16 ts=True b1 n=1: 202.2 ms, 202.2 ms/window, 11 tok
s2_off large-v3 float16 ts=True b1 n=4: 1207.2 ms, 301.8 ms/window, 252 tok
s2_off large-v3 float16 ts=True b1 n=8: 1917.1 ms, 239.6 ms/window, 568 tok
s2_off large-v3 float16 ts=True b5 n=1: 407.5 ms, 407.5 ms/window, 35 tok
s2_off large-v3 float16 ts=True b5 n=4: 1379.7 ms, 344.9 ms/window, 276 tok
s2_off large-v3 float16 ts=True b5 n=8: 2251.7 ms, 281.5 ms/window, 592 tok
s2_off large-v3 float16 ts=False b1 n=1: 292.9 ms, 292.9 ms/window, 26 tok
s2_off large-v3 float16 ts=False b1 n=4: 1163.0 ms, 290.8 ms/window, 255 tok
s2_off large-v3 float16 ts=False b1 n=8: 1828.6 ms, 228.6 ms/window, 555 tok
s2_off large-v3 float16 ts=False b5 n=1: 326.1 ms, 326.1 ms/window, 23 tok
s2_off large-v3 float16 ts=False b5 n=4: 1301.2 ms, 325.3 ms/window, 236 tok
s2_off large-v3 float16 ts=False b5 n=8: 2094.5 ms, 261.8 ms/window, 515 tok
s2_off large-v3 int8_float16 ts=True b1 n=1: 206.8 ms, 206.8 ms/window, 11 tok
s2_off large-v3 int8_float16 ts=True b1 n=4: 1211.1 ms, 302.8 ms/window, 252 tok
s2_off large-v3 int8_float16 ts=True b1 n=8: 1929.2 ms, 241.1 ms/window, 573 tok
s2_off large-v3 int8_float16 ts=True b5 n=1: 455.0 ms, 455.0 ms/window, 41 tok
s2_off large-v3 int8_float16 ts=True b5 n=4: 1478.7 ms, 369.7 ms/window, 252 tok
s2_off large-v3 int8_float16 ts=True b5 n=8: 2384.9 ms, 298.1 ms/window, 592 tok
s2_off large-v3 int8_float16 ts=False b1 n=1: 303.2 ms, 303.2 ms/window, 26 tok
s2_off large-v3 int8_float16 ts=False b1 n=4: 1169.5 ms, 292.4 ms/window, 255 tok
s2_off large-v3 int8_float16 ts=False b1 n=8: 1837.3 ms, 229.7 ms/window, 557 tok
s2_off large-v3 int8_float16 ts=False b5 n=1: 326.4 ms, 326.4 ms/window, 25 tok
s2_off large-v3 int8_float16 ts=False b5 n=4: 1418.8 ms, 354.7 ms/window, 237 tok
s2_off large-v3 int8_float16 ts=False b5 n=8: 2208.4 ms, 276.1 ms/window, 516 tok
wrote /opt/real/r6/s2_off.json 48
== s2 off done 17:27:07
s2_on small float16 ts=True b1 n=1: 166.6 ms, 166.6 ms/window, 84 tok
s2_on small float16 ts=True b1 n=4: 258.8 ms, 64.7 ms/window, 336 tok
s2_on small float16 ts=True b1 n=8: 380.0 ms, 47.5 ms/window, 667 tok
s2_on small float16 ts=True b5 n=1: 217.7 ms, 217.7 ms/window, 84 tok
s2_on small float16 ts=True b5 n=4: 351.4 ms, 87.8 ms/window, 347 tok
s2_on small float16 ts=True b5 n=8: 532.3 ms, 66.5 ms/window, 670 tok
s2_on small float16 ts=False b1 n=1: 23.8 ms, 23.8 ms/window, 5 tok
s2_on small float16 ts=False b1 n=4: 233.4 ms, 58.4 ms/window, 249 tok
s2_on small float16 ts=False b1 n=8: 330.7 ms, 41.3 ms/window, 506 tok
s2_on small float16 ts=False b5 n=1: 52.1 ms, 52.1 ms/window, 16 tok
s2_on small float16 ts=False b5 n=4: 273.7 ms, 68.4 ms/window, 173 tok
s2_on small float16 ts=False b5 n=8: 378.2 ms, 47.3 ms/window, 329 tok
s2_on small int8_float16 ts=True b1 n=1: 235.0 ms, 235.0 ms/window, 85 tok
s2_on small int8_float16 ts=True b1 n=4: 336.2 ms, 84.1 ms/window, 335 tok
s2_on small int8_float16 ts=True b1 n=8: 419.6 ms, 52.5 ms/window, 666 tok
s2_on small int8_float16 ts=True b5 n=1: 254.1 ms, 254.1 ms/window, 84 tok
s2_on small int8_float16 ts=True b5 n=4: 446.8 ms, 111.7 ms/window, 353 tok
s2_on small int8_float16 ts=True b5 n=8: 635.6 ms, 79.5 ms/window, 676 tok
s2_on small int8_float16 ts=False b1 n=1: 29.4 ms, 29.4 ms/window, 5 tok
s2_on small int8_float16 ts=False b1 n=4: 280.5 ms, 70.1 ms/window, 249 tok
s2_on small int8_float16 ts=False b1 n=8: 368.3 ms, 46.0 ms/window, 508 tok
s2_on small int8_float16 ts=False b5 n=1: 75.5 ms, 75.5 ms/window, 21 tok
s2_on small int8_float16 ts=False b5 n=4: 363.2 ms, 90.8 ms/window, 262 tok
s2_on small int8_float16 ts=False b5 n=8: 461.8 ms, 57.7 ms/window, 386 tok
s2_on large-v3 float16 ts=True b1 n=1: 152.4 ms, 152.4 ms/window, 11 tok
s2_on large-v3 float16 ts=True b1 n=4: 1032.6 ms, 258.1 ms/window, 252 tok
s2_on large-v3 float16 ts=True b1 n=8: 1557.8 ms, 194.7 ms/window, 568 tok
s2_on large-v3 float16 ts=True b5 n=1: 387.0 ms, 387.0 ms/window, 35 tok
s2_on large-v3 float16 ts=True b5 n=4: 1313.5 ms, 328.4 ms/window, 276 tok
s2_on large-v3 float16 ts=True b5 n=8: 2091.7 ms, 261.5 ms/window, 592 tok
s2_on large-v3 float16 ts=False b1 n=1: 253.7 ms, 253.7 ms/window, 26 tok
s2_on large-v3 float16 ts=False b1 n=4: 987.4 ms, 246.8 ms/window, 255 tok
s2_on large-v3 float16 ts=False b1 n=8: 1465.6 ms, 183.2 ms/window, 555 tok
s2_on large-v3 float16 ts=False b5 n=1: 300.7 ms, 300.7 ms/window, 23 tok
s2_on large-v3 float16 ts=False b5 n=4: 1219.5 ms, 304.9 ms/window, 237 tok
s2_on large-v3 float16 ts=False b5 n=8: 1925.1 ms, 240.6 ms/window, 515 tok
s2_on large-v3 int8_float16 ts=True b1 n=1: 154.6 ms, 154.6 ms/window, 11 tok
s2_on large-v3 int8_float16 ts=True b1 n=4: 1027.6 ms, 256.9 ms/window, 252 tok
s2_on large-v3 int8_float16 ts=True b1 n=8: 1562.4 ms, 195.3 ms/window, 570 tok
s2_on large-v3 int8_float16 ts=True b5 n=1: 386.3 ms, 386.3 ms/window, 35 tok
s2_on large-v3 int8_float16 ts=True b5 n=4: 1421.6 ms, 355.4 ms/window, 276 tok
s2_on large-v3 int8_float16 ts=True b5 n=8: 2218.3 ms, 277.3 ms/window, 593 tok
s2_on large-v3 int8_float16 ts=False b1 n=1: 260.2 ms, 260.2 ms/window, 26 tok
s2_on large-v3 int8_float16 ts=False b1 n=4: 981.7 ms, 245.4 ms/window, 255 tok
s2_on large-v3 int8_float16 ts=False b1 n=8: 1469.2 ms, 183.7 ms/window, 555 tok
s2_on large-v3 int8_float16 ts=False b5 n=1: 300.1 ms, 300.1 ms/window, 24 tok
s2_on large-v3 int8_float16 ts=False b5 n=4: 1330.6 ms, 332.7 ms/window, 237 tok
s2_on large-v3 int8_float16 ts=False b5 n=8: 2023.8 ms, 253.0 ms/window, 516 tok
wrote /opt/real/r6/s2_on.json 48
== s2 on done 17:32:13
